Component: ARM Compiler 5.06 update 5 (build 528) Tool: armlink [4d35e2]

==============================================================================

Section Cross References

    startup_stm32f407xx.o(STACK) refers (Special) to heapauxi.o(.text) for __use_two_region_memory
    startup_stm32f407xx.o(HEAP) refers (Special) to heapauxi.o(.text) for __use_two_region_memory
    startup_stm32f407xx.o(RESET) refers (Special) to heapauxi.o(.text) for __use_two_region_memory
    startup_stm32f407xx.o(RESET) refers to startup_stm32f407xx.o(STACK) for __initial_sp
    startup_stm32f407xx.o(RESET) refers to startup_stm32f407xx.o(.text) for Reset_Handler
    startup_stm32f407xx.o(RESET) refers to stm32f4xx_it.o(i.NMI_Handler) for NMI_Handler
    startup_stm32f407xx.o(RESET) refers to stm32f4xx_it.o(i.HardFault_Handler) for HardFault_Handler
    startup_stm32f407xx.o(RESET) refers to stm32f4xx_it.o(i.MemManage_Handler) for MemManage_Handler
    startup_stm32f407xx.o(RESET) refers to stm32f4xx_it.o(i.BusFault_Handler) for BusFault_Handler
    startup_stm32f407xx.o(RESET) refers to stm32f4xx_it.o(i.UsageFault_Handler) for UsageFault_Handler
    startup_stm32f407xx.o(RESET) refers to port.o(.emb_text) for SVC_Handler
    startup_stm32f407xx.o(RESET) refers to stm32f4xx_it.o(i.DebugMon_Handler) for DebugMon_Handler
    startup_stm32f407xx.o(RESET) refers to port.o(i.SysTick_Handler) for SysTick_Handler
    startup_stm32f407xx.o(RESET) refers to stm32f4xx_it.o(i.DMA1_Stream1_IRQHandler) for DMA1_Stream1_IRQHandler
    startup_stm32f407xx.o(RESET) refers to stm32f4xx_it.o(i.CAN1_TX_IRQHandler) for CAN1_TX_IRQHandler
    startup_stm32f407xx.o(RESET) refers to stm32f4xx_it.o(i.CAN1_RX0_IRQHandler) for CAN1_RX0_IRQHandler
    startup_stm32f407xx.o(RESET) refers to stm32f4xx_it.o(i.CAN1_RX1_IRQHandler) for CAN1_RX1_IRQHandler
    startup_stm32f407xx.o(RESET) refers to stm32f4xx_it.o(i.USART1_IRQHandler) for USART1_IRQHandler
    startup_stm32f407xx.o(RESET) refers to remote_control.o(i.USART3_IRQHandler) for USART3_IRQHandler
    startup_stm32f407xx.o(RESET) refers to stm32f4xx_it.o(i.TIM5_IRQHandler) for TIM5_IRQHandler
    startup_stm32f407xx.o(RESET) refers to stm32f4xx_it.o(i.TIM6_DAC_IRQHandler) for TIM6_DAC_IRQHandler
    startup_stm32f407xx.o(RESET) refers to stm32f4xx_it.o(i.DMA2_Stream1_IRQHandler) for DMA2_Stream1_IRQHandler
    startup_stm32f407xx.o(RESET) refers to stm32f4xx_it.o(i.DMA2_Stream2_IRQHandler) for DMA2_Stream2_IRQHandler
    startup_stm32f407xx.o(RESET) refers to stm32f4xx_it.o(i.DMA2_Stream3_IRQHandler) for DMA2_Stream3_IRQHandler
    startup_stm32f407xx.o(RESET) refers to stm32f4xx_it.o(i.CAN2_RX0_IRQHandler) for CAN2_RX0_IRQHandler
    startup_stm32f407xx.o(RESET) refers to stm32f4xx_it.o(i.CAN2_RX1_IRQHandler) for CAN2_RX1_IRQHandler
    startup_stm32f407xx.o(RESET) refers to stm32f4xx_it.o(i.DMA2_Stream6_IRQHandler) for DMA2_Stream6_IRQHandler
    startup_stm32f407xx.o(RESET) refers to referee.o(i.USART6_IRQHandler) for USART6_IRQHandler
    startup_stm32f407xx.o(.text) refers (Special) to heapauxi.o(.text) for __use_two_region_memory
    startup_stm32f407xx.o(.text) refers to system_stm32f4xx.o(i.SystemInit) for SystemInit
    startup_stm32f407xx.o(.text) refers to __main.o(!!!main) for __main
    startup_stm32f407xx.o(.text) refers to startup_stm32f407xx.o(HEAP) for Heap_Mem
    startup_stm32f407xx.o(.text) refers to startup_stm32f407xx.o(STACK) for Stack_Mem
    main.o(i.HAL_TIM_PeriodElapsedCallback) refers to stm32f4xx_hal.o(i.HAL_IncTick) for HAL_IncTick
    main.o(i.HAL_TIM_PeriodElapsedCallback) refers to trig_task.o(.bss) for trig_control
    main.o(i.HAL_TIM_PeriodElapsedCallback) refers to main.o(.data) for .data
    main.o(i.HAL_TIM_PeriodElapsedCallback) refers to communicate_task.o(.bss) for gimbal_data
    main.o(i.SystemClock_Config) refers to rt_memclr_w.o(.text) for __aeabi_memclr4
    main.o(i.SystemClock_Config) refers to stm32f4xx_hal_rcc.o(i.HAL_RCC_OscConfig) for HAL_RCC_OscConfig
    main.o(i.SystemClock_Config) refers to stm32f4xx_hal_rcc.o(i.HAL_RCC_ClockConfig) for HAL_RCC_ClockConfig
    main.o(i.main) refers to stm32f4xx_hal.o(i.HAL_Init) for HAL_Init
    main.o(i.main) refers to main.o(i.SystemClock_Config) for SystemClock_Config
    main.o(i.main) refers to gpio.o(i.MX_GPIO_Init) for MX_GPIO_Init
    main.o(i.main) refers to dma.o(i.MX_DMA_Init) for MX_DMA_Init
    main.o(i.main) refers to can.o(i.MX_CAN1_Init) for MX_CAN1_Init
    main.o(i.main) refers to can.o(i.MX_CAN2_Init) for MX_CAN2_Init
    main.o(i.main) refers to spi.o(i.MX_SPI1_Init) for MX_SPI1_Init
    main.o(i.main) refers to usart.o(i.MX_USART1_UART_Init) for MX_USART1_UART_Init
    main.o(i.main) refers to usart.o(i.MX_USART3_UART_Init) for MX_USART3_UART_Init
    main.o(i.main) refers to usart.o(i.MX_USART6_UART_Init) for MX_USART6_UART_Init
    main.o(i.main) refers to tim.o(i.MX_TIM4_Init) for MX_TIM4_Init
    main.o(i.main) refers to tim.o(i.MX_TIM5_Init) for MX_TIM5_Init
[...]
    pvPortMalloc                             0x0800a3dd   Thumb Code   216  heap_4.o(i.pvPortMalloc)
    pxPortInitialiseStack                    0x0800a4b9   Thumb Code    40  port.o(i.pxPortInitialiseStack)
    referee_init                             0x0800a4e5   Thumb Code   208  bsp_usart.o(i.referee_init)
    remote_control_init                      0x0800a5cd   Thumb Code    12  remote_control.o(i.remote_control_init)
    sqrt                                     0x0800a691   Thumb Code   110  sqrt_full.o(i.sqrt)
    sqrtf                                    0x0800a6ff   Thumb Code    62  sqrtf_full.o(i.sqrtf)
    toe_is_error                             0x0800a73d   Thumb Code    18  detect_task.o(i.toe_is_error)
    trig_detect                              0x0800a7f5   Thumb Code     6  trig_task.o(i.trig_detect)
    trig_task                                0x0800a8e9   Thumb Code   232  trig_task.o(i.trig_task)
    ui_init                                  0x0800a9e9   Thumb Code    36  ui_task.o(i.ui_init)
    ui_proc_1_frame                          0x0800aa15   Thumb Code    76  ui_interface.o(i.ui_proc_1_frame)
    ui_proc_2_frame                          0x0800aa65   Thumb Code    78  ui_interface.o(i.ui_proc_2_frame)
    ui_proc_5_frame                          0x0800aab9   Thumb Code    78  ui_interface.o(i.ui_proc_5_frame)
    ui_proc_7_frame                          0x0800ab0d   Thumb Code    78  ui_interface.o(i.ui_proc_7_frame)
    ui_task                                  0x0800ab61   Thumb Code    54  ui_task.o(i.ui_task)
    uxListRemove                             0x0800ab9d   Thumb Code    38  list.o(i.uxListRemove)
    vApplicationGetIdleTaskMemory            0x0800abc5   Thumb Code    16  freertos.o(i.vApplicationGetIdleTaskMemory)
    vApplicationGetTimerTaskMemory           0x0800abd9   Thumb Code    18  freertos.o(i.vApplicationGetTimerTaskMemory)
    vListInitialise                          0x0800abf1   Thumb Code    22  list.o(i.vListInitialise)
    vListInitialiseItem                      0x0800ac07   Thumb Code     6  list.o(i.vListInitialiseItem)
    vListInsert                              0x0800ac0d   Thumb Code    48  list.o(i.vListInsert)
    vListInsertEnd                           0x0800ac3d   Thumb Code    24  list.o(i.vListInsertEnd)
    vPortEnterCritical                       0x0800ac55   Thumb Code    54  port.o(i.vPortEnterCritical)
    vPortExitCritical                        0x0800ac95   Thumb Code    34  port.o(i.vPortExitCritical)
    vPortFree                                0x0800acbd   Thumb Code    94  heap_4.o(i.vPortFree)
    vPortSetupTimerInterrupt                 0x0800ad21   Thumb Code    32  port.o(i.vPortSetupTimerInterrupt)
    vPortValidateInterruptPriority           0x0800ad45   Thumb Code    74  port.o(i.vPortValidateInterruptPriority)
    vQueueAddToRegistry                      0x0800ad99   Thumb Code    34  queue.o(i.vQueueAddToRegistry)
    vQueueWaitForMessageRestricted           0x0800adc1   Thumb Code    68  queue.o(i.vQueueWaitForMessageRestricted)
    vTaskDelay                               0x0800ae05   Thumb Code    66  tasks.o(i.vTaskDelay)
    vTaskDelete                              0x0800ae51   Thumb Code   158  tasks.o(i.vTaskDelete)
    vTaskInternalSetTimeOutState             0x0800aefd   Thumb Code    12  tasks.o(i.vTaskInternalSetTimeOutState)
    vTaskMissedYield                         0x0800af0d   Thumb Code     8  tasks.o(i.vTaskMissedYield)
    vTaskPlaceOnEventList                    0x0800af19   Thumb Code    44  tasks.o(i.vTaskPlaceOnEventList)
    vTaskPlaceOnEventListRestricted          0x0800af49   Thumb Code    52  tasks.o(i.vTaskPlaceOnEventListRestricted)
    vTaskStartScheduler                      0x0800af81   Thumb Code   118  tasks.o(i.vTaskStartScheduler)
    vTaskSuspendAll                          0x0800b009   Thumb Code    10  tasks.o(i.vTaskSuspendAll)
    vTaskSwitchContext                       0x0800b019   Thumb Code    82  tasks.o(i.vTaskSwitchContext)
    vofa_justfloat                           0x0800b075   Thumb Code    64  vofa_task.o(i.vofa_justfloat)
    vofa_task                                0x0800b0b5   Thumb Code    56  vofa_task.o(i.vofa_task)
    xPortStartScheduler                      0x0800b0f5   Thumb Code   222  port.o(i.xPortStartScheduler)
    xQueueGenericCreateStatic                0x0800b1e9   Thumb Code   102  queue.o(i.xQueueGenericCreateStatic)
    xQueueGenericReset                       0x0800b251   Thumb Code   132  queue.o(i.xQueueGenericReset)
    xQueueGenericSend                        0x0800b2d9   Thumb Code   346  queue.o(i.xQueueGenericSend)
    xQueueGenericSendFromISR                 0x0800b439   Thumb Code   190  queue.o(i.xQueueGenericSendFromISR)
    xQueueReceive                            0x0800b4f9   Thumb Code   308  queue.o(i.xQueueReceive)
    xTaskCheckForTimeOut                     0x0800b631   Thumb Code   112  tasks.o(i.xTaskCheckForTimeOut)
    xTaskCreate                              0x0800b6a5   Thumb Code    90  tasks.o(i.xTaskCreate)
    xTaskCreateStatic                        0x0800b6ff   Thumb Code    86  tasks.o(i.xTaskCreateStatic)
    xTaskGetSchedulerState                   0x0800b755   Thumb Code    22  tasks.o(i.xTaskGetSchedulerState)
    xTaskGetTickCount                        0x0800b771   Thumb Code     6  tasks.o(i.xTaskGetTickCount)
    xTaskIncrementTick                       0x0800b77d   Thumb Code   194  tasks.o(i.xTaskIncrementTick)
    xTaskPriorityDisinherit                  0x0800b849   Thumb Code   144  tasks.o(i.xTaskPriorityDisinherit)
    xTaskRemoveFromEventList                 0x0800b8e1   Thumb Code   108  tasks.o(i.xTaskRemoveFromEventList)
    xTaskResumeAll                           0x0800b955   Thumb Code   182  tasks.o(i.xTaskResumeAll)
    xTimerCreateTimerTask                    0x0800ba19   Thumb Code    78  timers.o(i.xTimerCreateTimerTask)
    xTimerGenericCommand                     0x0800ba79   Thumb Code    92  timers.o(i.xTimerGenericCommand)
    zero_to_one_loop                         0x0800bad9   Thumb Code    30  ui_task.o(i.zero_to_one_loop)
    __aeabi_dneg                             0x0800baf7   Thumb Code     0  basic.o(x$fpl$basic)
    _dneg                                    0x0800baf7   Thumb Code     6  basic.o(x$fpl$basic)
    __aeabi_fneg                             0x0800bafd   Thumb Code     0  basic.o(x$fpl$basic)
    _fneg                                    0x0800bafd   Thumb Code     6  basic.o(x$fpl$basic)
    _dabs                                    0x0800bb03   Thumb Code     6  basic.o(x$fpl$basic)
    _fabs                                    0x0800bb09   Thumb Code     6  basic.o(x$fpl$basic)
    __aeabi_d2f                              0x0800bb11   Thumb Code     0  d2f_clz.o(x$fpl$d2f)
    _d2f                                     0x0800bb11   Thumb Code   700  d2f_clz.o(x$fpl$d2f)
    __aeabi_dadd                             0x0800bdd5   Thumb Code     0  daddsub_clz.o(x$fpl$dadd)
    _dadd                                    0x0800bdd5   Thumb Code   580  daddsub_clz.o(x$fpl$dadd)
    __fpl_dcheck_NaN1                        0x0800c021   Thumb Code    28  dcheck1.o(x$fpl$dcheck1)
    __fpl_dcmp_Inf                           0x0800c03d   Thumb Code    24  dcmpi.o(x$fpl$dcmpinf)
    __aeabi_ddiv                             0x0800c055   Thumb Code     0  ddiv_clz.o(x$fpl$ddiv)
    _ddiv                                    0x0800c055   Thumb Code   748  ddiv_clz.o(x$fpl$ddiv)
    __aeabi_d2iz                             0x0800c3d1   Thumb Code     0  dfix.o(x$fpl$dfix)
    _dfix                                    0x0800c3d1   Thumb Code   192  dfix.o(x$fpl$dfix)
    __aeabi_i2d                              0x0800c499   Thumb Code     0  dflt_clz.o(x$fpl$dflt)
    _dflt                                    0x0800c499   Thumb Code    46  dflt_clz.o(x$fpl$dflt)
    __dflt_normalise                         0x0800c4c7   Thumb Code    26  dflt_clz.o(x$fpl$dfltn)
    __aeabi_ui2d                             0x0800c4e1   Thumb Code     0  dflt_clz.o(x$fpl$dfltu)
    _dfltu                                   0x0800c4e1   Thumb Code    38  dflt_clz.o(x$fpl$dfltu)
    __aeabi_cdcmple                          0x0800c509   Thumb Code     0  dleqf.o(x$fpl$dleqf)
    _dcmple                                  0x0800c509   Thumb Code   120  dleqf.o(x$fpl$dleqf)
    __fpl_dcmple_InfNaN                      0x0800c561   Thumb Code     0  dleqf.o(x$fpl$dleqf)
    __aeabi_dmul                             0x0800c581   Thumb Code     0  dmul_clz.o(x$fpl$dmul)
    _dmul                                    0x0800c581   Thumb Code   440  dmul_clz.o(x$fpl$dmul)
    __fpl_dnaninf                            0x0800c741   Thumb Code   258  dnaninf.o(x$fpl$dnaninf)
    __fpl_drenorm2                           0x0800c843   Thumb Code   106  drenorm_clz.o(x$fpl$drenorm)
    __fpl_drenorm1                           0x0800c8ad   Thumb Code     6  drenorm_clz.o(x$fpl$drenorm)
    __fpl_dretinf                            0x0800c8b3   Thumb Code    12  dretinf.o(x$fpl$dretinf)
    __aeabi_cdrcmple                         0x0800c8bf   Thumb Code     0  drleqf.o(x$fpl$drleqf)
    _drcmple                                 0x0800c8bf   Thumb Code    98  drleqf.o(x$fpl$drleqf)
    __aeabi_drsub                            0x0800c921   Thumb Code     0  daddsub_clz.o(x$fpl$drsb)
    _drsb                                    0x0800c921   Thumb Code    74  daddsub_clz.o(x$fpl$drsb)
    _dsqrt                                   0x0800c971   Thumb Code   520  dsqrt_umaalclz.o(x$fpl$dsqrt)
    __aeabi_dsub                             0x0800cb79   Thumb Code     0  daddsub_clz.o(x$fpl$dsub)
    _dsub                                    0x0800cb79   Thumb Code   664  daddsub_clz.o(x$fpl$dsub)
    __dunder                                 0x0800ce15   Thumb Code   314  dunder_clz.o(x$fpl$dunder)
    __dunder_d                               0x0800cf4f   Thumb Code    64  dunder_clz.o(x$fpl$dunder)
    __fpl_exception                          0x0800cf91   Thumb Code   454  except.o(x$fpl$exception)
    __aeabi_f2d                              0x0800d17d   Thumb Code     0  f2d.o(x$fpl$f2d)
    _f2d                                     0x0800d17d   Thumb Code   122  f2d.o(x$fpl$f2d)
    __aeabi_ul2f                             0x0800d1f7   Thumb Code     0  ffltll_clz.o(x$fpl$ffltll)
    _ll_uto_f                                0x0800d1f7   Thumb Code     6  ffltll_clz.o(x$fpl$ffltll)
    __aeabi_l2f                              0x0800d1fd   Thumb Code     0  ffltll_clz.o(x$fpl$ffltll)
    _ll_sto_f                                0x0800d1fd   Thumb Code   152  ffltll_clz.o(x$fpl$ffltll)
    __fpl_fnaninf                            0x0800d295   Thumb Code   242  fnaninf.o(x$fpl$fnaninf)
    _fp_init                                 0x0800d387   Thumb Code    10  fpinit.o(x$fpl$fpinit)
    __fplib_config_fpu_vfp                   0x0800d38f   Thumb Code     0  fpinit.o(x$fpl$fpinit)
    __fplib_config_pureend_doubles           0x0800d38f   Thumb Code     0  fpinit.o(x$fpl$fpinit)
    __fpl_fretinf                            0x0800d391   Thumb Code    10  fretinf.o(x$fpl$fretinf)
    __funder                                 0x0800d39b   Thumb Code   254  funder_clz.o(x$fpl$funder)
    __funder_d                               0x0800d499   Thumb Code    62  funder_clz.o(x$fpl$funder)
    __fpl_return_NaN                         0x0800d4d7   Thumb Code   178  retnan.o(x$fpl$retnan)
    __ARM_scalbn                             0x0800d589   Thumb Code   270  scalbn_clz.o(x$fpl$scalbn)
    _fp_trapveneer                           0x0800d69d   Thumb Code    36  trapv.o(x$fpl$trapveneer)
    __fpl_cmpreturn                          0x0800d6c1   Thumb Code    90  trapv.o(x$fpl$trapveneer)
    __I$use$fp                               0x0800d71a   Number         0  usenofp.o(x$fpl$usenofp)
    AHBPrescTable                            0x0800d804   Data          16  system_stm32f4xx.o(.constdata)
    APBPrescTable                            0x0800d814   Data           8  system_stm32f4xx.o(.constdata)
    CRC8_TAB                                 0x0800d894   Data         256  crc8_crc16.o(.constdata)
    wCRC_Table                               0x0800d994   Data         512  crc8_crc16.o(.constdata)
    CRC8_TAB_UI                              0x0800db94   Data         256  ui_interface.o(.constdata)
    wCRC_Table_UI                            0x0800dc94   Data         512  ui_interface.o(.constdata)
    sinTable_f32                             0x0800de94   Data        2052  arm_common_tables.o(.constdata)
    __mathlib_zero                           0x0800e7e8   Data           8  qnan.o(.constdata)
    Region$$Table$$Base                      0x0800e944   Number         0  anon$$obj.o(Region$$Table)
    Region$$Table$$Limit                     0x0800e964   Number         0  anon$$obj.o(Region$$Table)
    UI_TASKHandle                            0x20000004   Data           4  freertos.o(.data)
    CHASSIS_TASKHandle                       0x20000008   Data           4  freertos.o(.data)
    INS_TASKHandle                           0x2000000c   Data           4  freertos.o(.data)
    DETECT_TASKHandle                        0x20000010   Data           4  freertos.o(.data)
    VOFA_TASKHandle                          0x20000014   Data           4  freertos.o(.data)
    COMMUNICATE_TASHandle                    0x20000018   Data           4  freertos.o(.data)
    TRIG_TASKHandle                          0x2000001c   Data           4  freertos.o(.data)
    KEY_TASKHandle                           0x20000020   Data           4  freertos.o(.data)
    uwTickFreq                               0x20000028   Data           1  stm32f4xx_hal.o(.data)
    uwTickPrio                               0x2000002c   Data           4  stm32f4xx_hal.o(.data)
    uwTick                                   0x20000030   Data           4  stm32f4xx_hal.o(.data)
    SystemCoreClock                          0x20000034   Data           4  system_stm32f4xx.o(.data)
    pxCurrentTCB                             0x20000038   Data           4  tasks.o(.data)
    chassis_behaviour_mode                   0x200000b4   Data           1  chassis_behaviour.o(.data)
    RotateGrade                              0x200000b7   Data           1  communicate_task.o(.data)
    SuperPowerState                          0x200000b8   Data           1  chassis_power_control.o(.data)
    init_flag                                0x200000b9   Data           1  ins_task.o(.data)
    Dir                                      0x200000bc   Data           1  chassis_task.o(.data)
    yaw_diff                                 0x200000c0   Data           4  chassis_task.o(.data)
    INIT_ECD                                 0x200000d0   Data          20  chassis_task.o(.data)
    drct                                     0x200000e4   Data          16  chassis_task.o(.data)
    fire_flag                                0x200001d8   Data           1  trig_task.o(.data)
    angle_target                             0x200001e8   Data           4  trig_task.o(.data)
    trig_ecd_sum                             0x200001f0   Data           8  trig_task.o(.data)
    chassis_debug                            0x200001fc   Data           4  vofa_task.o(.data)
    chassis_power_debug                      0x20000200   Data           4  vofa_task.o(.data)
    FricSpeed                                0x20000204   Data           4  key_task.o(.data)
    SuperPower_data                          0x20000228   Data           8  can_receive.o(.data)
    rx_data1                                 0x20000230   Data           8  can_receive.o(.data)
    rx_data2                                 0x20000238   Data           8  can_receive.o(.data)
    BMI088_ACCEL_SEN                         0x20000240   Data           4  bmi088driver.o(.data)
    BMI088_GYRO_SEN                          0x20000244   Data           4  bmi088driver.o(.data)
    twoKp                                    0x2000026c   Data           4  mahonyahrs.o(.data)
    twoKi                                    0x20000270   Data           4  mahonyahrs.o(.data)
    integralFBx                              0x20000274   Data           4  mahonyahrs.o(.data)
    integralFBy                              0x20000278   Data           4  mahonyahrs.o(.data)
    integralFBz                              0x2000027c   Data           4  mahonyahrs.o(.data)
    ui_default_AIMBOT_EnemyColor             0x20000280   Data           4  ui_default_aimbot_0.o(.data)
    ui_default_CAP_Buffer                    0x20000284   Data           4  ui_default_cap_0.o(.data)
    ui_default_CAP_Cap_Rec                   0x20000288   Data           4  ui_default_cap_0.o(.data)
    ui_default_Shoot_Sight1                  0x2000028c   Data           4  ui_default_shoot_0.o(.data)
    ui_default_Shoot_sight2                  0x20000290   Data           4  ui_default_shoot_0.o(.data)
    ui_default_Shoot_FricStatusL             0x20000294   Data           4  ui_default_shoot_0.o(.data)
    ui_default_Shoot_FricStatusR             0x20000298   Data           4  ui_default_shoot_0.o(.data)
    ui_default_Shoot_TrigStatusL             0x2000029c   Data           4  ui_default_shoot_0.o(.data)
    ui_default_Shoot_TrigStatusR             0x200002a0   Data           4  ui_default_shoot_0.o(.data)
    ui_default_Shoot_InitSpeed               0x200002a4   Data           4  ui_default_shoot_0.o(.data)
    ui_default_Control_ControlMode           0x200002a8   Data           4  ui_default_control_0.o(.data)
    ui_default_ChassisStatus_ChassisRound    0x200002ac   Data           4  ui_default_chassisstatus_0.o(.data)
    ui_default_ChassisStatus_Rotate          0x200002b0   Data           4  ui_default_chassisstatus_0.o(.data)
    seq                                      0x200002b4   Data           1  ui_interface.o(.data)
    ui_self_id                               0x200002b8   Data           4  ui_interface.o(.data)
    hcan1                                    0x20000964   Data          40  can.o(.bss)
    hcan2                                    0x2000098c   Data          40  can.o(.bss)
    hspi1                                    0x200009b4   Data          88  spi.o(.bss)
    hdma_spi1_rx                             0x20000a0c   Data          96  spi.o(.bss)
    hdma_spi1_tx                             0x20000a6c   Data          96  spi.o(.bss)
    htim4                                    0x20000acc   Data          72  tim.o(.bss)
    htim5                                    0x20000b14   Data          72  tim.o(.bss)
    huart1                                   0x20000b5c   Data          68  usart.o(.bss)
    huart3                                   0x20000ba0   Data          68  usart.o(.bss)
    huart6                                   0x20000be4   Data          68  usart.o(.bss)
    hdma_usart3_rx                           0x20000c28   Data          96  usart.o(.bss)
    hdma_usart6_rx                           0x20000c88   Data          96  usart.o(.bss)
    hdma_usart6_tx                           0x20000ce8   Data          96  usart.o(.bss)
    htim6                                    0x20000d48   Data          72  stm32f4xx_hal_timebase_tim.o(.bss)
    xQueueRegistry                           0x20000d90   Data          64  queue.o(.bss)
    gimbal_data                              0x20004ba8   Data          36  communicate_task.o(.bss)
    PowerLimit                               0x20004bcc   Data          68  chassis_power_control.o(.bss)
    INS_quat                                 0x20004c10   Data          16  ins_task.o(.bss)
    bmi088_real_data                         0x20004c20   Data          48  ins_task.o(.bss)
    gyro_offset                              0x20004c50   Data          12  ins_task.o(.bss)
    chassis_move                             0x20004c90   Data        1928  chassis_task.o(.bss)
    error_list                               0x20005418   Data         468  detect_task.o(.bss)
    Referee_System                           0x200055ec   Data        1271  referee.o(.bss)
    trig_control                             0x20005ae8   Data         408  trig_task.o(.bss)
    rc_ctrl                                  0x20005c80   Data          22  remote_control.o(.bss)
    Vofa_Data                                0x20005ce0   Data          24  vofa_task.o(.bss)
    Key_ScanValue                            0x20005cf8   Data          48  key_task.o(.bss)
    drive_motor                              0x20005d28   Data          40  can_receive.o(.bss)
    course_motor                             0x20005d50   Data          40  can_receive.o(.bss)
    trigger_motor                            0x20005d78   Data          10  can_receive.o(.bss)
    yaw_motor                                0x20005d82   Data          10  can_receive.o(.bss)
    ui_default_AIMBOT_0                      0x20005d8c   Data          30  ui_default_aimbot_0.o(.bss)
    ui_default_CAP_0                         0x20005daa   Data          45  ui_default_cap_0.o(.bss)
    ui_default_Shoot_0                       0x20005dd7   Data         120  ui_default_shoot_0.o(.bss)
    ui_default_Control_0                     0x20005e4f   Data          30  ui_default_control_0.o(.bss)
    ui_default_ChassisStatus_0               0x20005e6d   Data          90  ui_default_chassisstatus_0.o(.bss)
    __libspace_start                         0x20005ec8   Data          96  libspace.o(.bss)
    __temporary_stack_top$libspace           0x20005f28   Data           0  libspace.o(.bss)



==============================================================================

Memory Map of the image

  Image Entry point : 0x08000189

  Load Region LR_IROM1 (Base: 0x08000000, Size: 0x0000ec20, Max: 0x00100000, ABSOLUTE, COMPRESSED[0x0000ea2c])

    Execution Region ER_IROM1 (Exec base: 0x08000000, Load base: 0x08000000, Size: 0x0000e964, Max: 0x00100000, ABSOLUTE)

    Exec Addr    Load Addr    Size         Type   Attr      Idx    E Section Name        Object

    0x08000000   0x08000000   0x00000188   Data   RO            3    RESET               startup_stm32f407xx.o
    0x08000188   0x08000188   0x00000008   Code   RO         7920  * !!!main             c_w.l(__main.o)
    0x08000190   0x08000190   0x00000034   Code   RO         8478    !!!scatter          c_w.l(__scatter.o)
    0x080001c4   0x080001c4   0x0000005a   Code   RO         8476    !!dczerorl2         c_w.l(__dczerorl2.o)
    0x0800021e   0x0800021e   0x00000002   PAD
    0x08000220   0x08000220   0x0000001c   Code   RO         8480    !!handler_zi        c_w.l(__scatter_zi.o)
    0x0800023c   0x0800023c   0x00000002   Code   RO         8391    .ARM.Collect$$libinit$$00000000  c_w.l(libinit.o)
    0x0800023e   0x0800023e   0x00000004   Code   RO         8115    .ARM.Collect$$libinit$$00000001  c_w.l(libinit2.o)
    0x08000242   0x08000242   0x00000000   Code   RO         8118    .ARM.Collect$$libinit$$00000004  c_w.l(libinit2.o)
    0x08000242   0x08000242   0x00000000   Code   RO         8121    .ARM.Collect$$libinit$$0000000A  c_w.l(libinit2.o)
    0x08000242   0x08000242   0x00000000   Code   RO         8123    .ARM.Collect$$libinit$$0000000C  c_w.l(libinit2.o)
    0x08000242   0x08000242   0x00000000   Code   RO         8125    .ARM.Collect$$libinit$$0000000E  c_w.l(libinit2.o)
    0x08000242   0x08000242   0x00000000   Code   RO         8128    .ARM.Collect$$libinit$$00000011  c_w.l(libinit2.o)
    0x08000242   0x08000242   0x00000000   Code   RO         8130    .ARM.Collect$$libinit$$00000013  c_w.l(libinit2.o)
    0x08000242   0x08000242   0x00000000   Code   RO         8132    .ARM.Collect$$libinit$$00000015  c_w.l(libinit2.o)
    0x08000242   0x08000242   0x00000000   Code   RO         8134    .ARM.Collect$$libinit$$00000017  c_w.l(libinit2.o)
    0x08000242   0x08000242   0x00000000   Code   RO         8136    .ARM.Collect$$libinit$$00000019  c_w.l(libinit2.o)
    0x08000242   0x08000242   0x00000000   Code   RO         8138    .ARM.Collect$$libinit$$0000001B  c_w.l(libinit2.o)
    0x08000242   0x08000242   0x00000000   Code   RO         8140    .ARM.Collect$$libinit$$0000001D  c_w.l(libinit2.o)
    0x08000242   0x08000242   0x00000000   Code   RO         8142    .ARM.Collect$$libinit$$0000001F  c_w.l(libinit2.o)
    0x08000242   0x08000242   0x00000000   Code   RO         8144    .ARM.Collect$$libinit$$00000021  c_w.l(libinit2.o)
    0x08000242   0x08000242   0x00000000   Code   RO         8146    .ARM.Collect$$libinit$$00000023  c_w.l(libinit2.o)
    0x08000242   0x08000242   0x00000000   Code   RO         8148    .ARM.Collect$$libinit$$00000025  c_w.l(libinit2.o)
    0x08000242   0x08000242   0x00000000   Code   RO         8152    .ARM.Collect$$libinit$$0000002C  c_w.l(libinit2.o)
    0x08000242   0x08000242   0x00000000   Code   RO         8154    .ARM.Collect$$libinit$$0000002E  c_w.l(libinit2.o)
    0x08000242   0x08000242   0x00000000   Code   RO         8156    .ARM.Collect$$libinit$$00000030  c_w.l(libinit2.o)
    0x08000242   0x08000242   0x00000000   Code   RO         8158    .ARM.Collect$$libinit$$00000032  c_w.l(libinit2.o)
    0x08000242   0x08000242   0x00000002   Code   RO         8159    .ARM.Collect$$libinit$$00000033  c_w.l(libinit2.o)
    0x08000244   0x08000244   0x00000002   Code   RO         8473    .ARM.Collect$$libshutdown$$00000000  c_w.l(libshutdown.o)
    0x08000246   0x08000246   0x00000000   Code   RO         8393    .ARM.Collect$$libshutdown$$00000002  c_w.l(libshutdown2.o)
    0x08000246   0x08000246   0x00000000   Code   RO         8395    .ARM.Collect$$libshutdown$$00000004  c_w.l(libshutdown2.o)
    0x08000246   0x08000246   0x00000000   Code   RO         8398    .ARM.Collect$$libshutdown$$00000007  c_w.l(libshutdown2.o)
    0x08000246   0x08000246   0x00000000   Code   RO         8401    .ARM.Collect$$libshutdown$$0000000A  c_w.l(libshutdown2.o)
    0x08000246   0x08000246   0x00000000   Code   RO         8403    .ARM.Collect$$libshutdown$$0000000C  c_w.l(libshutdown2.o)
    0x08000246   0x08000246   0x00000000   Code   RO         8406    .ARM.Collect$$libshutdown$$0000000F  c_w.l(libshutdown2.o)
    0x08000246   0x08000246   0x00000002   Code   RO         8407    .ARM.Collect$$libshutdown$$00000010  c_w.l(libshutdown2.o)
    0x08000248   0x08000248   0x00000000   Code   RO         8066    .ARM.Collect$$rtentry$$00000000  c_w.l(__rtentry.o)
    0x08000248   0x08000248   0x00000000   Code   RO         8271    .ARM.Collect$$rtentry$$00000002  c_w.l(__rtentry2.o)
    0x08000248   0x08000248   0x00000006   Code   RO         8283    .ARM.Collect$$rtentry$$00000004  c_w.l(__rtentry4.o)
    0x0800024e   0x0800024e   0x00000000   Code   RO         8273    .ARM.Collect$$rtentry$$00000009  c_w.l(__rtentry2.o)
    0x0800024e   0x0800024e   0x00000004   Code   RO         8274    .ARM.Collect$$rtentry$$0000000A  c_w.l(__rtentry2.o)
    0x08000252   0x08000252   0x00000000   Code   RO         8276    .ARM.Collect$$rtentry$$0000000C  c_w.l(__rtentry2.o)
    0x08000252   0x08000252   0x00000008   Code   RO         8277    .ARM.Collect$$rtentry$$0000000D  c_w.l(__rtentry2.o)
    0x0800025a   0x0800025a   0x00000002   Code   RO         8412    .ARM.Collect$$rtexit$$00000000  c_w.l(rtexit.o)
    0x0800025c   0x0800025c   0x00000000   Code   RO         8441    .ARM.Collect$$rtexit$$00000002  c_w.l(rtexit2.o)
    0x0800025c   0x0800025c   0x00000004   Code   RO         8442    .ARM.Collect$$rtexit$$00000003  c_w.l(rtexit2.o)
    0x08000260   0x08000260   0x00000006   Code   RO         8443    .ARM.Collect$$rtexit$$00000004  c_w.l(rtexit2.o)
    0x08000266   0x08000266   0x00000002   PAD
    0x08000268   0x08000268   0x000000be   Code   RO         5247    .emb_text           port.o
    0x08000326   0x08000326   0x00000002   PAD
    0x08000328   0x08000328   0x00000040   Code   RO            4    .text               startup_stm32f407xx.o
    0x08000368   0x08000368   0x00000078   Code   RO         7633    .text               arm_cortexM4lf_math.lib(arm_cos_f32.o)
    0x080003e0   0x080003e0   0x00000074   Code   RO         7686    .text               arm_cortexM4lf_math.lib(arm_sin_f32.o)
    0x08000454   0x08000454   0x000000ee   Code   RO         7853    .text               c_w.l(lludivv7m.o)
    0x08000542   0x08000542   0x0000008a   Code   RO         7908    .text               c_w.l(rt_memcpy_v6.o)
    0x080005cc   0x080005cc   0x00000084   Code   RO         7910    .text               c_w.l(rt_memmove_v6.o)
    0x08000650   0x08000650   0x00000064   Code   RO         7912    .text               c_w.l(rt_memcpy_w.o)
    0x080006b4   0x080006b4   0x0000004e   Code   RO         7916    .text               c_w.l(rt_memclr_w.o)
    0x08000702   0x08000702   0x00000006   Code   RO         7918    .text               c_w.l(heapauxi.o)
    0x08000708   0x08000708   0x00000016   Code   RO         8096    .text               c_w.l(_rserrno.o)
    0x0800071e   0x0800071e   0x0000007a   Code   RO         8109    .text               c_w.l(rt_memmove_w.o)
    0x08000798   0x08000798   0x00000008   Code   RO         8267    .text               c_w.l(libspace.o)
    0x080007a0   0x080007a0   0x00000008   Code   RO         8290    .text               c_w.l(rt_errno_addr_intlibspace.o)
    0x080007a8   0x080007a8   0x00000030   Code   RO         8300    .text               c_w.l(_fptrap.o)
    0x080007d8   0x080007d8   0x00000002   Code   RO         8344    .text               c_w.l(use_no_semi.o)
    0x080007da   0x080007da   0x00000000   Code   RO         8346    .text               c_w.l(indicate_semi.o)
    0x080007da   0x080007da   0x0000004a   Code   RO         8347    .text               c_w.l(sys_stackheap_outer.o)
    0x08000824   0x08000824   0x00000012   Code   RO         8368    .text               c_w.l(exit.o)
    0x08000836   0x08000836   0x0000000a   Code   RO         8370    .text               c_w.l(defsig_exit.o)
    0x08000840   0x08000840   0x0000000e   Code   RO         8372    .text               c_w.l(defsig_fpe_outer.o)
    0x0800084e   0x0800084e   0x00000002   PAD
    0x08000850   0x08000850   0x0000000c   Code   RO         8410    .text               c_w.l(sys_exit.o)
    0x0800085c   0x0800085c   0x00000032   Code   RO         8430    .text               c_w.l(defsig_general.o)
    0x0800088e   0x0800088e   0x00000002   PAD
    0x08000890   0x08000890   0x000000ac   Code   RO         8432    .text               c_w.l(defsig_fpe_inner.o)
    0x0800093c   0x0800093c   0x0000000e   Code   RO         8438    .text               c_w.l(sys_wrch.o)
    0x0800094a   0x0800094a   0x00000002   PAD
    0x0800094c   0x0800094c   0x00000020   Code   RO         5523    i.AHRS_init         ins_task.o
    0x0800096c   0x0800096c   0x0000001e   Code   RO         7214    i.Angle_Limit       user_lib.o
    0x0800098a   0x0800098a   0x00000002   PAD
    0x0800098c   0x0800098c   0x00000010   Code   RO         6655    i.BMI088_ACCEL_NS_H  bmi088middleware.o
    0x0800099c   0x0800099c   0x00000010   Code   RO         6656    i.BMI088_ACCEL_NS_L  bmi088middleware.o
    0x080009ac   0x080009ac   0x00000002   Code   RO         6657    i.BMI088_GPIO_init  bmi088middleware.o
    0x080009ae   0x080009ae   0x00000002   PAD
    0x080009b0   0x080009b0   0x00000010   Code   RO         6658    i.BMI088_GYRO_NS_H  bmi088middleware.o
    0x080009c0   0x080009c0   0x00000010   Code   RO         6659    i.BMI088_GYRO_NS_L  bmi088middleware.o
    0x080009d0   0x080009d0   0x00000002   Code   RO         6660    i.BMI088_com_init   bmi088middleware.o
    0x080009d2   0x080009d2   0x00000018   Code   RO         6661    i.BMI088_delay_ms   bmi088middleware.o
    0x080009ea   0x080009ea   0x0000002e   Code   RO         6662    i.BMI088_delay_us   bmi088middleware.o
    0x08000a18   0x08000a18   0x00000018   Code   RO         6586    i.BMI088_init       bmi088driver.o
    0x08000a30   0x08000a30   0x00000158   Code   RO         6587    i.BMI088_read       bmi088driver.o
    0x08000b88   0x08000b88   0x00000024   Code   RO         6588    i.BMI088_read_muli_reg  bmi088driver.o
    0x08000bac   0x08000bac   0x00000016   Code   RO         6589    i.BMI088_read_single_reg  bmi088driver.o
    0x08000bc2   0x08000bc2   0x00000002   PAD
    0x08000bc4   0x08000bc4   0x00000020   Code   RO         6663    i.BMI088_read_write_byte  bmi088middleware.o
    0x08000be4   0x08000be4   0x00000012   Code   RO         6590    i.BMI088_write_single_reg  bmi088driver.o
    0x08000bf6   0x08000bf6   0x00000002   Code   RO          639    i.BusFault_Handler  stm32f4xx_it.o
    0x08000bf8   0x08000bf8   0x00000018   Code   RO         6437    i.Buzzer_Init       bsp_buzzer.o
    0x08000c10   0x08000c10   0x0000000c   Code   RO          640    i.CAN1_RX0_IRQHandler  stm32f4xx_it.o
    0x08000c1c   0x08000c1c   0x0000000c   Code   RO          641    i.CAN1_RX1_IRQHandler  stm32f4xx_it.o
    0x08000c28   0x08000c28   0x0000000c   Code   RO          642    i.CAN1_TX_IRQHandler  stm32f4xx_it.o
    0x08000c34   0x08000c34   0x0000000c   Code   RO          643    i.CAN2_RX0_IRQHandler  stm32f4xx_it.o
    0x08000c40   0x08000c40   0x0000000c   Code   RO          644    i.CAN2_RX1_IRQHandler  stm32f4xx_it.o
    0x08000c4c   0x08000c4c   0x0000002c   Code   RO         6332    i.CAN_cmd_ChassisMode  can_receive.o
    0x08000c78   0x08000c78   0x00000050   Code   RO         6333    i.CAN_cmd_SuperPower  can_receive.o
    0x08000cc8   0x08000cc8   0x00000048   Code   RO         6334    i.CAN_cmd_course    can_receive.o
    0x08000d10   0x08000d10   0x00000048   Code   RO         6335    i.CAN_cmd_drive     can_receive.o
    0x08000d58   0x08000d58   0x00000034   Code   RO         6336    i.CAN_cmd_trig      can_receive.o
    0x08000d8c   0x08000d8c   0x0000006c   Code   RO         6059    i.CapBuffer_Update  ui_task.o
    0x08000df8   0x08000df8   0x000000b4   Code   RO         6060    i.ChassisStatus_Update  ui_task.o
    0x08000eac   0x08000eac   0x00000050   Code   RO         6061    i.ControlMode_Update  ui_task.o
    0x08000efc   0x08000efc   0x0000000c   Code   RO          645    i.DMA1_Stream1_IRQHandler  stm32f4xx_it.o
    0x08000f08   0x08000f08   0x0000000c   Code   RO          646    i.DMA2_Stream1_IRQHandler  stm32f4xx_it.o
    0x08000f14   0x08000f14   0x0000000c   Code   RO          647    i.DMA2_Stream2_IRQHandler  stm32f4xx_it.o
    0x08000f20   0x08000f20   0x0000000c   Code   RO          648    i.DMA2_Stream3_IRQHandler  stm32f4xx_it.o
    0x08000f2c   0x08000f2c   0x0000000c   Code   RO          649    i.DMA2_Stream6_IRQHandler  stm32f4xx_it.o
    0x08000f38   0x08000f38   0x00000028   Code   RO         1531    i.DMA_CalcBaseAndBitshift  stm32f4xx_hal_dma.o
    0x08000f60   0x08000f60   0x00000054   Code   RO         1532    i.DMA_CheckFifoParam  stm32f4xx_hal_dma.o
    0x08000fb4   0x08000fb4   0x00000002   Code   RO          650    i.DebugMon_Handler  stm32f4xx_it.o
    0x08000fb6   0x08000fb6   0x00000002   PAD
    0x08000fb8   0x08000fb8   0x00000054   Code   RO         6062    i.EnemyColor_Update  ui_task.o
    0x0800100c   0x0800100c   0x00000004   Code   RO           13    i.Error_Handler     main.o
    0x08001010   0x08001010   0x0000002c   Code   RO         5597    i.Find_min_Angle    chassis_task.o
    0x0800103c   0x0800103c   0x0000015c   Code   RO         6063    i.FricMode_Update   ui_task.o
    0x08001198   0x08001198   0x0000006c   Code   RO         6016    i.FricSpeeed_Control  key_task.o
    0x08001204   0x08001204   0x0000001c   Code   RO         6947    i.Get_CRC8_Check_Sum  crc8_crc16.o
    0x08001220   0x08001220   0x00000024   Code   RO          839    i.HAL_CAN_ActivateNotification  stm32f4xx_hal_can.o
    0x08001244   0x08001244   0x000000c8   Code   RO          840    i.HAL_CAN_AddTxMessage  stm32f4xx_hal_can.o
    0x0800130c   0x0800130c   0x0000010c   Code   RO          841    i.HAL_CAN_ConfigFilter  stm32f4xx_hal_can.o
    0x08001418   0x08001418   0x00000058   Code   RO         6337    i.HAL_CAN_ErrorCallback  can_receive.o
    0x08001470   0x08001470   0x000000e8   Code   RO          847    i.HAL_CAN_GetRxMessage  stm32f4xx_hal_can.o
    0x08001558   0x08001558   0x000001fc   Code   RO          851    i.HAL_CAN_IRQHandler  stm32f4xx_hal_can.o
    0x08001754   0x08001754   0x0000011a   Code   RO          852    i.HAL_CAN_Init      stm32f4xx_hal_can.o
    0x0800186e   0x0800186e   0x00000002   PAD
    0x08001870   0x08001870   0x0000012c   Code   RO          417    i.HAL_CAN_MspInit   can.o
    0x0800199c   0x0800199c   0x00000002   Code   RO          859    i.HAL_CAN_RxFifo0FullCallback  stm32f4xx_hal_can.o
    0x0800199e   0x0800199e   0x00000002   PAD
    0x080019a0   0x080019a0   0x000001fc   Code   RO         6338    i.HAL_CAN_RxFifo0MsgPendingCallback  can_receive.o
    0x08001b9c   0x08001b9c   0x00000002   Code   RO          861    i.HAL_CAN_RxFifo1FullCallback  stm32f4xx_hal_can.o
    0x08001b9e   0x08001b9e   0x00000002   Code   RO          862    i.HAL_CAN_RxFifo1MsgPendingCallback  stm32f4xx_hal_can.o
    0x08001ba0   0x08001ba0   0x00000002   Code   RO          863    i.HAL_CAN_SleepCallback  stm32f4xx_hal_can.o
    0x08001ba2   0x08001ba2   0x00000002   PAD
    0x08001ba4   0x08001ba4   0x00000058   Code   RO          864    i.HAL_CAN_Start     stm32f4xx_hal_can.o
    0x08001bfc   0x08001bfc   0x00000060   Code   RO          865    i.HAL_CAN_Stop      stm32f4xx_hal_can.o
    0x08001c5c   0x08001c5c   0x00000002   Code   RO          866    i.HAL_CAN_TxMailbox0AbortCallback  stm32f4xx_hal_can.o
    0x08001c5e   0x08001c5e   0x00000002   Code   RO          867    i.HAL_CAN_TxMailbox0CompleteCallback  stm32f4xx_hal_can.o
    0x08001c60   0x08001c60   0x00000002   Code   RO          868    i.HAL_CAN_TxMailbox1AbortCallback  stm32f4xx_hal_can.o
    0x08001c62   0x08001c62   0x00000002   Code   RO          869    i.HAL_CAN_TxMailbox1CompleteCallback  stm32f4xx_hal_can.o
    0x08001c64   0x08001c64   0x00000002   Code   RO          870    i.HAL_CAN_TxMailbox2AbortCallback  stm32f4xx_hal_can.o
    0x08001c66   0x08001c66   0x00000002   Code   RO          871    i.HAL_CAN_TxMailbox2CompleteCallback  stm32f4xx_hal_can.o
    0x08001c68   0x08001c68   0x00000002   Code   RO          873    i.HAL_CAN_WakeUpFromRxMsgCallback  stm32f4xx_hal_can.o
    0x08001c6a   0x08001c6a   0x00000092   Code   RO         1534    i.HAL_DMA_Abort     stm32f4xx_hal_dma.o
    0x08001cfc   0x08001cfc   0x00000024   Code   RO         1535    i.HAL_DMA_Abort_IT  stm32f4xx_hal_dma.o
    0x08001d20   0x08001d20   0x000001a0   Code   RO         1539    i.HAL_DMA_IRQHandler  stm32f4xx_hal_dma.o
    0x08001ec0   0x08001ec0   0x000000d4   Code   RO         1540    i.HAL_DMA_Init      stm32f4xx_hal_dma.o
    0x08001f94   0x08001f94   0x000001f0   Code   RO         1427    i.HAL_GPIO_Init     stm32f4xx_hal_gpio.o
    0x08002184   0x08002184   0x0000000a   Code   RO         1431    i.HAL_GPIO_WritePin  stm32f4xx_hal_gpio.o
    0x0800218e   0x0800218e   0x00000002   PAD
    0x08002190   0x08002190   0x0000000c   Code   RO         1959    i.HAL_GetTick       stm32f4xx_hal.o
    0x0800219c   0x0800219c   0x00000010   Code   RO         1965    i.HAL_IncTick       stm32f4xx_hal.o
    0x080021ac   0x080021ac   0x00000034   Code   RO         1966    i.HAL_Init          stm32f4xx_hal.o
    0x080021e0   0x080021e0   0x00000098   Code   RO          799    i.HAL_InitTick      stm32f4xx_hal_timebase_tim.o
    0x08002278   0x08002278   0x00000038   Code   RO          775    i.HAL_MspInit       stm32f4xx_hal_msp.o
    0x080022b0   0x080022b0   0x0000001a   Code   RO         1816    i.HAL_NVIC_EnableIRQ  stm32f4xx_hal_cortex.o
    0x080022ca   0x080022ca   0x00000002   PAD
    0x080022cc   0x080022cc   0x00000040   Code   RO         1822    i.HAL_NVIC_SetPriority  stm32f4xx_hal_cortex.o
    0x0800230c   0x0800230c   0x00000024   Code   RO         1823    i.HAL_NVIC_SetPriorityGrouping  stm32f4xx_hal_cortex.o
    0x08002330   0x08002330   0x00000134   Code   RO         1073    i.HAL_RCC_ClockConfig  stm32f4xx_hal_rcc.o
    0x08002464   0x08002464   0x00000040   Code   RO         1077    i.HAL_RCC_GetClockConfig  stm32f4xx_hal_rcc.o
    0x080024a4   0x080024a4   0x00000020   Code   RO         1080    i.HAL_RCC_GetPCLK1Freq  stm32f4xx_hal_rcc.o
    0x080024c4   0x080024c4   0x00000020   Code   RO         1081    i.HAL_RCC_GetPCLK2Freq  stm32f4xx_hal_rcc.o
    0x080024e4   0x080024e4   0x00000064   Code   RO         1082    i.HAL_RCC_GetSysClockFreq  stm32f4xx_hal_rcc.o
    0x08002548   0x08002548   0x0000036c   Code   RO         1085    i.HAL_RCC_OscConfig  stm32f4xx_hal_rcc.o
    0x080028b4   0x080028b4   0x000000bc   Code   RO         2215    i.HAL_SPI_Init      stm32f4xx_hal_spi.o
    0x08002970   0x08002970   0x000000fc   Code   RO          490    i.HAL_SPI_MspInit   spi.o
    0x08002a6c   0x08002a6c   0x000001e2   Code   RO         2224    i.HAL_SPI_TransmitReceive  stm32f4xx_hal_spi.o
    0x08002c4e   0x08002c4e   0x00000002   Code   RO         3232    i.HAL_TIMEx_BreakCallback  stm32f4xx_hal_tim_ex.o
    0x08002c50   0x08002c50   0x00000002   Code   RO         3233    i.HAL_TIMEx_CommutCallback  stm32f4xx_hal_tim_ex.o
    0x08002c52   0x08002c52   0x00000002   PAD
    0x08002c54   0x08002c54   0x00000090   Code   RO         3251    i.HAL_TIMEx_MasterConfigSynchronization  stm32f4xx_hal_tim_ex.o
    0x08002ce4   0x08002ce4   0x0000005a   Code   RO         2528    i.HAL_TIM_Base_Init  stm32f4xx_hal_tim.o
    0x08002d3e   0x08002d3e   0x00000002   PAD
    0x08002d40   0x08002d40   0x00000054   Code   RO          532    i.HAL_TIM_Base_MspInit  tim.o
    0x08002d94   0x08002d94   0x00000078   Code   RO         2531    i.HAL_TIM_Base_Start  stm32f4xx_hal_tim.o
    0x08002e0c   0x08002e0c   0x00000080   Code   RO         2533    i.HAL_TIM_Base_Start_IT  stm32f4xx_hal_tim.o
    0x08002e8c   0x08002e8c   0x000000dc   Code   RO         2537    i.HAL_TIM_ConfigClockSource  stm32f4xx_hal_tim.o
    0x08002f68   0x08002f68   0x00000002   Code   RO         2562    i.HAL_TIM_IC_CaptureCallback  stm32f4xx_hal_tim.o
    0x08002f6a   0x08002f6a   0x00000166   Code   RO         2576    i.HAL_TIM_IRQHandler  stm32f4xx_hal_tim.o
    0x080030d0   0x080030d0   0x00000054   Code   RO          533    i.HAL_TIM_MspPostInit  tim.o
    0x08003124   0x08003124   0x00000002   Code   RO         2579    i.HAL_TIM_OC_DelayElapsedCallback  stm32f4xx_hal_tim.o
    0x08003126   0x08003126   0x000000cc   Code   RO         2600    i.HAL_TIM_PWM_ConfigChannel  stm32f4xx_hal_tim.o
    0x080031f2   0x080031f2   0x0000005a   Code   RO         2603    i.HAL_TIM_PWM_Init  stm32f4xx_hal_tim.o
    0x0800324c   0x0800324c   0x00000002   Code   RO         2605    i.HAL_TIM_PWM_MspInit  stm32f4xx_hal_tim.o
    0x0800324e   0x0800324e   0x00000002   Code   RO         2606    i.HAL_TIM_PWM_PulseFinishedCallback  stm32f4xx_hal_tim.o
    0x08003250   0x08003250   0x000000c8   Code   RO         2608    i.HAL_TIM_PWM_Start  stm32f4xx_hal_tim.o
    0x08003318   0x08003318   0x000000b8   Code   RO           14    i.HAL_TIM_PeriodElapsedCallback  main.o
    0x080033d0   0x080033d0   0x00000002   Code   RO         2619    i.HAL_TIM_TriggerCallback  stm32f4xx_hal_tim.o
    0x080033d2   0x080033d2   0x00000002   Code   RO         3510    i.HAL_UARTEx_RxEventCallback  stm32f4xx_hal_uart.o
    0x080033d4   0x080033d4   0x00000002   Code   RO         3524    i.HAL_UART_ErrorCallback  stm32f4xx_hal_uart.o
    0x080033d6   0x080033d6   0x00000002   PAD
    0x080033d8   0x080033d8   0x00000268   Code   RO         3527    i.HAL_UART_IRQHandler  stm32f4xx_hal_uart.o
    0x08003640   0x08003640   0x00000062   Code   RO         3528    i.HAL_UART_Init     stm32f4xx_hal_uart.o
    0x080036a2   0x080036a2   0x00000002   PAD
    0x080036a4   0x080036a4   0x000001e8   Code   RO          586    i.HAL_UART_MspInit  usart.o
    0x0800388c   0x0800388c   0x00000002   Code   RO         3534    i.HAL_UART_RxCpltCallback  stm32f4xx_hal_uart.o
    0x0800388e   0x0800388e   0x00000002   PAD
    0x08003890   0x08003890   0x000000b2   Code   RO         3536    i.HAL_UART_Transmit  stm32f4xx_hal_uart.o
    0x08003942   0x08003942   0x00000002   Code   RO         3539    i.HAL_UART_TxCpltCallback  stm32f4xx_hal_uart.o
    0x08003944   0x08003944   0x00000002   Code   RO          651    i.HardFault_Handler  stm32f4xx_it.o
    0x08003946   0x08003946   0x00000002   PAD
    0x08003948   0x08003948   0x000000e0   Code   RO         5524    i.INS_task          ins_task.o
    0x08003a28   0x08003a28   0x0000010c   Code   RO         6017    i.Key_Scan          key_task.o
    0x08003b34   0x08003b34   0x00000044   Code   RO          418    i.MX_CAN1_Init      can.o
    0x08003b78   0x08003b78   0x00000040   Code   RO          419    i.MX_CAN2_Init      can.o
    0x08003bb8   0x08003bb8   0x0000007c   Code   RO          465    i.MX_DMA_Init       dma.o
    0x08003c34   0x08003c34   0x000000c0   Code   RO          304    i.MX_FREERTOS_Init  freertos.o
    0x08003cf4   0x08003cf4   0x000000c0   Code   RO          273    i.MX_GPIO_Init      gpio.o
    0x08003db4   0x08003db4   0x00000048   Code   RO          491    i.MX_SPI1_Init      spi.o
    0x08003dfc   0x08003dfc   0x00000098   Code   RO          534    i.MX_TIM4_Init      tim.o
    0x08003e94   0x08003e94   0x00000068   Code   RO          535    i.MX_TIM5_Init      tim.o
    0x08003efc   0x08003efc   0x00000038   Code   RO          587    i.MX_USART1_UART_Init  usart.o
    0x08003f34   0x08003f34   0x0000003c   Code   RO          588    i.MX_USART3_UART_Init  usart.o
    0x08003f70   0x08003f70   0x00000038   Code   RO          589    i.MX_USART6_UART_Init  usart.o
    0x08003fa8   0x08003fa8   0x000001e4   Code   RO         7181    i.MahonyAHRSupdateIMU  mahonyahrs.o
    0x0800418c   0x0800418c   0x00000010   Code   RO         7215    i.Math_Abs          user_lib.o
    0x0800419c   0x0800419c   0x00000002   Code   RO          652    i.MemManage_Handler  stm32f4xx_it.o
    0x0800419e   0x0800419e   0x00000002   Code   RO          653    i.NMI_Handler       stm32f4xx_it.o
    0x080041a0   0x080041a0   0x000000f4   Code   RO         6166    i.PID_Calc_Ecd      pid.o
    0x08004294   0x08004294   0x000001ac   Code   RO         6167    i.PID_calc          pid.o
    0x08004440   0x08004440   0x00000060   Code   RO         6169    i.PID_init          pid.o
    0x080044a0   0x080044a0   0x00000060   Code   RO         6518    i.RC_init           bsp_rc.o
    0x08004500   0x08004500   0x00000064   Code   RO         6552    i.Referee_DMA_TX    bsp_usart.o
    0x08004564   0x08004564   0x00000054   Code   RO         5763    i.Referee_Data_Process  referee.o
    0x080045b8   0x080045b8   0x00000094   Code   RO         5764    i.Referee_Data_Receive  referee.o
    0x0800464c   0x0800464c   0x0000001c   Code   RO         5765    i.Referee_Sys_Init  referee.o
    0x08004668   0x08004668   0x00000058   Code   RO         2253    i.SPI_EndRxTxTransaction  stm32f4xx_hal_spi.o
    0x080046c0   0x080046c0   0x000000b8   Code   RO         2258    i.SPI_WaitFlagStateUntilTimeout  stm32f4xx_hal_spi.o
    0x08004778   0x08004778   0x0000003a   Code   RO         5598    i.SearchMax         chassis_task.o
    0x080047b2   0x080047b2   0x00000002   PAD
    0x080047b4   0x080047b4   0x0000002c   Code   RO         5248    i.SysTick_Handler   port.o
    0x080047e0   0x080047e0   0x00000094   Code   RO           15    i.SystemClock_Config  main.o
    0x08004874   0x08004874   0x00000054   Code   RO         3857    i.SystemInit        system_stm32f4xx.o
    0x080048c8   0x080048c8   0x0000000c   Code   RO          654    i.TIM5_IRQHandler   stm32f4xx_it.o
    0x080048d4   0x080048d4   0x0000000c   Code   RO          655    i.TIM6_DAC_IRQHandler  stm32f4xx_it.o
    0x080048e0   0x080048e0   0x000000c8   Code   RO         2621    i.TIM_Base_SetConfig  stm32f4xx_hal_tim.o
    0x080049a8   0x080049a8   0x0000001a   Code   RO         2622    i.TIM_CCxChannelCmd  stm32f4xx_hal_tim.o
    0x080049c2   0x080049c2   0x00000014   Code   RO         2632    i.TIM_ETR_SetConfig  stm32f4xx_hal_tim.o
    0x080049d6   0x080049d6   0x00000010   Code   RO         2633    i.TIM_ITRx_SetConfig  stm32f4xx_hal_tim.o
    0x080049e6   0x080049e6   0x00000002   PAD
    0x080049e8   0x080049e8   0x00000060   Code   RO         2634    i.TIM_OC1_SetConfig  stm32f4xx_hal_tim.o
    0x08004a48   0x08004a48   0x0000006c   Code   RO         2635    i.TIM_OC2_SetConfig  stm32f4xx_hal_tim.o
    0x08004ab4   0x08004ab4   0x00000068   Code   RO         2636    i.TIM_OC3_SetConfig  stm32f4xx_hal_tim.o
    0x08004b1c   0x08004b1c   0x00000050   Code   RO         2637    i.TIM_OC4_SetConfig  stm32f4xx_hal_tim.o
    0x08004b6c   0x08004b6c   0x00000022   Code   RO         2639    i.TIM_TI1_ConfigInputStage  stm32f4xx_hal_tim.o
    0x08004b8e   0x08004b8e   0x00000024   Code   RO         2641    i.TIM_TI2_ConfigInputStage  stm32f4xx_hal_tim.o
    0x08004bb2   0x08004bb2   0x00000010   Code   RO         3541    i.UART_DMAAbortOnError  stm32f4xx_hal_uart.o
    0x08004bc2   0x08004bc2   0x0000004e   Code   RO         3551    i.UART_EndRxTransfer  stm32f4xx_hal_uart.o
    0x08004c10   0x08004c10   0x000000c0   Code   RO         3553    i.UART_Receive_IT   stm32f4xx_hal_uart.o
    0x08004cd0   0x08004cd0   0x0000010c   Code   RO         3554    i.UART_SetConfig    stm32f4xx_hal_uart.o
    0x08004ddc   0x08004ddc   0x00000078   Code   RO         3557    i.UART_WaitOnFlagUntilTimeout  stm32f4xx_hal_uart.o
    0x08004e54   0x08004e54   0x0000000c   Code   RO          656    i.USART1_IRQHandler  stm32f4xx_it.o
    0x08004e60   0x08004e60   0x000000bc   Code   RO         5890    i.USART3_IRQHandler  remote_control.o
    0x08004f1c   0x08004f1c   0x00000090   Code   RO         5766    i.USART6_IRQHandler  referee.o
    0x08004fac   0x08004fac   0x00000002   Code   RO          657    i.UsageFault_Handler  stm32f4xx_it.o
    0x08004fae   0x08004fae   0x00000026   Code   RO         6949    i.Verify_CRC8_Check_Sum  crc8_crc16.o
    0x08004fd4   0x08004fd4   0x00000018   Code   RO         5969    i.VofaInit          vofa_task.o
    0x08004fec   0x08004fec   0x00000018   Code   RO         5970    i.Vofa_Send         vofa_task.o
    0x08005004   0x08005004   0x00000030   Code   RO         8230    i.__ARM_fpclassify  m_wm.l(fpclassify.o)
    0x08005034   0x08005034   0x00000026   Code   RO         8232    i.__ARM_fpclassifyf  m_wm.l(fpclassifyf.o)
    0x0800505a   0x0800505a   0x00000020   Code   RO         1829    i.__NVIC_SetPriority  stm32f4xx_hal_cortex.o
    0x0800507a   0x0800507a   0x00000002   PAD
    0x0800507c   0x0800507c   0x0000012c   Code   RO         7954    i.__hardfp_asinf    m_wm.l(asinf.o)
    0x080051a8   0x080051a8   0x000002d8   Code   RO         8193    i.__hardfp_atan     m_wm.l(atan.o)
    0x08005480   0x08005480   0x000001f0   Code   RO         7966    i.__hardfp_atan2    m_wm.l(atan2.o)
    0x08005670   0x08005670   0x00000250   Code   RO         7978    i.__hardfp_atan2f   m_wm.l(atan2f.o)
    0x080058c0   0x080058c0   0x000000c8   Code   RO         7990    i.__hardfp_cos      m_wm.l(cos.o)
    0x08005988   0x08005988   0x00000c50   Code   RO         8002    i.__hardfp_pow      m_wm.l(pow.o)
    0x080065d8   0x080065d8   0x000000c8   Code   RO         8016    i.__hardfp_sin      m_wm.l(sin.o)
    0x080066a0   0x080066a0   0x0000007a   Code   RO         8040    i.__hardfp_sqrt     m_wm.l(sqrt_full.o)
    0x0800671a   0x0800671a   0x00000006   PAD
    0x08006720   0x08006720   0x00000438   Code   RO         8251    i.__ieee754_rem_pio2  m_wm.l(rred.o)
    0x08006b58   0x08006b58   0x00000170   Code   RO         8207    i.__kernel_cos      m_wm.l(cos_i.o)
    0x08006cc8   0x08006cc8   0x000000f8   Code   RO         8248    i.__kernel_poly     m_wm.l(poly.o)
    0x08006dc0   0x08006dc0   0x00000130   Code   RO         8259    i.__kernel_sin      m_wm.l(sin_i.o)
    0x08006ef0   0x08006ef0   0x00000030   Code   RO         8210    i.__mathlib_dbl_divzero  m_wm.l(dunder.o)
    0x08006f20   0x08006f20   0x00000014   Code   RO         8211    i.__mathlib_dbl_infnan  m_wm.l(dunder.o)
    0x08006f34   0x08006f34   0x00000014   Code   RO         8212    i.__mathlib_dbl_infnan2  m_wm.l(dunder.o)
    0x08006f48   0x08006f48   0x00000020   Code   RO         8213    i.__mathlib_dbl_invalid  m_wm.l(dunder.o)
    0x08006f68   0x08006f68   0x00000020   Code   RO         8214    i.__mathlib_dbl_overflow  m_wm.l(dunder.o)
    0x08006f88   0x08006f88   0x00000020   Code   RO         8216    i.__mathlib_dbl_underflow  m_wm.l(dunder.o)
    0x08006fa8   0x08006fa8   0x00000006   Code   RO         8235    i.__mathlib_flt_infnan  m_wm.l(funder.o)
    0x08006fae   0x08006fae   0x00000006   Code   RO         8236    i.__mathlib_flt_infnan2  m_wm.l(funder.o)
    0x08006fb4   0x08006fb4   0x00000010   Code   RO         8237    i.__mathlib_flt_invalid  m_wm.l(funder.o)
    0x08006fc4   0x08006fc4   0x00000010   Code   RO         8240    i.__mathlib_flt_underflow  m_wm.l(funder.o)
    0x08006fd4   0x08006fd4   0x000000b4   Code   RO         7322    i._ui_init_default_AIMBOT_0  ui_default_aimbot_0.o
    0x08007088   0x08007088   0x000000fc   Code   RO         7384    i._ui_init_default_CAP_0  ui_default_cap_0.o
    0x08007184   0x08007184   0x0000012c   Code   RO         7517    i._ui_init_default_ChassisStatus_0  ui_default_chassisstatus_0.o
    0x080072b0   0x080072b0   0x00000094   Code   RO         7474    i._ui_init_default_Control_0  ui_default_control_0.o
    0x08007344   0x08007344   0x00000358   Code   RO         7427    i._ui_init_default_Shoot_0  ui_default_shoot_0.o
    0x0800769c   0x0800769c   0x00000028   Code   RO         7324    i._ui_update_default_AIMBOT_0  ui_default_aimbot_0.o
    0x080076c4   0x080076c4   0x0000003c   Code   RO         7386    i._ui_update_default_CAP_0  ui_default_cap_0.o
    0x08007700   0x08007700   0x0000003c   Code   RO         7519    i._ui_update_default_ChassisStatus_0  ui_default_chassisstatus_0.o
    0x0800773c   0x0800773c   0x00000028   Code   RO         7476    i._ui_update_default_Control_0  ui_default_control_0.o
    0x08007764   0x08007764   0x0000003c   Code   RO         7429    i._ui_update_default_Shoot_0  ui_default_shoot_0.o
    0x080077a0   0x080077a0   0x00000010   Code   RO         8195    i.atan              m_wm.l(atan.o)
    0x080077b0   0x080077b0   0x00000110   Code   RO         6591    i.bmi088_accel_init  bmi088driver.o
    0x080078c0   0x080078c0   0x000000dc   Code   RO         6592    i.bmi088_gyro_init  bmi088driver.o
    0x0800799c   0x0800799c   0x00000010   Code   RO         6438    i.buzzer_off        bsp_buzzer.o
    0x080079ac   0x080079ac   0x00000010   Code   RO         6439    i.buzzer_on         bsp_buzzer.o
    0x080079bc   0x080079bc   0x00000028   Code   RO         7561    i.calc_crc16        ui_interface.o
    0x080079e4   0x080079e4   0x0000001c   Code   RO         7562    i.calc_crc8         ui_interface.o
    0x08007a00   0x08007a00   0x00000080   Code   RO         6339    i.canfilter_init_start  can_receive.o
    0x08007a80   0x08007a80   0x00000028   Code   RO         5327    i.chassis_behaviour_control_set  chassis_behaviour.o
    0x08007aa8   0x08007aa8   0x00000134   Code   RO         5328    i.chassis_behaviour_mode_set  chassis_behaviour.o
    0x08007bdc   0x08007bdc   0x000000a2   Code   RO         5599    i.chassis_control_loop  chassis_task.o
    0x08007c7e   0x08007c7e   0x00000002   PAD
    0x08007c80   0x08007c80   0x00000110   Code   RO         5600    i.chassis_feedback_update  chassis_task.o
    0x08007d90   0x08007d90   0x000001a8   Code   RO         5601    i.chassis_init      chassis_task.o
    0x08007f38   0x08007f38   0x0000049e   Code   RO         5477    i.chassis_power_control  chassis_power_control.o
    0x080083d6   0x080083d6   0x00000002   PAD
    0x080083d8   0x080083d8   0x00000074   Code   RO         5478    i.chassis_power_feedback  chassis_power_control.o
    0x0800844c   0x0800844c   0x000001c8   Code   RO         5602    i.chassis_rc_to_control_vector  chassis_task.o
    0x08008614   0x08008614   0x000005b8   Code   RO         5603    i.chassis_set_contorl  chassis_task.o
    0x08008bcc   0x08008bcc   0x00000160   Code   RO         5604    i.chassis_task      chassis_task.o
    0x08008d2c   0x08008d2c   0x0000085c   Code   RO         5605    i.chassis_vector_to_agv_calculate  chassis_task.o
    0x08009588   0x08009588   0x00000080   Code   RO         5398    i.communicate_task  communicate_task.o
    0x08009608   0x08009608   0x00000050   Code   RO         5683    i.detect_hook       detect_task.o
    0x08009658   0x08009658   0x00000078   Code   RO         5684    i.detect_init       detect_task.o
    0x080096d0   0x080096d0   0x000000f0   Code   RO         5685    i.detect_task       detect_task.o
    0x080097c0   0x080097c0   0x00000054   Code   RO         5399    i.dispose_gimbal_mode  communicate_task.o
    0x08009814   0x08009814   0x00000018   Code   RO         8226    i.fabs              m_wm.l(fabs.o)
    0x0800982c   0x0800982c   0x0000004e   Code   RO         7217    i.first_order_filter_cali  user_lib.o
    0x0800987a   0x0800987a   0x00000012   Code   RO         7218    i.first_order_filter_init  user_lib.o
    0x0800988c   0x0800988c   0x00000020   Code   RO         7219    i.fp32_constrain    user_lib.o
    0x080098ac   0x080098ac   0x00000008   Code   RO         5526    i.get_INS_data_point  ins_task.o
    0x080098b4   0x080098b4   0x000000b0   Code   RO         5527    i.get_angle         ins_task.o
    0x08009964   0x08009964   0x00000008   Code   RO         5606    i.get_chassis_Debug  chassis_task.o
    0x0800996c   0x0800996c   0x00000014   Code   RO         6340    i.get_chassis_course_motor_measure_point  can_receive.o
    0x08009980   0x08009980   0x00000014   Code   RO         6341    i.get_chassis_drive_motor_measure_point  can_receive.o
    0x08009994   0x08009994   0x00000008   Code   RO         5479    i.get_chassis_power  chassis_power_control.o
    0x0800999c   0x0800999c   0x0000006c   Code   RO         5400    i.get_gimbal_data   communicate_task.o
    0x08009a08   0x08009a08   0x00000008   Code   RO         5401    i.get_gimbal_data_point  communicate_task.o
    0x08009a10   0x08009a10   0x00000008   Code   RO         5402    i.get_gimbal_rc_data_point  communicate_task.o
    0x08009a18   0x08009a18   0x00000008   Code   RO         6342    i.get_gimbal_trigger_motor_measure_point  can_receive.o
    0x08009a20   0x08009a20   0x00000008   Code   RO         5768    i.get_referee_data_point  referee.o
    0x08009a28   0x08009a28   0x00000008   Code   RO         5891    i.get_remote_control_point  remote_control.o
    0x08009a30   0x08009a30   0x000000b0   Code   RO         5528    i.imu_offset_accquier  ins_task.o
    0x08009ae0   0x08009ae0   0x00000032   Code   RO         5529    i.imu_offset_remove  ins_task.o
    0x08009b12   0x08009b12   0x00000002   PAD
    0x08009b14   0x08009b14   0x0000002c   Code   RO         7182    i.invSqrt           mahonyahrs.o
    0x08009b40   0x08009b40   0x00000010   Code   RO         6018    i.key_task          key_task.o
    0x08009b50   0x08009b50   0x00000048   Code   RO         7223    i.loop_fp32_constrain  user_lib.o
    0x08009b98   0x08009b98   0x00000054   Code   RO           16    i.main              main.o
    0x08009bec   0x08009bec   0x0000000c   Code   RO         4825    i.makeFreeRtosPriority  cmsis_os.o
    0x08009bf8   0x08009bf8   0x0000000e   Code   RO         4827    i.osDelay           cmsis_os.o
    0x08009c06   0x08009c06   0x0000000a   Code   RO         4830    i.osKernelStart     cmsis_os.o
    0x08009c10   0x08009c10   0x00000054   Code   RO         4864    i.osThreadCreate    cmsis_os.o
    0x08009c64   0x08009c64   0x00000070   Code   RO         4365    i.prvAddCurrentTaskToDelayedList  tasks.o
    0x08009cd4   0x08009cd4   0x000000d0   Code   RO         4366    i.prvAddNewTaskToReadyList  tasks.o
    0x08009da4   0x08009da4   0x00000058   Code   RO         4679    i.prvCheckForValidListAndQueue  timers.o
    0x08009dfc   0x08009dfc   0x00000026   Code   RO         4035    i.prvCopyDataFromQueue  queue.o
    0x08009e22   0x08009e22   0x0000006c   Code   RO         4036    i.prvCopyDataToQueue  queue.o
    0x08009e8e   0x08009e8e   0x00000034   Code   RO         4367    i.prvDeleteTCB      tasks.o
    0x08009ec2   0x08009ec2   0x00000002   PAD
    0x08009ec4   0x08009ec4   0x0000004c   Code   RO         5192    i.prvHeapInit       heap_4.o
    0x08009f10   0x08009f10   0x00000060   Code   RO         4368    i.prvIdleTask       tasks.o
    0x08009f70   0x08009f70   0x00000016   Code   RO         4038    i.prvInitialiseNewQueue  queue.o
    0x08009f86   0x08009f86   0x00000098   Code   RO         4369    i.prvInitialiseNewTask  tasks.o
    0x0800a01e   0x0800a01e   0x00000002   PAD
    0x0800a020   0x0800a020   0x0000004c   Code   RO         5193    i.prvInsertBlockIntoFreeList  heap_4.o
    0x0800a06c   0x0800a06c   0x00000038   Code   RO         4681    i.prvInsertTimerInActiveList  timers.o
    0x0800a0a4   0x0800a0a4   0x0000001c   Code   RO         4039    i.prvIsQueueEmpty   queue.o
    0x0800a0c0   0x0800a0c0   0x000000f0   Code   RO         4682    i.prvProcessReceivedCommands  timers.o
    0x0800a1b0   0x0800a1b0   0x000000c0   Code   RO         4683    i.prvProcessTimerOrBlockTask  timers.o
    0x0800a270   0x0800a270   0x00000020   Code   RO         4370    i.prvResetNextTaskUnblockTime  tasks.o
    0x0800a290   0x0800a290   0x00000028   Code   RO         4684    i.prvSampleTimeNow  timers.o
    0x0800a2b8   0x0800a2b8   0x0000006c   Code   RO         4685    i.prvSwitchTimerLists  timers.o
    0x0800a324   0x0800a324   0x00000028   Code   RO         5249    i.prvTaskExitError  port.o
    0x0800a34c   0x0800a34c   0x00000024   Code   RO         4686    i.prvTimerTask      timers.o
    0x0800a370   0x0800a370   0x0000006a   Code   RO         4040    i.prvUnlockQueue    queue.o
    0x0800a3da   0x0800a3da   0x00000002   PAD
    0x0800a3dc   0x0800a3dc   0x000000dc   Code   RO         5194    i.pvPortMalloc      heap_4.o
    0x0800a4b8   0x0800a4b8   0x0000002c   Code   RO         5250    i.pxPortInitialiseStack  port.o
    0x0800a4e4   0x0800a4e4   0x000000e8   Code   RO         6553    i.referee_init      bsp_usart.o
    0x0800a5cc   0x0800a5cc   0x00000010   Code   RO         5892    i.remote_control_init  remote_control.o
    0x0800a5dc   0x0800a5dc   0x000000b4   Code   RO         5893    i.sbus_to_rc        remote_control.o
    0x0800a690   0x0800a690   0x0000006e   Code   RO         8042    i.sqrt              m_wm.l(sqrt_full.o)
    0x0800a6fe   0x0800a6fe   0x0000003e   Code   RO         8048    i.sqrtf             m_wm.l(sqrtf_full.o)
    0x0800a73c   0x0800a73c   0x00000018   Code   RO         5687    i.toe_is_error      detect_task.o
    0x0800a754   0x0800a754   0x000000a0   Code   RO         5833    i.trig_block_detect_Serial  trig_task.o
    0x0800a7f4   0x0800a7f4   0x00000006   Code   RO         5834    i.trig_detect       trig_task.o
    0x0800a7fa   0x0800a7fa   0x00000002   PAD
    0x0800a7fc   0x0800a7fc   0x00000094   Code   RO         5835    i.trig_feedback_update  trig_task.o
    0x0800a890   0x0800a890   0x00000058   Code   RO         5836    i.trig_motor_pid_cal  trig_task.o
    0x0800a8e8   0x0800a8e8   0x00000100   Code   RO         5837    i.trig_task         trig_task.o
    0x0800a9e8   0x0800a9e8   0x0000002c   Code   RO         6064    i.ui_init           ui_task.o
    0x0800aa14   0x0800aa14   0x00000050   Code   RO         7564    i.ui_proc_1_frame   ui_interface.o
    0x0800aa64   0x0800aa64   0x00000054   Code   RO         7565    i.ui_proc_2_frame   ui_interface.o
    0x0800aab8   0x0800aab8   0x00000054   Code   RO         7566    i.ui_proc_5_frame   ui_interface.o
    0x0800ab0c   0x0800ab0c   0x00000054   Code   RO         7567    i.ui_proc_7_frame   ui_interface.o
    0x0800ab60   0x0800ab60   0x0000003c   Code   RO         6065    i.ui_task           ui_task.o
    0x0800ab9c   0x0800ab9c   0x00000026   Code   RO         3995    i.uxListRemove      list.o
    0x0800abc2   0x0800abc2   0x00000002   PAD
    0x0800abc4   0x0800abc4   0x00000014   Code   RO          312    i.vApplicationGetIdleTaskMemory  freertos.o
    0x0800abd8   0x0800abd8   0x00000018   Code   RO          313    i.vApplicationGetTimerTaskMemory  freertos.o
    0x0800abf0   0x0800abf0   0x00000016   Code   RO         3996    i.vListInitialise   list.o
    0x0800ac06   0x0800ac06   0x00000006   Code   RO         3997    i.vListInitialiseItem  list.o
    0x0800ac0c   0x0800ac0c   0x00000030   Code   RO         3998    i.vListInsert       list.o
    0x0800ac3c   0x0800ac3c   0x00000018   Code   RO         3999    i.vListInsertEnd    list.o
    0x0800ac54   0x0800ac54   0x00000040   Code   RO         5252    i.vPortEnterCritical  port.o
    0x0800ac94   0x0800ac94   0x00000028   Code   RO         5253    i.vPortExitCritical  port.o
    0x0800acbc   0x0800acbc   0x00000064   Code   RO         5195    i.vPortFree         heap_4.o
    0x0800ad20   0x0800ad20   0x00000024   Code   RO         5254    i.vPortSetupTimerInterrupt  port.o
    0x0800ad44   0x0800ad44   0x00000054   Code   RO         5255    i.vPortValidateInterruptPriority  port.o
    0x0800ad98   0x0800ad98   0x00000028   Code   RO         4044    i.vQueueAddToRegistry  queue.o
    0x0800adc0   0x0800adc0   0x00000044   Code   RO         4047    i.vQueueWaitForMessageRestricted  queue.o
    0x0800ae04   0x0800ae04   0x0000004c   Code   RO         4379    i.vTaskDelay        tasks.o
    0x0800ae50   0x0800ae50   0x000000ac   Code   RO         4380    i.vTaskDelete       tasks.o
    0x0800aefc   0x0800aefc   0x00000010   Code   RO         4382    i.vTaskInternalSetTimeOutState  tasks.o
    0x0800af0c   0x0800af0c   0x0000000c   Code   RO         4383    i.vTaskMissedYield  tasks.o
    0x0800af18   0x0800af18   0x00000030   Code   RO         4385    i.vTaskPlaceOnEventList  tasks.o
    0x0800af48   0x0800af48   0x00000038   Code   RO         4386    i.vTaskPlaceOnEventListRestricted  tasks.o
    0x0800af80   0x0800af80   0x00000088   Code   RO         4393    i.vTaskStartScheduler  tasks.o
    0x0800b008   0x0800b008   0x00000010   Code   RO         4395    i.vTaskSuspendAll   tasks.o
    0x0800b018   0x0800b018   0x0000005c   Code   RO         4396    i.vTaskSwitchContext  tasks.o
    0x0800b074   0x0800b074   0x00000040   Code   RO         5971    i.vofa_justfloat    vofa_task.o
    0x0800b0b4   0x0800b0b4   0x00000040   Code   RO         5972    i.vofa_task         vofa_task.o
    0x0800b0f4   0x0800b0f4   0x000000f4   Code   RO         5256    i.xPortStartScheduler  port.o
    0x0800b1e8   0x0800b1e8   0x00000066   Code   RO         4051    i.xQueueGenericCreateStatic  queue.o
    0x0800b24e   0x0800b24e   0x00000002   PAD
    0x0800b250   0x0800b250   0x00000088   Code   RO         4052    i.xQueueGenericReset  queue.o
    0x0800b2d8   0x0800b2d8   0x00000160   Code   RO         4053    i.xQueueGenericSend  queue.o
    0x0800b438   0x0800b438   0x000000be   Code   RO         4054    i.xQueueGenericSendFromISR  queue.o
    0x0800b4f6   0x0800b4f6   0x00000002   PAD
    0x0800b4f8   0x0800b4f8   0x00000138   Code   RO         4060    i.xQueueReceive     queue.o
    0x0800b630   0x0800b630   0x00000074   Code   RO         4398    i.xTaskCheckForTimeOut  tasks.o
    0x0800b6a4   0x0800b6a4   0x0000005a   Code   RO         4399    i.xTaskCreate       tasks.o
    0x0800b6fe   0x0800b6fe   0x00000056   Code   RO         4400    i.xTaskCreateStatic  tasks.o
    0x0800b754   0x0800b754   0x0000001c   Code   RO         4404    i.xTaskGetSchedulerState  tasks.o
    0x0800b770   0x0800b770   0x0000000c   Code   RO         4405    i.xTaskGetTickCount  tasks.o
    0x0800b77c   0x0800b77c   0x000000cc   Code   RO         4407    i.xTaskIncrementTick  tasks.o
    0x0800b848   0x0800b848   0x00000098   Code   RO         4410    i.xTaskPriorityDisinherit  tasks.o
    0x0800b8e0   0x0800b8e0   0x00000074   Code   RO         4412    i.xTaskRemoveFromEventList  tasks.o
    0x0800b954   0x0800b954   0x000000c4   Code   RO         4413    i.xTaskResumeAll    tasks.o
    0x0800ba18   0x0800ba18   0x00000060   Code   RO         4693    i.xTimerCreateTimerTask  timers.o
    0x0800ba78   0x0800ba78   0x00000060   Code   RO         4694    i.xTimerGenericCommand  timers.o
    0x0800bad8   0x0800bad8   0x0000001e   Code   RO         6066    i.zero_to_one_loop  ui_task.o
    0x0800baf6   0x0800baf6   0x00000018   Code   RO         8160    x$fpl$basic         g_wm.l(basic.o)
    0x0800bb0e   0x0800bb0e   0x00000002   PAD
    0x0800bb10   0x0800bb10   0x000002c4   Code   RO         7922    x$fpl$d2f           g_wm.l(d2f_clz.o)
    0x0800bdd4   0x0800bdd4   0x0000024c   Code   RO         7924    x$fpl$dadd          g_wm.l(daddsub_clz.o)
    0x0800c020   0x0800c020   0x0000001c   Code   RO         8327    x$fpl$dcheck1       g_wm.l(dcheck1.o)
    0x0800c03c   0x0800c03c   0x00000018   Code   RO         8329    x$fpl$dcmpinf       g_wm.l(dcmpi.o)
    0x0800c054   0x0800c054   0x0000037c   Code   RO         7931    x$fpl$ddiv          g_wm.l(ddiv_clz.o)
    0x0800c3d0   0x0800c3d0   0x000000c8   Code   RO         8331    x$fpl$dfix          g_wm.l(dfix.o)
    0x0800c498   0x0800c498   0x0000002e   Code   RO         8163    x$fpl$dflt          g_wm.l(dflt_clz.o)
    0x0800c4c6   0x0800c4c6   0x0000001a   Code   RO         8164    x$fpl$dfltn         g_wm.l(dflt_clz.o)
    0x0800c4e0   0x0800c4e0   0x00000026   Code   RO         8162    x$fpl$dfltu         g_wm.l(dflt_clz.o)
    0x0800c506   0x0800c506   0x00000002   PAD
    0x0800c508   0x0800c508   0x00000078   Code   RO         8168    x$fpl$dleqf         g_wm.l(dleqf.o)
    0x0800c580   0x0800c580   0x000001c0   Code   RO         7934    x$fpl$dmul          g_wm.l(dmul_clz.o)
    0x0800c740   0x0800c740   0x00000102   Code   RO         8170    x$fpl$dnaninf       g_wm.l(dnaninf.o)
    0x0800c842   0x0800c842   0x00000070   Code   RO         8172    x$fpl$drenorm       g_wm.l(drenorm_clz.o)
    0x0800c8b2   0x0800c8b2   0x0000000c   Code   RO         8174    x$fpl$dretinf       g_wm.l(dretinf.o)
    0x0800c8be   0x0800c8be   0x00000062   Code   RO         7936    x$fpl$drleqf        g_wm.l(drleqf.o)
    0x0800c920   0x0800c920   0x00000050   Code   RO         7925    x$fpl$drsb          g_wm.l(daddsub_clz.o)
    0x0800c970   0x0800c970   0x00000208   Code   RO         8176    x$fpl$dsqrt         g_wm.l(dsqrt_umaalclz.o)
    0x0800cb78   0x0800cb78   0x0000029c   Code   RO         7926    x$fpl$dsub          g_wm.l(daddsub_clz.o)
    0x0800ce14   0x0800ce14   0x0000017a   Code   RO         8178    x$fpl$dunder        g_wm.l(dunder_clz.o)
    0x0800cf8e   0x0800cf8e   0x00000002   PAD
    0x0800cf90   0x0800cf90   0x000001ec   Code   RO         8180    x$fpl$exception     g_wm.l(except.o)
    0x0800d17c   0x0800d17c   0x0000007a   Code   RO         7938    x$fpl$f2d           g_wm.l(f2d.o)
    0x0800d1f6   0x0800d1f6   0x0000009e   Code   RO         7940    x$fpl$ffltll        g_wm.l(ffltll_clz.o)
    0x0800d294   0x0800d294   0x000000f2   Code   RO         8182    x$fpl$fnaninf       g_wm.l(fnaninf.o)
    0x0800d386   0x0800d386   0x0000000a   Code   RO         8335    x$fpl$fpinit        g_wm.l(fpinit.o)
    0x0800d390   0x0800d390   0x0000000a   Code   RO         8184    x$fpl$fretinf       g_wm.l(fretinf.o)
    0x0800d39a   0x0800d39a   0x0000013c   Code   RO         8186    x$fpl$funder        g_wm.l(funder_clz.o)
    0x0800d4d6   0x0800d4d6   0x000000b2   Code   RO         8337    x$fpl$retnan        g_wm.l(retnan.o)
    0x0800d588   0x0800d588   0x00000114   Code   RO         8188    x$fpl$scalbn        g_wm.l(scalbn_clz.o)
    0x0800d69c   0x0800d69c   0x0000007e   Code   RO         8190    x$fpl$trapveneer    g_wm.l(trapv.o)
    0x0800d71a   0x0800d71a   0x00000000   Code   RO         8192    x$fpl$usenofp       g_wm.l(usenofp.o)
    0x0800d71a   0x0800d71a   0x00000002   PAD
    0x0800d71c   0x0800d71c   0x000000e0   Data   RO          316    .constdata          freertos.o
    0x0800d7fc   0x0800d7fc   0x00000008   Data   RO         1546    .constdata          stm32f4xx_hal_dma.o
    0x0800d804   0x0800d804   0x00000010   Data   RO         3858    .constdata          system_stm32f4xx.o
    0x0800d814   0x0800d814   0x00000008   Data   RO         3859    .constdata          system_stm32f4xx.o
    0x0800d81c   0x0800d81c   0x0000000c   Data   RO         5608    .constdata          chassis_task.o
    0x0800d828   0x0800d828   0x00000048   Data   RO         5689    .constdata          detect_task.o
    0x0800d870   0x0800d870   0x00000024   Data   RO         5839    .constdata          trig_task.o
    0x0800d894   0x0800d894   0x00000300   Data   RO         6951    .constdata          crc8_crc16.o
    0x0800db94   0x0800db94   0x00000300   Data   RO         7569    .constdata          ui_interface.o
    0x0800de94   0x0800de94   0x00000804   Data   RO         7766    .constdata          arm_cortexM4lf_math.lib(arm_common_tables.o)
    0x0800e698   0x0800e698   0x00000088   Data   RO         8005    .constdata          m_wm.l(pow.o)
    0x0800e720   0x0800e720   0x00000098   Data   RO         8196    .constdata          m_wm.l(atan.o)
    0x0800e7b8   0x0800e7b8   0x00000030   Data   RO         8208    .constdata          m_wm.l(cos_i.o)
    0x0800e7e8   0x0800e7e8   0x00000008   Data   RO         8250    .constdata          m_wm.l(qnan.o)
    0x0800e7f0   0x0800e7f0   0x000000c8   Data   RO         8253    .constdata          m_wm.l(rred.o)
    0x0800e8b8   0x0800e8b8   0x00000028   Data   RO         8260    .constdata          m_wm.l(sin_i.o)
    0x0800e8e0   0x0800e8e0   0x00000064   Data   RO          317    .conststring        freertos.o
    0x0800e944   0x0800e944   0x00000020   Data   RO         8474    Region$$Table       anon$$obj.o


    Execution Region RW_IRAM1 (Exec base: 0x20000000, Load base: 0x0800e964, Size: 0x00006528, Max: 0x0001c000, ABSOLUTE, COMPRESSED[0x000000c8])

    Exec Addr    Load Addr    Size         Type   Attr      Idx    E Section Name        Object

    0x20000000   COMPRESSED   0x00000004   Data   RW           19    .data               main.o
    0x20000004   COMPRESSED   0x00000020   Data   RW          319    .data               freertos.o
    0x20000024   COMPRESSED   0x00000004   Data   RW          421    .data               can.o
    0x20000028   COMPRESSED   0x0000000c   Data   RW         1973    .data               stm32f4xx_hal.o
    0x20000034   COMPRESSED   0x00000004   Data   RW         3860    .data               system_stm32f4xx.o
    0x20000038   COMPRESSED   0x0000003c   Data   RW         4416    .data               tasks.o
    0x20000074   COMPRESSED   0x00000014   Data   RW         4700    .data               timers.o
    0x20000088   COMPRESSED   0x00000020   Data   RW         5201    .data               heap_4.o
    0x200000a8   COMPRESSED   0x0000000c   Data   RW         5257    .data               port.o
    0x200000b4   COMPRESSED   0x00000003   Data   RW         5329    .data               chassis_behaviour.o
    0x200000b7   COMPRESSED   0x00000001   Data   RW         5404    .data               communicate_task.o
    0x200000b8   COMPRESSED   0x00000001   Data   RW         5481    .data               chassis_power_control.o
    0x200000b9   COMPRESSED   0x00000001   Data   RW         5532    .data               ins_task.o
    0x200000ba   COMPRESSED   0x00000002   PAD
    0x200000bc   COMPRESSED   0x00000114   Data   RW         5610    .data               chassis_task.o
    0x200001d0   COMPRESSED   0x00000008   Data   RW         5690    .data               detect_task.o
    0x200001d8   COMPRESSED   0x00000020   Data   RW         5840    .data               trig_task.o
    0x200001f8   COMPRESSED   0x00000002   Data   RW         5897    .data               remote_control.o
    0x200001fa   COMPRESSED   0x00000002   PAD
    0x200001fc   COMPRESSED   0x00000008   Data   RW         5975    .data               vofa_task.o
    0x20000204   COMPRESSED   0x00000008   Data   RW         6020    .data               key_task.o
    0x2000020c   COMPRESSED   0x0000000c   Data   RW         6068    .data               ui_task.o
    0x20000218   COMPRESSED   0x00000028   Data   RW         6344    .data               can_receive.o
    0x20000240   COMPRESSED   0x0000002c   Data   RW         6593    .data               bmi088driver.o
    0x2000026c   COMPRESSED   0x00000014   Data   RW         7183    .data               mahonyahrs.o
    0x20000280   COMPRESSED   0x00000004   Data   RW         7326    .data               ui_default_aimbot_0.o
    0x20000284   COMPRESSED   0x00000008   Data   RW         7388    .data               ui_default_cap_0.o
    0x2000028c   COMPRESSED   0x0000001c   Data   RW         7431    .data               ui_default_shoot_0.o
    0x200002a8   COMPRESSED   0x00000004   Data   RW         7478    .data               ui_default_control_0.o
    0x200002ac   COMPRESSED   0x00000008   Data   RW         7521    .data               ui_default_chassisstatus_0.o
    0x200002b4   COMPRESSED   0x00000008   Data   RW         7570    .data               ui_interface.o
    0x200002bc        -       0x000006a8   Zero   RW          315    .bss                freertos.o
    0x20000964        -       0x00000050   Zero   RW          420    .bss                can.o
    0x200009b4        -       0x00000118   Zero   RW          492    .bss                spi.o
    0x20000acc        -       0x00000090   Zero   RW          536    .bss                tim.o
    0x20000b5c        -       0x000001ec   Zero   RW          590    .bss                usart.o
    0x20000d48        -       0x00000048   Zero   RW          802    .bss                stm32f4xx_hal_timebase_tim.o
    0x20000d90        -       0x00000040   Zero   RW         4063    .bss                queue.o
    0x20000dd0        -       0x000000f0   Zero   RW         4415    .bss                tasks.o
    0x20000ec0        -       0x000000e8   Zero   RW         4699    .bss                timers.o
    0x20000fa8        -       0x00003c00   Zero   RW         5200    .bss                heap_4.o
    0x20004ba8        -       0x00000024   Zero   RW         5403    .bss                communicate_task.o
    0x20004bcc        -       0x00000044   Zero   RW         5480    .bss                chassis_power_control.o
    0x20004c10        -       0x0000004c   Zero   RW         5530    .bss                ins_task.o
    0x20004c5c   COMPRESSED   0x00000004   PAD
    0x20004c60        -       0x000007b8   Zero   RW         5607    .bss                chassis_task.o
    0x20005418        -       0x000001d4   Zero   RW         5688    .bss                detect_task.o
    0x200055ec        -       0x000004f7   Zero   RW         5770    .bss                referee.o
    0x20005ae3   COMPRESSED   0x00000005   PAD
    0x20005ae8        -       0x00000198   Zero   RW         5838    .bss                trig_task.o
    0x20005c80        -       0x0000005e   Zero   RW         5896    .bss                remote_control.o
    0x20005cde   COMPRESSED   0x00000002   PAD
    0x20005ce0        -       0x00000018   Zero   RW         5973    .bss                vofa_task.o
    0x20005cf8        -       0x00000030   Zero   RW         6019    .bss                key_task.o
    0x20005d28        -       0x00000064   Zero   RW         6343    .bss                can_receive.o
    0x20005d8c        -       0x0000001e   Zero   RW         7325    .bss                ui_default_aimbot_0.o
    0x20005daa        -       0x0000002d   Zero   RW         7387    .bss                ui_default_cap_0.o
    0x20005dd7        -       0x00000078   Zero   RW         7430    .bss                ui_default_shoot_0.o
    0x20005e4f        -       0x0000001e   Zero   RW         7477    .bss                ui_default_control_0.o
    0x20005e6d        -       0x0000005a   Zero   RW         7520    .bss                ui_default_chassisstatus_0.o
    0x20005ec7   COMPRESSED   0x00000001   PAD
    0x20005ec8        -       0x00000060   Zero   RW         8268    .bss                c_w.l(libspace.o)
    0x20005f28        -       0x00000200   Zero   RW            2    HEAP                startup_stm32f407xx.o
    0x20006128        -       0x00000400   Zero   RW            1    STACK               startup_stm32f407xx.o


    Execution Region RW_IRAM2 (Exec base: 0x2001c000, Load base: 0x0800ea2c, Size: 0x00000000, Max: 0x00004000, ABSOLUTE)

    **** No section assigned to this execution region ****


==============================================================================

Image component sizes


      Code (inc. data)   RO Data    RW Data    ZI Data      Debug   Object Name

       936         16          0         44          0       6586   bmi088driver.o
       170         28          0          0          0       4928   bmi088middleware.o
        56         14          0          0          0       1511   bsp_buzzer.o
        96         12          0          0          0       1030   bsp_rc.o
         0          0          0          0          0     581980   bsp_spi.o
       332         36          0          0          0       1883   bsp_usart.o
       432         42          0          4         80       2538   can.o
      1092        102          0         40        100       9897   can_receive.o
       348         22          0          3          0      16209   chassis_behaviour.o
      1306        122          0          1         68      18854   chassis_power_control.o
      5380        240         12        276       1976      16719   chassis_task.o
       120          0          0          0          0      23341   cmsis_os.o
       336         36          0          1         36      12381   communicate_task.o
        66          4        768          0          0       2382   crc8_crc16.o
       464         34         72          8        468       4876   detect_task.o
       124          4          0          0          0        858   dma.o
         0          0          0          0          0      20004   event_groups.o
       236         18        324         32       1704       3587   freertos.o
       192         12          0          0          0       5551   gpio.o
       472         24          0         32      15360       4907   heap_4.o
       666         32          0          1         76       4868   ins_task.o
       392         38          0          8         48       3157   key_task.o
       138          0          0          0          0       3582   list.o
       528         22          0         20          0       2066   mahonyahrs.o
       420         40          0          4          0     747236   main.o
       768         34          0          0          0       5001   pid.o
       786         82          0         12          0      11929   port.o
      1502         20          0          0         64      17408   queue.o
       412         42          0          0       1271      10749   referee.o
       392         34          0          2         94       6968   remote_control.o
       324         32          0          0        280       1943   spi.o
        64         26        392          0       1536        852   startup_stm32f407xx.o
        80         14          0         12          0       8122   stm32f4xx_hal.o
      1732          6          0          0          0      14622   stm32f4xx_hal_can.o
       158         14          0          0          0      33190   stm32f4xx_hal_cortex.o
       934         16          8          0          0       5667   stm32f4xx_hal_dma.o
       506         46          0          0          0       2216   stm32f4xx_hal_gpio.o
        56          4          0          0          0        882   stm32f4xx_hal_msp.o
      1412         86          0          0          0       5945   stm32f4xx_hal_rcc.o
       942         12          0          0          0       4945   stm32f4xx_hal_spi.o
      2140        166          0          0          0      17767   stm32f4xx_hal_tim.o
       148         28          0          0          0       2481   stm32f4xx_hal_tim_ex.o
       152         20          0          0         72       1499   stm32f4xx_hal_timebase_tim.o
      1574         16          0          0          0      10592   stm32f4xx_hal_uart.o
       168         78          0          0          0       9068   stm32f4xx_it.o
         0          0          0          0          0        392   stream_buffer.o
        84         18         24          4          0       1203   system_stm32f4xx.o
      2276        174          0         60        240      27782   tasks.o
       424         46          0          0        144       3145   tim.o
       952         80          0         20        232      30131   timers.o
       658         64         36         32        408       6136   trig_task.o
       220         18          0          4         30       5941   ui_default_aimbot_0.o
       312         16          0          8         45       2140   ui_default_cap_0.o
       360         16          0          8         90       2469   ui_default_chassisstatus_0.o
       188         14          0          4         30       2030   ui_default_control_0.o
       916         22          0         28        120       2808   ui_default_shoot_0.o
       400         30        768          8          0       4994   ui_interface.o
       934        116          0         12          0       5140   ui_task.o
       660         76          0          0        492       3493   usart.o
       246          0          0          0          0       5076   user_lib.o
       176         22          0          8         24       3450   vofa_task.o

    ----------------------------------------------------------------------
     37416       2386       2436        700      25100    1779107   Object Totals
         0          0         32          0          0          0   (incl. Generated)
        58          0          0          4         12          0   (incl. Padding)

    ----------------------------------------------------------------------

      Code (inc. data)   RO Data    RW Data    ZI Data      Debug   Library Member Name

         0          0       2052          0          0       4636   arm_common_tables.o
       120         12          0          0          0      16970   arm_cos_f32.o
       116         12          0          0          0        658   arm_sin_f32.o
        90          0          0          0          0          0   __dczerorl2.o
         8          0          0          0          0         68   __main.o
         0          0          0          0          0          0   __rtentry.o
        12          0          0          0          0          0   __rtentry2.o
         6          0          0          0          0          0   __rtentry4.o
        52          8          0          0          0          0   __scatter.o
        28          0          0          0          0          0   __scatter_zi.o
        48          4          0          0          0         84   _fptrap.o
        22          0          0          0          0        100   _rserrno.o
        10          0          0          0          0         68   defsig_exit.o
       172        110          0          0          0         76   defsig_fpe_inner.o
        14          0          0          0          0         80   defsig_fpe_outer.o
        50          0          0          0          0         88   defsig_general.o
        18          0          0          0          0         80   exit.o
         6          0          0          0          0        152   heapauxi.o
         0          0          0          0          0          0   indicate_semi.o
         2          0          0          0          0          0   libinit.o
         6          0          0          0          0          0   libinit2.o
         2          0          0          0          0          0   libshutdown.o
         2          0          0          0          0          0   libshutdown2.o
         8          4          0          0         96         68   libspace.o
       238          0          0          0          0        100   lludivv7m.o
         8          4          0          0          0         68   rt_errno_addr_intlibspace.o
        78          0          0          0          0         80   rt_memclr_w.o
       138          0          0          0          0         68   rt_memcpy_v6.o
       100          0          0          0          0         80   rt_memcpy_w.o
       132          0          0          0          0         68   rt_memmove_v6.o
       122          0          0          0          0         80   rt_memmove_w.o
         2          0          0          0          0          0   rtexit.o
        10          0          0          0          0          0   rtexit2.o
        12          4          0          0          0         68   sys_exit.o
        74          0          0          0          0         80   sys_stackheap_outer.o
        14          0          0          0          0         76   sys_wrch.o
         2          0          0          0          0         68   use_no_semi.o
        24          0          0          0          0        164   basic.o
       708         16          0          0          0        140   d2f_clz.o
      1336         32          0          0          0        532   daddsub_clz.o
        28          0          0          0          0        116   dcheck1.o
        24          0          0          0          0        116   dcmpi.o
       892        152          0          0          0        292   ddiv_clz.o
       200         16          0          0          0        184   dfix.o
       110          0          0          0          0        348   dflt_clz.o
       120          8          0          0          0        140   dleqf.o
       448         16          0          0          0        164   dmul_clz.o
       258          4          0          0          0        156   dnaninf.o
       112          0          0          0          0        160   drenorm_clz.o
        12          0          0          0          0        116   dretinf.o
        98          0          0          0          0        128   drleqf.o
       520         56          0          0          0        180   dsqrt_umaalclz.o
       378          0          0          0          0        168   dunder_clz.o
       492         36          0          0          0        148   except.o
       122          8          0          0          0        132   f2d.o
       158          0          0          0          0        132   ffltll_clz.o
       242          4          0          0          0        144   fnaninf.o
        10          0          0          0          0        116   fpinit.o
        10          0          0          0          0        116   fretinf.o
       316          0          0          0          0        132   funder_clz.o
       178          0          0          0          0        116   retnan.o
       276          4          0          0          0        124   scalbn_clz.o
       126          0          0          0          0        148   trapv.o
         0          0          0          0          0          0   usenofp.o
       300         42          0          0          0        176   asinf.o
       744        106        152          0          0        352   atan.o
       496         64          0          0          0        192   atan2.o
       592         90          0          0          0        184   atan2f.o
       200         20          0          0          0        164   cos.o
       368         46         48          0          0        200   cos_i.o
       184         44          0          0          0        744   dunder.o
        24          0          0          0          0        124   fabs.o
        48          0          0          0          0        124   fpclassify.o
        38          0          0          0          0        116   fpclassifyf.o
        44         12          0          0          0        464   funder.o
       248          0          0          0          0        152   poly.o
      3152        296        136          0          0        352   pow.o
         0          0          8          0          0          0   qnan.o
      1080        142        200          0          0        188   rred.o
       200         20          0          0          0        164   sin.o
       304         24         40          0          0        208   sin_i.o
       232          0          0          0          0        296   sqrt_full.o
        62          0          0          0          0        136   sqrtf_full.o

    ----------------------------------------------------------------------
     17260       1416       2636          0         96      32712   Library Totals
        24          0          0          0          0          0   (incl. Padding)

    ----------------------------------------------------------------------

      Code (inc. data)   RO Data    RW Data    ZI Data      Debug   Library Name

       236         24       2052          0          0      22264   arm_cortexM4lf_math.lib
      1486        134          0          0         96       1700   c_w.l
      7198        352          0          0          0       4412   g_wm.l
      8316        906        584          0          0       4336   m_wm.l

    ----------------------------------------------------------------------
     17260       1416       2636          0         96      32712   Library Totals

    ----------------------------------------------------------------------

==============================================================================


      Code (inc. data)   RO Data    RW Data    ZI Data      Debug   

     54676       3802       5072        700      25196    1775335   Grand Totals
     54676       3802       5072        200      25196    1775335   ELF Image Totals (compressed)
     54676       3802       5072        200          0          0   ROM Totals

==============================================================================

    Total RO  Size (Code + RO Data)                59748 (  58.35kB)
    Total RW  Size (RW Data + ZI Data)             25896 (  25.29kB)
    Total ROM Size (Code + RO Data + RW Data)      59948 (  58.54kB)

==============================================================================

