Component: ARM Compiler 5.06 update 5 (build 528) Tool: armlink [4d35e2]

==============================================================================

Section Cross References

    startup_stm32f407xx.o(STACK) refers (Special) to heapauxi.o(.text) for __use_two_region_memory
    startup_stm32f407xx.o(HEAP) refers (Special) to heapauxi.o(.text) for __use_two_region_memory
    startup_stm32f407xx.o(RESET) refers (Special) to heapauxi.o(.text) for __use_two_region_memory
    startup_stm32f407xx.o(RESET) refers to startup_stm32f407xx.o(STACK) for __initial_sp
    startup_stm32f407xx.o(RESET) refers to startup_stm32f407xx.o(.text) for Reset_Handler
    startup_stm32f407xx.o(RESET) refers to stm32f4xx_it.o(i.NMI_Handler) for NMI_Handler
    startup_stm32f407xx.o(RESET) refers to stm32f4xx_it.o(i.HardFault_Handler) for HardFault_Handler
    startup_stm32f407xx.o(RESET) refers to stm32f4xx_it.o(i.MemManage_Handler) for MemManage_Handler
    startup_stm32f407xx.o(RESET) refers to stm32f4xx_it.o(i.BusFault_Handler) for BusFault_Handler
    startup_stm32f407xx.o(RESET) refers to stm32f4xx_it.o(i.UsageFault_Handler) for UsageFault_Handler
    startup_stm32f407xx.o(RESET) refers to port.o(.emb_text) for SVC_Handler
    startup_stm32f407xx.o(RESET) refers to stm32f4xx_it.o(i.DebugMon_Handler) for DebugMon_Handler
    startup_stm32f407xx.o(RESET) refers to port.o(i.SysTick_Handler) for SysTick_Handler
    startup_stm32f407xx.o(RESET) refers to stm32f4xx_it.o(i.DMA1_Stream1_IRQHandler) for DMA1_Stream1_IRQHandler
    startup_stm32f407xx.o(RESET) refers to stm32f4xx_it.o(i.CAN1_TX_IRQHandler) for CAN1_TX_IRQHandler
    startup_stm32f407xx.o(RESET) refers to stm32f4xx_it.o(i.CAN1_RX0_IRQHandler) for CAN1_RX0_IRQHandler
    startup_stm32f407xx.o(RESET) refers to stm32f4xx_it.o(i.CAN1_RX1_IRQHandler) for CAN1_RX1_IRQHandler
    startup_stm32f407xx.o(RESET) refers to stm32f4xx_it.o(i.USART1_IRQHandler) for USART1_IRQHandler
    startup_stm32f407xx.o(RESET) refers to remote_control.o(i.USART3_IRQHandler) for USART3_IRQHandler
    startup_stm32f407xx.o(RESET) refers to stm32f4xx_it.o(i.TIM5_IRQHandler) for TIM5_IRQHandler
    startup_stm32f407xx.o(RESET) refers to stm32f4xx_it.o(i.DMA2_Stream1_IRQHandler) for DMA2_Stream1_IRQHandler
    startup_stm32f407xx.o(RESET) refers to stm32f4xx_it.o(i.DMA2_Stream2_IRQHandler) for DMA2_Stream2_IRQHandler
    startup_stm32f407xx.o(RESET) refers to stm32f4xx_it.o(i.DMA2_Stream3_IRQHandler) for DMA2_Stream3_IRQHandler
    startup_stm32f407xx.o(RESET) refers to stm32f4xx_it.o(i.CAN2_RX0_IRQHandler) for CAN2_RX0_IRQHandler
    startup_stm32f407xx.o(RESET) refers to stm32f4xx_it.o(i.CAN2_RX1_IRQHandler) for CAN2_RX1_IRQHandler
    startup_stm32f407xx.o(RESET) refers to stm32f4xx_it.o(i.OTG_FS_IRQHandler) for OTG_FS_IRQHandler
    startup_stm32f407xx.o(RESET) refers to stm32f4xx_it.o(i.DMA2_Stream6_IRQHandler) for DMA2_Stream6_IRQHandler
    startup_stm32f407xx.o(RESET) refers to referee.o(i.USART6_IRQHandler) for USART6_IRQHandler
    startup_stm32f407xx.o(.text) refers (Special) to heapauxi.o(.text) for __use_two_region_memory
    startup_stm32f407xx.o(.text) refers to system_stm32f4xx.o(i.SystemInit) for SystemInit
    startup_stm32f407xx.o(.text) refers to __main.o(!!!main) for __main
    startup_stm32f407xx.o(.text) refers to startup_stm32f407xx.o(HEAP) for Heap_Mem
    startup_stm32f407xx.o(.text) refers to startup_stm32f407xx.o(STACK) for Stack_Mem
    main.o(i.HAL_TIM_PeriodElapsedCallback) refers to stm32f4xx_hal.o(i.HAL_IncTick) for HAL_IncTick
    main.o(i.SystemClock_Config) refers to rt_memclr_w.o(.text) for __aeabi_memclr4
    main.o(i.SystemClock_Config) refers to stm32f4xx_hal_rcc.o(i.HAL_RCC_OscConfig) for HAL_RCC_OscConfig
    main.o(i.SystemClock_Config) refers to stm32f4xx_hal_rcc.o(i.HAL_RCC_ClockConfig) for HAL_RCC_ClockConfig
    main.o(i.main) refers to stm32f4xx_hal.o(i.HAL_Init) for HAL_Init
    main.o(i.main) refers to main.o(i.SystemClock_Config) for SystemClock_Config
    main.o(i.main) refers to gpio.o(i.MX_GPIO_Init) for MX_GPIO_Init
    main.o(i.main) refers to dma.o(i.MX_DMA_Init) for MX_DMA_Init
    main.o(i.main) refers to can.o(i.MX_CAN1_Init) for MX_CAN1_Init
    main.o(i.main) refers to can.o(i.MX_CAN2_Init) for MX_CAN2_Init
    main.o(i.main) refers to spi.o(i.MX_SPI1_Init) for MX_SPI1_Init
    main.o(i.main) refers to tim.o(i.MX_TIM4_Init) for MX_TIM4_Init
    main.o(i.main) refers to usart.o(i.MX_USART1_UART_Init) for MX_USART1_UART_Init
    main.o(i.main) refers to usart.o(i.MX_USART3_UART_Init) for MX_USART3_UART_Init
    main.o(i.main) refers to usart.o(i.MX_USART6_UART_Init) for MX_USART6_UART_Init
    main.o(i.main) refers to usb_device.o(i.MX_USB_DEVICE_Init) for MX_USB_DEVICE_Init
    main.o(i.main) refers to remote_control.o(i.remote_control_init) for remote_control_init
    main.o(i.main) refers to bsp_buzzer.o(i.Buzzer_Init) for Buzzer_Init
    main.o(i.main) refers to can_receive.o(i.canfilter_init_start) for canfilter_init_start
[...]
    USB_SetCurrentMode                       0x08007669   Thumb Code    92  stm32f4xx_ll_usb.o(i.USB_SetCurrentMode)
    USB_SetDevAddress                        0x080076c5   Thumb Code    34  stm32f4xx_ll_usb.o(i.USB_SetDevAddress)
    USB_SetTurnaroundTime                    0x080076e9   Thumb Code   158  stm32f4xx_ll_usb.o(i.USB_SetTurnaroundTime)
    USB_WritePacket                          0x080077d1   Thumb Code    40  stm32f4xx_ll_usb.o(i.USB_WritePacket)
    UsageFault_Handler                       0x080077f9   Thumb Code     2  stm32f4xx_it.o(i.UsageFault_Handler)
    VofaInit                                 0x080077fd   Thumb Code    12  vofa_task.o(i.VofaInit)
    Vofa_Send                                0x0800780d   Thumb Code    16  vofa_task.o(i.Vofa_Send)
    __ARM_fpclassifyf                        0x08007825   Thumb Code    38  fpclassifyf.o(i.__ARM_fpclassifyf)
    __hardfp_asinf                           0x0800786d   Thumb Code   258  asinf.o(i.__hardfp_asinf)
    __hardfp_atan2f                          0x08007999   Thumb Code   502  atan2f.o(i.__hardfp_atan2f)
    __mathlib_flt_infnan                     0x08007be9   Thumb Code     6  funder.o(i.__mathlib_flt_infnan)
    __mathlib_flt_infnan2                    0x08007bef   Thumb Code     6  funder.o(i.__mathlib_flt_infnan2)
    __mathlib_flt_invalid                    0x08007bf5   Thumb Code    10  funder.o(i.__mathlib_flt_invalid)
    __mathlib_flt_underflow                  0x08007c05   Thumb Code    10  funder.o(i.__mathlib_flt_underflow)
    angle_to_180                             0x08007c15   Thumb Code    36  gimbal_task.o(i.angle_to_180)
    bmi088_accel_init                        0x08007c45   Thumb Code   266  bmi088driver.o(i.bmi088_accel_init)
    bmi088_gyro_init                         0x08007d55   Thumb Code   214  bmi088driver.o(i.bmi088_gyro_init)
    buzzer_effects_task                      0x08007e31   Thumb Code   538  sound_effects_task.o(i.buzzer_effects_task)
    buzzer_off                               0x08008059   Thumb Code    10  bsp_buzzer.o(i.buzzer_off)
    buzzer_on                                0x08008069   Thumb Code    12  bsp_buzzer.o(i.buzzer_on)
    canfilter_init_start                     0x08008079   Thumb Code   118  can_receive.o(i.canfilter_init_start)
    communicate_task                         0x080080f9   Thumb Code    16  communicate_task.o(i.communicate_task)
    detect_hook                              0x08008109   Thumb Code    74  detect_task.o(i.detect_hook)
    detect_task                              0x080081d1   Thumb Code   228  detect_task.o(i.detect_task)
    get_INS_angle                            0x0800839d   Thumb Code    14  ins_task.o(i.get_INS_angle)
    get_INS_data_point                       0x080083b1   Thumb Code     4  ins_task.o(i.get_INS_data_point)
    get_angle                                0x080083b9   Thumb Code   176  ins_task.o(i.get_angle)
    get_gimbal_friction_motor_measure_point  0x08008469   Thumb Code    12  can_receive.o(i.get_gimbal_friction_motor_measure_point)
    get_gimbal_pitch_motor_measure_point     0x08008479   Thumb Code     4  can_receive.o(i.get_gimbal_pitch_motor_measure_point)
    get_gimbal_yaw_motor_measure_point       0x08008481   Thumb Code     4  can_receive.o(i.get_gimbal_yaw_motor_measure_point)
    get_mini_data_point                      0x08008489   Thumb Code     4  communicate_task.o(i.get_mini_data_point)
    get_remote_control_point                 0x08008491   Thumb Code     4  remote_control.o(i.get_remote_control_point)
    get_shoot_PID_Debug                      0x08008499   Thumb Code     4  shoot_task.o(i.get_shoot_PID_Debug)
    gimbal_behaviour_control_set             0x08008541   Thumb Code    48  gimbal_behaviour.o(i.gimbal_behaviour_control_set)
    gimbal_behaviour_mode_set                0x08008575   Thumb Code    76  gimbal_behaviour.o(i.gimbal_behaviour_mode_set)
    gimbal_task                              0x08008c15   Thumb Code   296  gimbal_task.o(i.gimbal_task)
    imu_offset_accquier                      0x08008d49   Thumb Code   168  ins_task.o(i.imu_offset_accquier)
    imu_offset_remove                        0x08008df9   Thumb Code    50  ins_task.o(i.imu_offset_remove)
    invSqrt                                  0x08008e2d   Thumb Code    40  mahonyahrs.o(i.invSqrt)
    key_task                                 0x08008e59   Thumb Code    58  key_task.o(i.key_task)
    main                                     0x08008ea5   Thumb Code    74  main.o(i.main)
    my_fabs                                  0x08008f31   Thumb Code    16  pid.o(i.my_fabs)
    osDelay                                  0x08008f41   Thumb Code    14  cmsis_os.o(i.osDelay)
    osKernelStart                            0x08008f4f   Thumb Code    10  cmsis_os.o(i.osKernelStart)
    osThreadCreate                           0x08008f59   Thumb Code    84  cmsis_os.o(i.osThreadCreate)
    pvPortMalloc                             0x080092f9   Thumb Code   216  heap_4.o(i.pvPortMalloc)
    pxPortInitialiseStack                    0x080093d5   Thumb Code    40  port.o(i.pxPortInitialiseStack)
    referee_init                             0x08009401   Thumb Code   208  bsp_usart.o(i.referee_init)
    remote_control_init                      0x080094e9   Thumb Code    12  remote_control.o(i.remote_control_init)
    shoot_motor_mode_set                     0x08009865   Thumb Code     4  shoot_behaviour.o(i.shoot_motor_mode_set)
    shoot_task                               0x08009869   Thumb Code   224  shoot_task.o(i.shoot_task)
    sqrtf                                    0x08009961   Thumb Code    62  sqrtf_full.o(i.sqrtf)
    toe_is_error                             0x080099a1   Thumb Code    18  detect_task.o(i.toe_is_error)
    uxListRemove                             0x080099b9   Thumb Code    38  list.o(i.uxListRemove)
    vApplicationGetIdleTaskMemory            0x080099e1   Thumb Code    16  freertos.o(i.vApplicationGetIdleTaskMemory)
    vListInitialise                          0x080099f5   Thumb Code    22  list.o(i.vListInitialise)
    vListInitialiseItem                      0x08009a0b   Thumb Code     6  list.o(i.vListInitialiseItem)
    vListInsert                              0x08009a11   Thumb Code    48  list.o(i.vListInsert)
    vListInsertEnd                           0x08009a41   Thumb Code    24  list.o(i.vListInsertEnd)
    vPortEnterCritical                       0x08009a59   Thumb Code    54  port.o(i.vPortEnterCritical)
    vPortExitCritical                        0x08009a99   Thumb Code    34  port.o(i.vPortExitCritical)
    vPortFree                                0x08009ac1   Thumb Code    94  heap_4.o(i.vPortFree)
    vPortSetupTimerInterrupt                 0x08009b25   Thumb Code    32  port.o(i.vPortSetupTimerInterrupt)
    vTaskDelay                               0x08009b49   Thumb Code    66  tasks.o(i.vTaskDelay)
    vTaskStartScheduler                      0x08009b95   Thumb Code    90  tasks.o(i.vTaskStartScheduler)
    vTaskSuspendAll                          0x08009c01   Thumb Code    10  tasks.o(i.vTaskSuspendAll)
    vTaskSwitchContext                       0x08009c11   Thumb Code    82  tasks.o(i.vTaskSwitchContext)
    vofa_justfloat                           0x08009c6d   Thumb Code    64  vofa_task.o(i.vofa_justfloat)
    vofa_task                                0x08009cad   Thumb Code    24  vofa_task.o(i.vofa_task)
    xPortStartScheduler                      0x08009cc9   Thumb Code   222  port.o(i.xPortStartScheduler)
    xTaskCreate                              0x08009dbd   Thumb Code    90  tasks.o(i.xTaskCreate)
    xTaskCreateStatic                        0x08009e17   Thumb Code    86  tasks.o(i.xTaskCreateStatic)
    xTaskGetTickCount                        0x08009e6d   Thumb Code     6  tasks.o(i.xTaskGetTickCount)
    xTaskIncrementTick                       0x08009e79   Thumb Code   194  tasks.o(i.xTaskIncrementTick)
    xTaskResumeAll                           0x08009f45   Thumb Code   182  tasks.o(i.xTaskResumeAll)
    __aeabi_d2f                              0x0800a009   Thumb Code     0  d2f_clz.o(x$fpl$d2f)
    _d2f                                     0x0800a009   Thumb Code   700  d2f_clz.o(x$fpl$d2f)
    __aeabi_i2d                              0x0800a2cd   Thumb Code     0  dflt_clz.o(x$fpl$dflt)
    _dflt                                    0x0800a2cd   Thumb Code    46  dflt_clz.o(x$fpl$dflt)
    __aeabi_dmul                             0x0800a2fd   Thumb Code     0  dmul_clz.o(x$fpl$dmul)
    _dmul                                    0x0800a2fd   Thumb Code   440  dmul_clz.o(x$fpl$dmul)
    __fpl_dnaninf                            0x0800a4bd   Thumb Code   258  dnaninf.o(x$fpl$dnaninf)
    __fpl_drenorm2                           0x0800a5bf   Thumb Code   106  drenorm_clz.o(x$fpl$drenorm)
    __fpl_drenorm1                           0x0800a629   Thumb Code     6  drenorm_clz.o(x$fpl$drenorm)
    __fpl_dretinf                            0x0800a62f   Thumb Code    12  dretinf.o(x$fpl$dretinf)
    __dunder                                 0x0800a63b   Thumb Code   314  dunder_clz.o(x$fpl$dunder)
    __dunder_d                               0x0800a775   Thumb Code    64  dunder_clz.o(x$fpl$dunder)
    __fpl_exception                          0x0800a7b5   Thumb Code   454  except.o(x$fpl$exception)
    _fp_init                                 0x0800a9a1   Thumb Code    10  fpinit.o(x$fpl$fpinit)
    __fplib_config_fpu_vfp                   0x0800a9a9   Thumb Code     0  fpinit.o(x$fpl$fpinit)
    __fplib_config_pureend_doubles           0x0800a9a9   Thumb Code     0  fpinit.o(x$fpl$fpinit)
    __fpl_fretinf                            0x0800a9ab   Thumb Code    10  fretinf.o(x$fpl$fretinf)
    __funder                                 0x0800a9b5   Thumb Code   254  funder_clz.o(x$fpl$funder)
    __funder_d                               0x0800aab3   Thumb Code    62  funder_clz.o(x$fpl$funder)
    __fpl_return_NaN                         0x0800aaf1   Thumb Code   178  retnan.o(x$fpl$retnan)
    _fp_trapveneer                           0x0800aba3   Thumb Code    36  trapv.o(x$fpl$trapveneer)
    __fpl_cmpreturn                          0x0800abc7   Thumb Code    90  trapv.o(x$fpl$trapveneer)
    __I$use$fp                               0x0800ac20   Number         0  usenofp.o(x$fpl$usenofp)
    AHBPrescTable                            0x0800ad08   Data          16  system_stm32f4xx.o(.constdata)
    APBPrescTable                            0x0800ad18   Data           8  system_stm32f4xx.o(.constdata)
    CRC8_TAB                                 0x0800adf0   Data         256  crc8_crc16.o(.constdata)
    wCRC_Table                               0x0800aef0   Data         512  crc8_crc16.o(.constdata)
    Region$$Table$$Base                      0x0800b15c   Number         0  anon$$obj.o(Region$$Table)
    Region$$Table$$Limit                     0x0800b17c   Number         0  anon$$obj.o(Region$$Table)
    INS_TASKHandle                           0x20000000   Data           4  freertos.o(.data)
    GIMBAL_TASKHandle                        0x20000004   Data           4  freertos.o(.data)
    DETECT_TASKHandle                        0x20000008   Data           4  freertos.o(.data)
    SHOOT_TASKHandle                         0x2000000c   Data           4  freertos.o(.data)
    VOFA_TASKHandle                          0x20000010   Data           4  freertos.o(.data)
    COMMUNICATE_TASHandle                    0x20000014   Data           4  freertos.o(.data)
    KEY_TASKHandle                           0x20000018   Data           4  freertos.o(.data)
    BUZZER_TASKHandle                        0x2000001c   Data           4  freertos.o(.data)
    FS_Desc                                  0x20000024   Data          28  usbd_desc.o(.data)
    USBD_LangIDDesc                          0x20000040   Data           4  usbd_desc.o(.data)
    USBD_FS_DeviceDesc                       0x20000044   Data          18  usbd_desc.o(.data)
    USBD_StringSerial                        0x20000058   Data          26  usbd_desc.o(.data)
    USBD_Interface_fops_FS                   0x20000074   Data          20  usbd_cdc_if.o(.data)
    uwTickFreq                               0x20000088   Data           1  stm32f4xx_hal.o(.data)
    uwTickPrio                               0x2000008c   Data           4  stm32f4xx_hal.o(.data)
    uwTick                                   0x20000090   Data           4  stm32f4xx_hal.o(.data)
    SystemCoreClock                          0x20000094   Data           4  system_stm32f4xx.o(.data)
    pxCurrentTCB                             0x20000098   Data           4  tasks.o(.data)
    USBD_CDC                                 0x20000158   Data          56  usbd_cdc.o(.data)
    EnemyColor                               0x20000190   Data           1  communicate_task.o(.data)
    chassis_data                             0x20000194   Data           8  communicate_task.o(.data)
    fric1                                    0x200001a4   Data           4  shoot_task.o(.data)
    fric2                                    0x200001a8   Data           4  shoot_task.o(.data)
    yaw_relative_init                        0x200001bc   Data           4  gimbal_task.o(.data)
    ins_init                                 0x200001c4   Data           1  ins_task.o(.data)
    imu_to_pc                                0x200001c8   Data           4  ins_task.o(.data)
    shoot_debug                              0x200001cc   Data           4  vofa_task.o(.data)
    ControlMode                              0x200001d7   Data           1  key_task.o(.data)
    ImgTransferKey                           0x200001dc   Data           4  key_task.o(.data)
    Mouse_Data                               0x200001e0   Data           8  key_task.o(.data)
    buzzer_is_busy                           0x200001e8   Data           1  sound_effects_task.o(.data)
    buzzer_control                           0x200001ec   Data           8  sound_effects_task.o(.data)
    RotateMode                               0x200001f8   Data           3  can_receive.o(.data)
    rx_data1                                 0x200001ff   Data           7  can_receive.o(.data)
    rx_data2                                 0x20000206   Data           7  can_receive.o(.data)
    BMI088_ACCEL_SEN                         0x20000210   Data           4  bmi088driver.o(.data)
    BMI088_GYRO_SEN                          0x20000214   Data           4  bmi088driver.o(.data)
    twoKp                                    0x20000254   Data           4  mahonyahrs.o(.data)
    twoKi                                    0x20000258   Data           4  mahonyahrs.o(.data)
    integralFBx                              0x2000025c   Data           4  mahonyahrs.o(.data)
    integralFBy                              0x20000260   Data           4  mahonyahrs.o(.data)
    integralFBz                              0x20000264   Data           4  mahonyahrs.o(.data)
    hcan1                                    0x200004bc   Data          40  can.o(.bss)
    hcan2                                    0x200004e4   Data          40  can.o(.bss)
    hspi1                                    0x2000050c   Data          88  spi.o(.bss)
    hdma_spi1_rx                             0x20000564   Data          96  spi.o(.bss)
    hdma_spi1_tx                             0x200005c4   Data          96  spi.o(.bss)
    htim4                                    0x20000624   Data          72  tim.o(.bss)
    huart1                                   0x2000066c   Data          68  usart.o(.bss)
    huart3                                   0x200006b0   Data          68  usart.o(.bss)
    huart6                                   0x200006f4   Data          68  usart.o(.bss)
    hdma_usart3_rx                           0x20000738   Data          96  usart.o(.bss)
    hdma_usart6_rx                           0x20000798   Data          96  usart.o(.bss)
    hdma_usart6_tx                           0x200007f8   Data          96  usart.o(.bss)
    htim5                                    0x20000858   Data          72  stm32f4xx_hal_timebase_tim.o(.bss)
    hUsbDeviceFS                             0x200008a0   Data         732  usb_device.o(.bss)
    USBD_StrDesc                             0x20000b7c   Data         512  usbd_desc.o(.bss)
    usb_recive_buffer                        0x20000d7c   Data         100  usbd_cdc_if.o(.bss)
    UserRxBufferFS                           0x20000de0   Data        2048  usbd_cdc_if.o(.bss)
    UserTxBufferFS                           0x200015e0   Data        2048  usbd_cdc_if.o(.bss)
    hpcd_USB_OTG_FS                          0x20002000   Data        1292  usbd_conf.o(.bss)
    auto_data                                0x2000620c   Data          16  communicate_task.o(.bss)
    error_list                               0x2000621c   Data         288  detect_task.o(.bss)
    shoot_control                            0x2000633c   Data         396  shoot_task.o(.bss)
    gimbal_control                           0x200064c8   Data        1360  gimbal_task.o(.bss)
    INS_quat                                 0x20006a18   Data          16  ins_task.o(.bss)
    bmi088_real_data                         0x20006a28   Data          48  ins_task.o(.bss)
    gyro_offset                              0x20006ac0   Data          12  ins_task.o(.bss)
    bmi088_radians                           0x20006acc   Data          12  ins_task.o(.bss)
    Vofa_Data                                0x20006ad8   Data          24  vofa_task.o(.bss)
    rc_ctrl                                  0x20006af0   Data          24  remote_control.o(.bss)
    Key_ScanValue                            0x20006b50   Data          50  key_task.o(.bss)
    Referee_System                           0x20006b82   Data        1199  referee.o(.bss)
    yaw_motor                                0x20007032   Data          10  can_receive.o(.bss)
    pitch_motor                              0x2000703c   Data          10  can_receive.o(.bss)
    friction_motor                           0x20007046   Data          20  can_receive.o(.bss)
    __libspace_start                         0x2000705c   Data          96  libspace.o(.bss)
    __temporary_stack_top$libspace           0x200070bc   Data           0  libspace.o(.bss)



==============================================================================

Memory Map of the image

  Image Entry point : 0x08000189

  Load Region LR_IROM1 (Base: 0x08000000, Size: 0x0000b3e4, Max: 0x00100000, ABSOLUTE, COMPRESSED[0x0000b27c])

    Execution Region ER_IROM1 (Exec base: 0x08000000, Load base: 0x08000000, Size: 0x0000b17c, Max: 0x00100000, ABSOLUTE)

    Exec Addr    Load Addr    Size         Type   Attr      Idx    E Section Name        Object

    0x08000000   0x08000000   0x00000188   Data   RO            3    RESET               startup_stm32f407xx.o
    0x08000188   0x08000188   0x00000008   Code   RO         8476  * !!!main             c_w.l(__main.o)
    0x08000190   0x08000190   0x00000034   Code   RO         8832    !!!scatter          c_w.l(__scatter.o)
    0x080001c4   0x080001c4   0x0000005a   Code   RO         8830    !!dczerorl2         c_w.l(__dczerorl2.o)
    0x0800021e   0x0800021e   0x00000002   PAD
    0x08000220   0x08000220   0x0000001c   Code   RO         8834    !!handler_zi        c_w.l(__scatter_zi.o)
    0x0800023c   0x0800023c   0x00000002   Code   RO         8769    .ARM.Collect$$libinit$$00000000  c_w.l(libinit.o)
    0x0800023e   0x0800023e   0x00000004   Code   RO         8602    .ARM.Collect$$libinit$$00000001  c_w.l(libinit2.o)
    0x08000242   0x08000242   0x00000000   Code   RO         8605    .ARM.Collect$$libinit$$00000004  c_w.l(libinit2.o)
    0x08000242   0x08000242   0x00000008   Code   RO         8606    .ARM.Collect$$libinit$$00000005  c_w.l(libinit2.o)
    0x0800024a   0x0800024a   0x00000000   Code   RO         8608    .ARM.Collect$$libinit$$0000000A  c_w.l(libinit2.o)
    0x0800024a   0x0800024a   0x00000000   Code   RO         8610    .ARM.Collect$$libinit$$0000000C  c_w.l(libinit2.o)
    0x0800024a   0x0800024a   0x00000000   Code   RO         8612    .ARM.Collect$$libinit$$0000000E  c_w.l(libinit2.o)
    0x0800024a   0x0800024a   0x00000000   Code   RO         8615    .ARM.Collect$$libinit$$00000011  c_w.l(libinit2.o)
    0x0800024a   0x0800024a   0x00000000   Code   RO         8617    .ARM.Collect$$libinit$$00000013  c_w.l(libinit2.o)
    0x0800024a   0x0800024a   0x00000000   Code   RO         8619    .ARM.Collect$$libinit$$00000015  c_w.l(libinit2.o)
    0x0800024a   0x0800024a   0x00000000   Code   RO         8621    .ARM.Collect$$libinit$$00000017  c_w.l(libinit2.o)
    0x0800024a   0x0800024a   0x00000000   Code   RO         8623    .ARM.Collect$$libinit$$00000019  c_w.l(libinit2.o)
    0x0800024a   0x0800024a   0x00000000   Code   RO         8625    .ARM.Collect$$libinit$$0000001B  c_w.l(libinit2.o)
    0x0800024a   0x0800024a   0x00000000   Code   RO         8627    .ARM.Collect$$libinit$$0000001D  c_w.l(libinit2.o)
    0x0800024a   0x0800024a   0x00000000   Code   RO         8629    .ARM.Collect$$libinit$$0000001F  c_w.l(libinit2.o)
    0x0800024a   0x0800024a   0x00000000   Code   RO         8631    .ARM.Collect$$libinit$$00000021  c_w.l(libinit2.o)
    0x0800024a   0x0800024a   0x00000000   Code   RO         8633    .ARM.Collect$$libinit$$00000023  c_w.l(libinit2.o)
    0x0800024a   0x0800024a   0x00000000   Code   RO         8635    .ARM.Collect$$libinit$$00000025  c_w.l(libinit2.o)
    0x0800024a   0x0800024a   0x00000000   Code   RO         8639    .ARM.Collect$$libinit$$0000002C  c_w.l(libinit2.o)
    0x0800024a   0x0800024a   0x00000000   Code   RO         8641    .ARM.Collect$$libinit$$0000002E  c_w.l(libinit2.o)
    0x0800024a   0x0800024a   0x00000000   Code   RO         8643    .ARM.Collect$$libinit$$00000030  c_w.l(libinit2.o)
    0x0800024a   0x0800024a   0x00000000   Code   RO         8645    .ARM.Collect$$libinit$$00000032  c_w.l(libinit2.o)
    0x0800024a   0x0800024a   0x00000002   Code   RO         8646    .ARM.Collect$$libinit$$00000033  c_w.l(libinit2.o)
    0x0800024c   0x0800024c   0x00000002   Code   RO         8827    .ARM.Collect$$libshutdown$$00000000  c_w.l(libshutdown.o)
    0x0800024e   0x0800024e   0x00000000   Code   RO         8785    .ARM.Collect$$libshutdown$$00000002  c_w.l(libshutdown2.o)
    0x0800024e   0x0800024e   0x00000000   Code   RO         8787    .ARM.Collect$$libshutdown$$00000004  c_w.l(libshutdown2.o)
    0x0800024e   0x0800024e   0x00000000   Code   RO         8790    .ARM.Collect$$libshutdown$$00000007  c_w.l(libshutdown2.o)
    0x0800024e   0x0800024e   0x00000000   Code   RO         8793    .ARM.Collect$$libshutdown$$0000000A  c_w.l(libshutdown2.o)
    0x0800024e   0x0800024e   0x00000000   Code   RO         8795    .ARM.Collect$$libshutdown$$0000000C  c_w.l(libshutdown2.o)
    0x0800024e   0x0800024e   0x00000000   Code   RO         8798    .ARM.Collect$$libshutdown$$0000000F  c_w.l(libshutdown2.o)
    0x0800024e   0x0800024e   0x00000002   Code   RO         8799    .ARM.Collect$$libshutdown$$00000010  c_w.l(libshutdown2.o)
    0x08000250   0x08000250   0x00000000   Code   RO         8564    .ARM.Collect$$rtentry$$00000000  c_w.l(__rtentry.o)
    0x08000250   0x08000250   0x00000000   Code   RO         8695    .ARM.Collect$$rtentry$$00000002  c_w.l(__rtentry2.o)
    0x08000250   0x08000250   0x00000006   Code   RO         8707    .ARM.Collect$$rtentry$$00000004  c_w.l(__rtentry4.o)
    0x08000256   0x08000256   0x00000000   Code   RO         8697    .ARM.Collect$$rtentry$$00000009  c_w.l(__rtentry2.o)
    0x08000256   0x08000256   0x00000004   Code   RO         8698    .ARM.Collect$$rtentry$$0000000A  c_w.l(__rtentry2.o)
    0x0800025a   0x0800025a   0x00000000   Code   RO         8700    .ARM.Collect$$rtentry$$0000000C  c_w.l(__rtentry2.o)
    0x0800025a   0x0800025a   0x00000008   Code   RO         8701    .ARM.Collect$$rtentry$$0000000D  c_w.l(__rtentry2.o)
    0x08000262   0x08000262   0x00000002   Code   RO         8772    .ARM.Collect$$rtexit$$00000000  c_w.l(rtexit.o)
    0x08000264   0x08000264   0x00000000   Code   RO         8803    .ARM.Collect$$rtexit$$00000002  c_w.l(rtexit2.o)
    0x08000264   0x08000264   0x00000004   Code   RO         8804    .ARM.Collect$$rtexit$$00000003  c_w.l(rtexit2.o)
    0x08000268   0x08000268   0x00000006   Code   RO         8805    .ARM.Collect$$rtexit$$00000004  c_w.l(rtexit2.o)
    0x0800026e   0x0800026e   0x00000002   PAD
    0x08000270   0x08000270   0x000000be   Code   RO         6090    .emb_text           port.o
    0x0800032e   0x0800032e   0x00000002   PAD
    0x08000330   0x08000330   0x00000000   Code   RO         8718    .emb_text           c_w.l(maybetermalloc1.o)
    0x08000330   0x08000330   0x00000040   Code   RO            4    .text               startup_stm32f407xx.o
    0x08000370   0x08000370   0x0000005e   Code   RO         8404    .text               c_w.l(h1_alloc.o)
    0x080003ce   0x080003ce   0x0000004e   Code   RO         8406    .text               c_w.l(h1_free.o)
    0x0800041c   0x0800041c   0x000000ee   Code   RO         8462    .text               c_w.l(lludivv7m.o)
    0x0800050a   0x0800050a   0x0000008a   Code   RO         8464    .text               c_w.l(rt_memcpy_v6.o)
    0x08000594   0x08000594   0x00000084   Code   RO         8466    .text               c_w.l(rt_memmove_v6.o)
    0x08000618   0x08000618   0x00000064   Code   RO         8468    .text               c_w.l(rt_memcpy_w.o)
    0x0800067c   0x0800067c   0x0000004e   Code   RO         8472    .text               c_w.l(rt_memclr_w.o)
    0x080006ca   0x080006ca   0x00000006   Code   RO         8474    .text               c_w.l(heapauxi.o)
    0x080006d0   0x080006d0   0x00000008   Code   RO         8572    .text               c_w.l(rt_heap_descriptor_intlibspace.o)
    0x080006d8   0x080006d8   0x00000004   Code   RO         8574    .text               c_w.l(hguard.o)
    0x080006dc   0x080006dc   0x0000008a   Code   RO         8576    .text               c_w.l(init_alloc.o)
    0x08000766   0x08000766   0x0000000e   Code   RO         8580    .text               c_w.l(h1_init.o)
    0x08000774   0x08000774   0x00000016   Code   RO         8594    .text               c_w.l(_rserrno.o)
    0x0800078a   0x0800078a   0x0000007a   Code   RO         8596    .text               c_w.l(rt_memmove_w.o)
    0x08000804   0x08000804   0x00000008   Code   RO         8691    .text               c_w.l(libspace.o)
    0x0800080c   0x0800080c   0x00000008   Code   RO         8714    .text               c_w.l(rt_errno_addr_intlibspace.o)
    0x08000814   0x08000814   0x00000034   Code   RO         8720    .text               c_w.l(h1_extend.o)
    0x08000848   0x08000848   0x00000030   Code   RO         8724    .text               c_w.l(_fptrap.o)
    0x08000878   0x08000878   0x0000000e   Code   RO         8726    .text               c_w.l(defsig_rtmem_outer.o)
    0x08000886   0x08000886   0x00000002   Code   RO         8741    .text               c_w.l(use_no_semi.o)
    0x08000888   0x08000888   0x00000000   Code   RO         8743    .text               c_w.l(indicate_semi.o)
    0x08000888   0x08000888   0x0000004a   Code   RO         8744    .text               c_w.l(sys_stackheap_outer.o)
    0x080008d2   0x080008d2   0x00000012   Code   RO         8750    .text               c_w.l(exit.o)
    0x080008e4   0x080008e4   0x0000000a   Code   RO         8752    .text               c_w.l(defsig_exit.o)
    0x080008ee   0x080008ee   0x0000000e   Code   RO         8754    .text               c_w.l(defsig_fpe_outer.o)
    0x080008fc   0x080008fc   0x00000050   Code   RO         8758    .text               c_w.l(defsig_rtmem_inner.o)
    0x0800094c   0x0800094c   0x0000000c   Code   RO         8770    .text               c_w.l(sys_exit.o)
    0x08000958   0x08000958   0x00000032   Code   RO         8780    .text               c_w.l(defsig_general.o)
    0x0800098a   0x0800098a   0x00000002   PAD
    0x0800098c   0x0800098c   0x000000ac   Code   RO         8782    .text               c_w.l(defsig_fpe_inner.o)
    0x08000a38   0x08000a38   0x0000000e   Code   RO         8800    .text               c_w.l(sys_wrch.o)
    0x08000a46   0x08000a46   0x00000002   PAD
    0x08000a48   0x08000a48   0x00000020   Code   RO         7002    i.AHRS_init         ins_task.o
    0x08000a68   0x08000a68   0x00000010   Code   RO         7728    i.BMI088_ACCEL_NS_H  bmi088middleware.o
    0x08000a78   0x08000a78   0x00000010   Code   RO         7729    i.BMI088_ACCEL_NS_L  bmi088middleware.o
    0x08000a88   0x08000a88   0x00000002   Code   RO         7730    i.BMI088_GPIO_init  bmi088middleware.o
    0x08000a8a   0x08000a8a   0x00000002   PAD
    0x08000a8c   0x08000a8c   0x00000010   Code   RO         7731    i.BMI088_GYRO_NS_H  bmi088middleware.o
    0x08000a9c   0x08000a9c   0x00000010   Code   RO         7732    i.BMI088_GYRO_NS_L  bmi088middleware.o
    0x08000aac   0x08000aac   0x00000002   Code   RO         7733    i.BMI088_com_init   bmi088middleware.o
    0x08000aae   0x08000aae   0x00000018   Code   RO         7734    i.BMI088_delay_ms   bmi088middleware.o
    0x08000ac6   0x08000ac6   0x0000002e   Code   RO         7735    i.BMI088_delay_us   bmi088middleware.o
    0x08000af4   0x08000af4   0x00000018   Code   RO         7659    i.BMI088_init       bmi088driver.o
    0x08000b0c   0x08000b0c   0x00000158   Code   RO         7660    i.BMI088_read       bmi088driver.o
    0x08000c64   0x08000c64   0x00000024   Code   RO         7661    i.BMI088_read_muli_reg  bmi088driver.o
    0x08000c88   0x08000c88   0x00000016   Code   RO         7662    i.BMI088_read_single_reg  bmi088driver.o
    0x08000c9e   0x08000c9e   0x00000002   PAD
    0x08000ca0   0x08000ca0   0x00000020   Code   RO         7736    i.BMI088_read_write_byte  bmi088middleware.o
    0x08000cc0   0x08000cc0   0x00000012   Code   RO         7663    i.BMI088_write_single_reg  bmi088driver.o
    0x08000cd2   0x08000cd2   0x00000002   Code   RO          612    i.BusFault_Handler  stm32f4xx_it.o
    0x08000cd4   0x08000cd4   0x0000001c   Code   RO         7546    i.Buzzer_Init       bsp_buzzer.o
    0x08000cf0   0x08000cf0   0x0000000c   Code   RO          613    i.CAN1_RX0_IRQHandler  stm32f4xx_it.o
    0x08000cfc   0x08000cfc   0x0000000c   Code   RO          614    i.CAN1_RX1_IRQHandler  stm32f4xx_it.o
    0x08000d08   0x08000d08   0x0000000c   Code   RO          615    i.CAN1_TX_IRQHandler  stm32f4xx_it.o
    0x08000d14   0x08000d14   0x0000000c   Code   RO          616    i.CAN2_RX0_IRQHandler  stm32f4xx_it.o
    0x08000d20   0x08000d20   0x0000000c   Code   RO          617    i.CAN2_RX1_IRQHandler  stm32f4xx_it.o
    0x08000d2c   0x08000d2c   0x00000038   Code   RO         7466    i.CAN_cmd_firc      can_receive.o
    0x08000d64   0x08000d64   0x00000034   Code   RO         7467    i.CAN_cmd_gimbal_pitch  can_receive.o
    0x08000d98   0x08000d98   0x00000034   Code   RO         7468    i.CAN_cmd_gimbal_yaw  can_receive.o
    0x08000dcc   0x08000dcc   0x00000004   Code   RO          954    i.CDC_Control_FS    usbd_cdc_if.o
    0x08000dd0   0x08000dd0   0x00000004   Code   RO          955    i.CDC_DeInit_FS     usbd_cdc_if.o
    0x08000dd4   0x08000dd4   0x00000024   Code   RO          956    i.CDC_Init_FS       usbd_cdc_if.o
    0x08000df8   0x08000df8   0x0000008c   Code   RO          957    i.CDC_Receive_FS    usbd_cdc_if.o
    0x08000e84   0x08000e84   0x00000004   Code   RO          958    i.CDC_TransmitCplt_FS  usbd_cdc_if.o
    0x08000e88   0x08000e88   0x0000002c   Code   RO          959    i.CDC_Transmit_FS   usbd_cdc_if.o
    0x08000eb4   0x08000eb4   0x00000068   Code   RO         7211    i.ControlMode_Get   key_task.o
    0x08000f1c   0x08000f1c   0x0000000c   Code   RO          618    i.DMA1_Stream1_IRQHandler  stm32f4xx_it.o
    0x08000f28   0x08000f28   0x0000000c   Code   RO          619    i.DMA2_Stream1_IRQHandler  stm32f4xx_it.o
    0x08000f34   0x08000f34   0x0000000c   Code   RO          620    i.DMA2_Stream2_IRQHandler  stm32f4xx_it.o
    0x08000f40   0x08000f40   0x0000000c   Code   RO          621    i.DMA2_Stream3_IRQHandler  stm32f4xx_it.o
    0x08000f4c   0x08000f4c   0x0000000c   Code   RO          622    i.DMA2_Stream6_IRQHandler  stm32f4xx_it.o
    0x08000f58   0x08000f58   0x00000028   Code   RO         2276    i.DMA_CalcBaseAndBitshift  stm32f4xx_hal_dma.o
    0x08000f80   0x08000f80   0x00000054   Code   RO         2277    i.DMA_CheckFifoParam  stm32f4xx_hal_dma.o
    0x08000fd4   0x08000fd4   0x00000002   Code   RO          623    i.DebugMon_Handler  stm32f4xx_it.o
    0x08000fd6   0x08000fd6   0x00000004   Code   RO           13    i.Error_Handler     main.o
    0x08000fda   0x08000fda   0x00000002   PAD
    0x08000fdc   0x08000fdc   0x0000002c   Code   RO         8183    i.Get_CRC16_Check_Sum  crc8_crc16.o
    0x08001008   0x08001008   0x000001fc   Code   RO         6568    i.Gimbal_data_transfer  communicate_task.o
    0x08001204   0x08001204   0x00000024   Code   RO         2950    i.HAL_CAN_ActivateNotification  stm32f4xx_hal_can.o
    0x08001228   0x08001228   0x000000c8   Code   RO         2951    i.HAL_CAN_AddTxMessage  stm32f4xx_hal_can.o
    0x080012f0   0x080012f0   0x0000010c   Code   RO         2952    i.HAL_CAN_ConfigFilter  stm32f4xx_hal_can.o
    0x080013fc   0x080013fc   0x00000058   Code   RO         7469    i.HAL_CAN_ErrorCallback  can_receive.o
    0x08001454   0x08001454   0x000000e8   Code   RO         2958    i.HAL_CAN_GetRxMessage  stm32f4xx_hal_can.o
    0x0800153c   0x0800153c   0x000001fc   Code   RO         2962    i.HAL_CAN_IRQHandler  stm32f4xx_hal_can.o
    0x08001738   0x08001738   0x0000011a   Code   RO         2963    i.HAL_CAN_Init      stm32f4xx_hal_can.o
    0x08001852   0x08001852   0x00000002   PAD
    0x08001854   0x08001854   0x0000012c   Code   RO          396    i.HAL_CAN_MspInit   can.o
    0x08001980   0x08001980   0x00000002   Code   RO         2970    i.HAL_CAN_RxFifo0FullCallback  stm32f4xx_hal_can.o
    0x08001982   0x08001982   0x00000002   PAD
    0x08001984   0x08001984   0x0000010c   Code   RO         7470    i.HAL_CAN_RxFifo0MsgPendingCallback  can_receive.o
    0x08001a90   0x08001a90   0x00000002   Code   RO         2972    i.HAL_CAN_RxFifo1FullCallback  stm32f4xx_hal_can.o
    0x08001a92   0x08001a92   0x00000002   Code   RO         2973    i.HAL_CAN_RxFifo1MsgPendingCallback  stm32f4xx_hal_can.o
    0x08001a94   0x08001a94   0x00000002   Code   RO         2974    i.HAL_CAN_SleepCallback  stm32f4xx_hal_can.o
    0x08001a96   0x08001a96   0x00000002   PAD
    0x08001a98   0x08001a98   0x00000058   Code   RO         2975    i.HAL_CAN_Start     stm32f4xx_hal_can.o
    0x08001af0   0x08001af0   0x00000060   Code   RO         2976    i.HAL_CAN_Stop      stm32f4xx_hal_can.o
    0x08001b50   0x08001b50   0x00000002   Code   RO         2977    i.HAL_CAN_TxMailbox0AbortCallback  stm32f4xx_hal_can.o
    0x08001b52   0x08001b52   0x00000002   Code   RO         2978    i.HAL_CAN_TxMailbox0CompleteCallback  stm32f4xx_hal_can.o
    0x08001b54   0x08001b54   0x00000002   Code   RO         2979    i.HAL_CAN_TxMailbox1AbortCallback  stm32f4xx_hal_can.o
    0x08001b56   0x08001b56   0x00000002   Code   RO         2980    i.HAL_CAN_TxMailbox1CompleteCallback  stm32f4xx_hal_can.o
    0x08001b58   0x08001b58   0x00000002   Code   RO         2981    i.HAL_CAN_TxMailbox2AbortCallback  stm32f4xx_hal_can.o
    0x08001b5a   0x08001b5a   0x00000002   Code   RO         2982    i.HAL_CAN_TxMailbox2CompleteCallback  stm32f4xx_hal_can.o
    0x08001b5c   0x08001b5c   0x00000002   Code   RO         2984    i.HAL_CAN_WakeUpFromRxMsgCallback  stm32f4xx_hal_can.o
    0x08001b5e   0x08001b5e   0x00000092   Code   RO         2279    i.HAL_DMA_Abort     stm32f4xx_hal_dma.o
    0x08001bf0   0x08001bf0   0x00000024   Code   RO         2280    i.HAL_DMA_Abort_IT  stm32f4xx_hal_dma.o
    0x08001c14   0x08001c14   0x000001a0   Code   RO         2284    i.HAL_DMA_IRQHandler  stm32f4xx_hal_dma.o
    0x08001db4   0x08001db4   0x000000d4   Code   RO         2285    i.HAL_DMA_Init      stm32f4xx_hal_dma.o
    0x08001e88   0x08001e88   0x00000024   Code   RO         2698    i.HAL_Delay         stm32f4xx_hal.o
    0x08001eac   0x08001eac   0x000001f0   Code   RO         2172    i.HAL_GPIO_Init     stm32f4xx_hal_gpio.o
    0x0800209c   0x0800209c   0x0000000a   Code   RO         2176    i.HAL_GPIO_WritePin  stm32f4xx_hal_gpio.o
    0x080020a6   0x080020a6   0x00000002   PAD
    0x080020a8   0x080020a8   0x0000000c   Code   RO         2704    i.HAL_GetTick       stm32f4xx_hal.o
    0x080020b4   0x080020b4   0x00000010   Code   RO         2710    i.HAL_IncTick       stm32f4xx_hal.o
    0x080020c4   0x080020c4   0x00000034   Code   RO         2711    i.HAL_Init          stm32f4xx_hal.o
    0x080020f8   0x080020f8   0x00000098   Code   RO          772    i.HAL_InitTick      stm32f4xx_hal_timebase_tim.o
    0x08002190   0x08002190   0x00000038   Code   RO          748    i.HAL_MspInit       stm32f4xx_hal_msp.o
    0x080021c8   0x080021c8   0x0000001a   Code   RO         2561    i.HAL_NVIC_EnableIRQ  stm32f4xx_hal_cortex.o
    0x080021e2   0x080021e2   0x00000002   PAD
    0x080021e4   0x080021e4   0x00000040   Code   RO         2567    i.HAL_NVIC_SetPriority  stm32f4xx_hal_cortex.o
    0x08002224   0x08002224   0x00000024   Code   RO         2568    i.HAL_NVIC_SetPriorityGrouping  stm32f4xx_hal_cortex.o
    0x08002248   0x08002248   0x00000002   Code   RO         1471    i.HAL_PCDEx_LPM_Callback  stm32f4xx_hal_pcd_ex.o
    0x0800224a   0x0800224a   0x00000008   Code   RO         1472    i.HAL_PCDEx_SetRxFiFo  stm32f4xx_hal_pcd_ex.o
    0x08002252   0x08002252   0x00000044   Code   RO         1473    i.HAL_PCDEx_SetTxFiFo  stm32f4xx_hal_pcd_ex.o
    0x08002296   0x08002296   0x00000008   Code   RO         1025    i.HAL_PCD_ConnectCallback  usbd_conf.o
    0x0800229e   0x0800229e   0x00000012   Code   RO         1026    i.HAL_PCD_DataInStageCallback  usbd_conf.o
    0x080022b0   0x080022b0   0x00000014   Code   RO         1027    i.HAL_PCD_DataOutStageCallback  usbd_conf.o
    0x080022c4   0x080022c4   0x00000008   Code   RO         1028    i.HAL_PCD_DisconnectCallback  usbd_conf.o
    0x080022cc   0x080022cc   0x0000001e   Code   RO         1241    i.HAL_PCD_EP_Abort  stm32f4xx_hal_pcd.o
    0x080022ea   0x080022ea   0x0000004c   Code   RO         1242    i.HAL_PCD_EP_Close  stm32f4xx_hal_pcd.o
    0x08002336   0x08002336   0x0000005c   Code   RO         1243    i.HAL_PCD_EP_ClrStall  stm32f4xx_hal_pcd.o
    0x08002392   0x08002392   0x00000012   Code   RO         1245    i.HAL_PCD_EP_GetRxCount  stm32f4xx_hal_pcd.o
    0x080023a4   0x080023a4   0x00000060   Code   RO         1246    i.HAL_PCD_EP_Open   stm32f4xx_hal_pcd.o
    0x08002404   0x08002404   0x00000048   Code   RO         1247    i.HAL_PCD_EP_Receive  stm32f4xx_hal_pcd.o
    0x0800244c   0x0800244c   0x00000074   Code   RO         1248    i.HAL_PCD_EP_SetStall  stm32f4xx_hal_pcd.o
    0x080024c0   0x080024c0   0x00000040   Code   RO         1249    i.HAL_PCD_EP_Transmit  stm32f4xx_hal_pcd.o
    0x08002500   0x08002500   0x00000560   Code   RO         1251    i.HAL_PCD_IRQHandler  stm32f4xx_hal_pcd.o
    0x08002a60   0x08002a60   0x00000008   Code   RO         1029    i.HAL_PCD_ISOINIncompleteCallback  usbd_conf.o
    0x08002a68   0x08002a68   0x00000008   Code   RO         1030    i.HAL_PCD_ISOOUTIncompleteCallback  usbd_conf.o
    0x08002a70   0x08002a70   0x000000e2   Code   RO         1254    i.HAL_PCD_Init      stm32f4xx_hal_pcd.o
    0x08002b52   0x08002b52   0x00000002   PAD
    0x08002b54   0x08002b54   0x00000084   Code   RO         1032    i.HAL_PCD_MspInit   usbd_conf.o
    0x08002bd8   0x08002bd8   0x0000002c   Code   RO         1033    i.HAL_PCD_ResetCallback  usbd_conf.o
    0x08002c04   0x08002c04   0x00000008   Code   RO         1034    i.HAL_PCD_ResumeCallback  usbd_conf.o
    0x08002c0c   0x08002c0c   0x00000008   Code   RO         1035    i.HAL_PCD_SOFCallback  usbd_conf.o
    0x08002c14   0x08002c14   0x00000028   Code   RO         1260    i.HAL_PCD_SetAddress  stm32f4xx_hal_pcd.o
    0x08002c3c   0x08002c3c   0x0000000e   Code   RO         1036    i.HAL_PCD_SetupStageCallback  usbd_conf.o
    0x08002c4a   0x08002c4a   0x00000042   Code   RO         1263    i.HAL_PCD_Start     stm32f4xx_hal_pcd.o
    0x08002c8c   0x08002c8c   0x00000030   Code   RO         1037    i.HAL_PCD_SuspendCallback  usbd_conf.o
    0x08002cbc   0x08002cbc   0x00000134   Code   RO         1818    i.HAL_RCC_ClockConfig  stm32f4xx_hal_rcc.o
    0x08002df0   0x08002df0   0x00000040   Code   RO         1822    i.HAL_RCC_GetClockConfig  stm32f4xx_hal_rcc.o
    0x08002e30   0x08002e30   0x0000000c   Code   RO         1823    i.HAL_RCC_GetHCLKFreq  stm32f4xx_hal_rcc.o
    0x08002e3c   0x08002e3c   0x00000020   Code   RO         1825    i.HAL_RCC_GetPCLK1Freq  stm32f4xx_hal_rcc.o
    0x08002e5c   0x08002e5c   0x00000020   Code   RO         1826    i.HAL_RCC_GetPCLK2Freq  stm32f4xx_hal_rcc.o
    0x08002e7c   0x08002e7c   0x00000064   Code   RO         1827    i.HAL_RCC_GetSysClockFreq  stm32f4xx_hal_rcc.o
    0x08002ee0   0x08002ee0   0x0000036c   Code   RO         1830    i.HAL_RCC_OscConfig  stm32f4xx_hal_rcc.o
    0x0800324c   0x0800324c   0x000000bc   Code   RO         3194    i.HAL_SPI_Init      stm32f4xx_hal_spi.o
    0x08003308   0x08003308   0x000000fc   Code   RO          469    i.HAL_SPI_MspInit   spi.o
    0x08003404   0x08003404   0x000001e2   Code   RO         3203    i.HAL_SPI_TransmitReceive  stm32f4xx_hal_spi.o
    0x080035e6   0x080035e6   0x00000002   Code   RO         4211    i.HAL_TIMEx_BreakCallback  stm32f4xx_hal_tim_ex.o
    0x080035e8   0x080035e8   0x00000002   Code   RO         4212    i.HAL_TIMEx_CommutCallback  stm32f4xx_hal_tim_ex.o
    0x080035ea   0x080035ea   0x00000002   PAD
    0x080035ec   0x080035ec   0x00000090   Code   RO         4230    i.HAL_TIMEx_MasterConfigSynchronization  stm32f4xx_hal_tim_ex.o
    0x0800367c   0x0800367c   0x0000005a   Code   RO         3507    i.HAL_TIM_Base_Init  stm32f4xx_hal_tim.o
    0x080036d6   0x080036d6   0x00000002   PAD
    0x080036d8   0x080036d8   0x00000028   Code   RO          511    i.HAL_TIM_Base_MspInit  tim.o
    0x08003700   0x08003700   0x00000078   Code   RO         3510    i.HAL_TIM_Base_Start  stm32f4xx_hal_tim.o
    0x08003778   0x08003778   0x00000080   Code   RO         3512    i.HAL_TIM_Base_Start_IT  stm32f4xx_hal_tim.o
    0x080037f8   0x080037f8   0x000000dc   Code   RO         3516    i.HAL_TIM_ConfigClockSource  stm32f4xx_hal_tim.o
    0x080038d4   0x080038d4   0x00000002   Code   RO         3541    i.HAL_TIM_IC_CaptureCallback  stm32f4xx_hal_tim.o
    0x080038d6   0x080038d6   0x00000166   Code   RO         3555    i.HAL_TIM_IRQHandler  stm32f4xx_hal_tim.o
    0x08003a3c   0x08003a3c   0x00000054   Code   RO          512    i.HAL_TIM_MspPostInit  tim.o
    0x08003a90   0x08003a90   0x00000002   Code   RO         3558    i.HAL_TIM_OC_DelayElapsedCallback  stm32f4xx_hal_tim.o
    0x08003a92   0x08003a92   0x000000cc   Code   RO         3579    i.HAL_TIM_PWM_ConfigChannel  stm32f4xx_hal_tim.o
    0x08003b5e   0x08003b5e   0x0000005a   Code   RO         3582    i.HAL_TIM_PWM_Init  stm32f4xx_hal_tim.o
    0x08003bb8   0x08003bb8   0x00000002   Code   RO         3584    i.HAL_TIM_PWM_MspInit  stm32f4xx_hal_tim.o
    0x08003bba   0x08003bba   0x00000002   Code   RO         3585    i.HAL_TIM_PWM_PulseFinishedCallback  stm32f4xx_hal_tim.o
    0x08003bbc   0x08003bbc   0x000000c8   Code   RO         3587    i.HAL_TIM_PWM_Start  stm32f4xx_hal_tim.o
    0x08003c84   0x08003c84   0x00000014   Code   RO           14    i.HAL_TIM_PeriodElapsedCallback  main.o
    0x08003c98   0x08003c98   0x00000002   Code   RO         3598    i.HAL_TIM_TriggerCallback  stm32f4xx_hal_tim.o
    0x08003c9a   0x08003c9a   0x00000002   Code   RO         4489    i.HAL_UARTEx_RxEventCallback  stm32f4xx_hal_uart.o
    0x08003c9c   0x08003c9c   0x00000002   Code   RO         4503    i.HAL_UART_ErrorCallback  stm32f4xx_hal_uart.o
    0x08003c9e   0x08003c9e   0x00000002   PAD
    0x08003ca0   0x08003ca0   0x00000268   Code   RO         4506    i.HAL_UART_IRQHandler  stm32f4xx_hal_uart.o
    0x08003f08   0x08003f08   0x00000062   Code   RO         4507    i.HAL_UART_Init     stm32f4xx_hal_uart.o
    0x08003f6a   0x08003f6a   0x00000002   PAD
    0x08003f6c   0x08003f6c   0x000001e8   Code   RO          559    i.HAL_UART_MspInit  usart.o
    0x08004154   0x08004154   0x00000002   Code   RO         4513    i.HAL_UART_RxCpltCallback  stm32f4xx_hal_uart.o
    0x08004156   0x08004156   0x00000002   PAD
    0x08004158   0x08004158   0x000000b2   Code   RO         4515    i.HAL_UART_Transmit  stm32f4xx_hal_uart.o
    0x0800420a   0x0800420a   0x00000002   Code   RO         4518    i.HAL_UART_TxCpltCallback  stm32f4xx_hal_uart.o
    0x0800420c   0x0800420c   0x00000002   Code   RO          624    i.HardFault_Handler  stm32f4xx_it.o
    0x0800420e   0x0800420e   0x00000002   PAD
    0x08004210   0x08004210   0x00000108   Code   RO         7003    i.INS_task          ins_task.o
    0x08004318   0x08004318   0x00000084   Code   RO         7212    i.ImgTransfer_KeyCombine  key_task.o
    0x0800439c   0x0800439c   0x00000038   Code   RO          859    i.IntToUnicode      usbd_desc.o
    0x080043d4   0x080043d4   0x000002f4   Code   RO         7801    i.K_FF_Cal          pid.o
    0x080046c8   0x080046c8   0x0000004a   Code   RO         7803    i.K_FF_init         pid.o
    0x08004712   0x08004712   0x00000002   PAD
    0x08004714   0x08004714   0x00000100   Code   RO         7213    i.Key_Scan          key_task.o
    0x08004814   0x08004814   0x00000044   Code   RO          397    i.MX_CAN1_Init      can.o
    0x08004858   0x08004858   0x00000040   Code   RO          398    i.MX_CAN2_Init      can.o
    0x08004898   0x08004898   0x0000007c   Code   RO          444    i.MX_DMA_Init       dma.o
    0x08004914   0x08004914   0x000000c0   Code   RO          304    i.MX_FREERTOS_Init  freertos.o
    0x080049d4   0x080049d4   0x000000c0   Code   RO          276    i.MX_GPIO_Init      gpio.o
    0x08004a94   0x08004a94   0x00000048   Code   RO          470    i.MX_SPI1_Init      spi.o
    0x08004adc   0x08004adc   0x00000098   Code   RO          513    i.MX_TIM4_Init      tim.o
    0x08004b74   0x08004b74   0x00000038   Code   RO          560    i.MX_USART1_UART_Init  usart.o
    0x08004bac   0x08004bac   0x0000003c   Code   RO          561    i.MX_USART3_UART_Init  usart.o
    0x08004be8   0x08004be8   0x00000038   Code   RO          562    i.MX_USART6_UART_Init  usart.o
    0x08004c20   0x08004c20   0x00000054   Code   RO          811    i.MX_USB_DEVICE_Init  usb_device.o
    0x08004c74   0x08004c74   0x000001e4   Code   RO         8049    i.MahonyAHRSupdateIMU  mahonyahrs.o
    0x08004e58   0x08004e58   0x00000002   Code   RO          625    i.MemManage_Handler  stm32f4xx_it.o
    0x08004e5a   0x08004e5a   0x00000002   PAD
    0x08004e5c   0x08004e5c   0x00000050   Code   RO         7214    i.MouseData_Combine  key_task.o
    0x08004eac   0x08004eac   0x00000002   Code   RO          626    i.NMI_Handler       stm32f4xx_it.o
    0x08004eae   0x08004eae   0x00000002   PAD
    0x08004eb0   0x08004eb0   0x0000000c   Code   RO          627    i.OTG_FS_IRQHandler  stm32f4xx_it.o
    0x08004ebc   0x08004ebc   0x000000cc   Code   RO         1267    i.PCD_EP_OutXfrComplete_int  stm32f4xx_hal_pcd.o
    0x08004f88   0x08004f88   0x000000a2   Code   RO         1268    i.PCD_WriteEmptyTxFifo  stm32f4xx_hal_pcd.o
    0x0800502a   0x0800502a   0x00000002   PAD
    0x0800502c   0x0800502c   0x000001ec   Code   RO         7805    i.PID_calc          pid.o
    0x08005218   0x08005218   0x0000004e   Code   RO         7807    i.PID_init          pid.o
    0x08005266   0x08005266   0x00000002   PAD
    0x08005268   0x08005268   0x00000060   Code   RO         7585    i.RC_init           bsp_rc.o
    0x080052c8   0x080052c8   0x00000044   Code   RO         7268    i.Referee_Data_Process  referee.o
    0x0800530c   0x0800530c   0x0000001c   Code   RO         7269    i.Referee_Sys_Init  referee.o
    0x08005328   0x08005328   0x00000058   Code   RO         3232    i.SPI_EndRxTxTransaction  stm32f4xx_hal_spi.o
    0x08005380   0x08005380   0x000000b8   Code   RO         3237    i.SPI_WaitFlagStateUntilTimeout  stm32f4xx_hal_spi.o
    0x08005438   0x08005438   0x0000000a   Code   RO         6329    i.SWAPBYTE          usbd_ctlreq.o
    0x08005442   0x08005442   0x00000002   PAD
    0x08005444   0x08005444   0x0000002c   Code   RO         6091    i.SysTick_Handler   port.o
    0x08005470   0x08005470   0x00000094   Code   RO           15    i.SystemClock_Config  main.o
    0x08005504   0x08005504   0x00000010   Code   RO         4836    i.SystemInit        system_stm32f4xx.o
    0x08005514   0x08005514   0x0000000c   Code   RO          628    i.TIM5_IRQHandler   stm32f4xx_it.o
    0x08005520   0x08005520   0x000000c8   Code   RO         3600    i.TIM_Base_SetConfig  stm32f4xx_hal_tim.o
    0x080055e8   0x080055e8   0x0000001a   Code   RO         3601    i.TIM_CCxChannelCmd  stm32f4xx_hal_tim.o
    0x08005602   0x08005602   0x00000014   Code   RO         3611    i.TIM_ETR_SetConfig  stm32f4xx_hal_tim.o
    0x08005616   0x08005616   0x00000010   Code   RO         3612    i.TIM_ITRx_SetConfig  stm32f4xx_hal_tim.o
    0x08005626   0x08005626   0x00000002   PAD
    0x08005628   0x08005628   0x00000060   Code   RO         3613    i.TIM_OC1_SetConfig  stm32f4xx_hal_tim.o
    0x08005688   0x08005688   0x0000006c   Code   RO         3614    i.TIM_OC2_SetConfig  stm32f4xx_hal_tim.o
    0x080056f4   0x080056f4   0x00000068   Code   RO         3615    i.TIM_OC3_SetConfig  stm32f4xx_hal_tim.o
    0x0800575c   0x0800575c   0x00000050   Code   RO         3616    i.TIM_OC4_SetConfig  stm32f4xx_hal_tim.o
    0x080057ac   0x080057ac   0x00000022   Code   RO         3618    i.TIM_TI1_ConfigInputStage  stm32f4xx_hal_tim.o
    0x080057ce   0x080057ce   0x00000024   Code   RO         3620    i.TIM_TI2_ConfigInputStage  stm32f4xx_hal_tim.o
    0x080057f2   0x080057f2   0x00000010   Code   RO         4520    i.UART_DMAAbortOnError  stm32f4xx_hal_uart.o
    0x08005802   0x08005802   0x0000004e   Code   RO         4530    i.UART_EndRxTransfer  stm32f4xx_hal_uart.o
    0x08005850   0x08005850   0x000000c0   Code   RO         4532    i.UART_Receive_IT   stm32f4xx_hal_uart.o
    0x08005910   0x08005910   0x0000010c   Code   RO         4533    i.UART_SetConfig    stm32f4xx_hal_uart.o
    0x08005a1c   0x08005a1c   0x00000078   Code   RO         4536    i.UART_WaitOnFlagUntilTimeout  stm32f4xx_hal_uart.o
    0x08005a94   0x08005a94   0x0000000c   Code   RO          629    i.USART1_IRQHandler  stm32f4xx_it.o
    0x08005aa0   0x08005aa0   0x000000c0   Code   RO         7132    i.USART3_IRQHandler  remote_control.o
    0x08005b60   0x08005b60   0x00000090   Code   RO         7270    i.USART6_IRQHandler  referee.o
    0x08005bf0   0x08005bf0   0x00000076   Code   RO         6462    i.USBD_CDC_DataIn   usbd_cdc.o
    0x08005c66   0x08005c66   0x0000003c   Code   RO         6463    i.USBD_CDC_DataOut  usbd_cdc.o
    0x08005ca2   0x08005ca2   0x00000002   PAD
    0x08005ca4   0x08005ca4   0x00000090   Code   RO         6464    i.USBD_CDC_DeInit   usbd_cdc.o
    0x08005d34   0x08005d34   0x00000036   Code   RO         6465    i.USBD_CDC_EP0_RxReady  usbd_cdc.o
    0x08005d6a   0x08005d6a   0x00000002   PAD
    0x08005d6c   0x08005d6c   0x0000000c   Code   RO         6466    i.USBD_CDC_GetDeviceQualifierDescriptor  usbd_cdc.o
    0x08005d78   0x08005d78   0x0000003c   Code   RO         6467    i.USBD_CDC_GetFSCfgDesc  usbd_cdc.o
    0x08005db4   0x08005db4   0x00000040   Code   RO         6468    i.USBD_CDC_GetHSCfgDesc  usbd_cdc.o
    0x08005df4   0x08005df4   0x0000003c   Code   RO         6469    i.USBD_CDC_GetOtherSpeedCfgDesc  usbd_cdc.o
    0x08005e30   0x08005e30   0x00000118   Code   RO         6470    i.USBD_CDC_Init     usbd_cdc.o
    0x08005f48   0x08005f48   0x00000038   Code   RO         6471    i.USBD_CDC_ReceivePacket  usbd_cdc.o
    0x08005f80   0x08005f80   0x00000016   Code   RO         6472    i.USBD_CDC_RegisterInterface  usbd_cdc.o
    0x08005f96   0x08005f96   0x0000001a   Code   RO         6473    i.USBD_CDC_SetRxBuffer  usbd_cdc.o
    0x08005fb0   0x08005fb0   0x0000001e   Code   RO         6474    i.USBD_CDC_SetTxBuffer  usbd_cdc.o
    0x08005fce   0x08005fce   0x000000d4   Code   RO         6475    i.USBD_CDC_Setup    usbd_cdc.o
    0x080060a2   0x080060a2   0x00000002   PAD
    0x080060a4   0x080060a4   0x00000050   Code   RO         6476    i.USBD_CDC_TransmitPacket  usbd_cdc.o
    0x080060f4   0x080060f4   0x00000014   Code   RO         6170    i.USBD_ClrClassConfig  usbd_core.o
    0x08006108   0x08006108   0x00000004   Code   RO         6171    i.USBD_CoreFindEP   usbd_core.o
    0x0800610c   0x0800610c   0x00000004   Code   RO         6172    i.USBD_CoreFindIF   usbd_core.o
    0x08006110   0x08006110   0x00000010   Code   RO         6402    i.USBD_CtlContinueRx  usbd_ioreq.o
    0x08006120   0x08006120   0x00000010   Code   RO         6403    i.USBD_CtlContinueSendData  usbd_ioreq.o
    0x08006130   0x08006130   0x00000016   Code   RO         6330    i.USBD_CtlError     usbd_ctlreq.o
    0x08006146   0x08006146   0x0000001e   Code   RO         6404    i.USBD_CtlPrepareRx  usbd_ioreq.o
    0x08006164   0x08006164   0x00000016   Code   RO         6405    i.USBD_CtlReceiveStatus  usbd_ioreq.o
    0x0800617a   0x0800617a   0x0000001a   Code   RO         6406    i.USBD_CtlSendData  usbd_ioreq.o
    0x08006194   0x08006194   0x00000016   Code   RO         6407    i.USBD_CtlSendStatus  usbd_ioreq.o
    0x080061aa   0x080061aa   0x00000002   PAD
    0x080061ac   0x080061ac   0x00000020   Code   RO          860    i.USBD_FS_ConfigStrDescriptor  usbd_desc.o
    0x080061cc   0x080061cc   0x0000000c   Code   RO          861    i.USBD_FS_DeviceDescriptor  usbd_desc.o
    0x080061d8   0x080061d8   0x00000024   Code   RO          862    i.USBD_FS_InterfaceStrDescriptor  usbd_desc.o
    0x080061fc   0x080061fc   0x0000000c   Code   RO          863    i.USBD_FS_LangIDStrDescriptor  usbd_desc.o
    0x08006208   0x08006208   0x00000028   Code   RO          864    i.USBD_FS_ManufacturerStrDescriptor  usbd_desc.o
    0x08006230   0x08006230   0x0000002c   Code   RO          865    i.USBD_FS_ProductStrDescriptor  usbd_desc.o
    0x0800625c   0x0800625c   0x00000038   Code   RO          866    i.USBD_FS_SerialStrDescriptor  usbd_desc.o
    0x08006294   0x08006294   0x000000e6   Code   RO         6331    i.USBD_GetDescriptor  usbd_ctlreq.o
    0x0800637a   0x0800637a   0x0000003a   Code   RO         6174    i.USBD_GetEpDesc    usbd_core.o
    0x080063b4   0x080063b4   0x0000000e   Code   RO         6175    i.USBD_GetNextDesc  usbd_core.o
    0x080063c2   0x080063c2   0x00000048   Code   RO         6332    i.USBD_GetString    usbd_ctlreq.o
    0x0800640a   0x0800640a   0x00000018   Code   RO         1038    i.USBD_Get_USB_Status  usbd_conf.o
    0x08006422   0x08006422   0x00000026   Code   RO         6176    i.USBD_Init         usbd_core.o
    0x08006448   0x08006448   0x00000012   Code   RO         1039    i.USBD_LL_ClearStallEP  usbd_conf.o
    0x0800645a   0x0800645a   0x00000012   Code   RO         1040    i.USBD_LL_CloseEP   usbd_conf.o
    0x0800646c   0x0800646c   0x000000b6   Code   RO         6177    i.USBD_LL_DataInStage  usbd_core.o
    0x08006522   0x08006522   0x0000008e   Code   RO         6178    i.USBD_LL_DataOutStage  usbd_core.o
    0x080065b0   0x080065b0   0x00000004   Code   RO         6179    i.USBD_LL_DevConnected  usbd_core.o
    0x080065b4   0x080065b4   0x0000001e   Code   RO         6180    i.USBD_LL_DevDisconnected  usbd_core.o
    0x080065d2   0x080065d2   0x00000008   Code   RO         1044    i.USBD_LL_GetRxDataSize  usbd_conf.o
    0x080065da   0x080065da   0x00000002   PAD
    0x080065dc   0x080065dc   0x00000060   Code   RO         1045    i.USBD_LL_Init      usbd_conf.o
    0x0800663c   0x0800663c   0x00000020   Code   RO         1046    i.USBD_LL_IsStallEP  usbd_conf.o
    0x0800665c   0x0800665c   0x00000028   Code   RO         6181    i.USBD_LL_IsoINIncomplete  usbd_core.o
    0x08006684   0x08006684   0x00000028   Code   RO         6182    i.USBD_LL_IsoOUTIncomplete  usbd_core.o
    0x080066ac   0x080066ac   0x00000018   Code   RO         1047    i.USBD_LL_OpenEP    usbd_conf.o
    0x080066c4   0x080066c4   0x00000012   Code   RO         1048    i.USBD_LL_PrepareReceive  usbd_conf.o
    0x080066d6   0x080066d6   0x0000005c   Code   RO         6183    i.USBD_LL_Reset     usbd_core.o
    0x08006732   0x08006732   0x00000014   Code   RO         6184    i.USBD_LL_Resume    usbd_core.o
    0x08006746   0x08006746   0x0000001a   Code   RO         6185    i.USBD_LL_SOF       usbd_core.o
    0x08006760   0x08006760   0x00000006   Code   RO         6186    i.USBD_LL_SetSpeed  usbd_core.o
    0x08006766   0x08006766   0x00000012   Code   RO         1049    i.USBD_LL_SetUSBAddress  usbd_conf.o
    0x08006778   0x08006778   0x00000060   Code   RO         6187    i.USBD_LL_SetupStage  usbd_core.o
    0x080067d8   0x080067d8   0x00000012   Code   RO         1050    i.USBD_LL_StallEP   usbd_conf.o
    0x080067ea   0x080067ea   0x00000012   Code   RO         1051    i.USBD_LL_Start     usbd_conf.o
    0x080067fc   0x080067fc   0x00000012   Code   RO         6188    i.USBD_LL_Suspend   usbd_core.o
    0x0800680e   0x0800680e   0x00000012   Code   RO         1053    i.USBD_LL_Transmit  usbd_conf.o
    0x08006820   0x08006820   0x0000002c   Code   RO         6333    i.USBD_ParseSetupRequest  usbd_ctlreq.o
    0x0800684c   0x0800684c   0x0000003a   Code   RO         6189    i.USBD_RegisterClass  usbd_core.o
    0x08006886   0x08006886   0x00000014   Code   RO         6191    i.USBD_SetClassConfig  usbd_core.o
    0x0800689a   0x0800689a   0x00000002   PAD
    0x0800689c   0x0800689c   0x000000b8   Code   RO         6334    i.USBD_SetConfig    usbd_ctlreq.o
    0x08006954   0x08006954   0x00000004   Code   RO         6192    i.USBD_Start        usbd_core.o
    0x08006958   0x08006958   0x0000012c   Code   RO         6335    i.USBD_StdDevReq    usbd_ctlreq.o
    0x08006a84   0x08006a84   0x00000160   Code   RO         6336    i.USBD_StdEPReq     usbd_ctlreq.o
    0x08006be4   0x08006be4   0x00000072   Code   RO         6337    i.USBD_StdItfReq    usbd_ctlreq.o
    0x08006c56   0x08006c56   0x00000002   Code   RO         1054    i.USBD_static_free  usbd_conf.o
    0x08006c58   0x08006c58   0x00000008   Code   RO         1055    i.USBD_static_malloc  usbd_conf.o
    0x08006c60   0x08006c60   0x00000080   Code   RO         1513    i.USB_ActivateEndpoint  stm32f4xx_ll_usb.o
    0x08006ce0   0x08006ce0   0x0000001c   Code   RO         1515    i.USB_ActivateSetup  stm32f4xx_ll_usb.o
    0x08006cfc   0x08006cfc   0x0000004c   Code   RO         6569    i.USB_CMD_PC        communicate_task.o
    0x08006d48   0x08006d48   0x00000074   Code   RO         1517    i.USB_CoreInit      stm32f4xx_ll_usb.o
    0x08006dbc   0x08006dbc   0x00000040   Code   RO         1518    i.USB_CoreReset     stm32f4xx_ll_usb.o
    0x08006dfc   0x08006dfc   0x000000cc   Code   RO         1521    i.USB_DeactivateEndpoint  stm32f4xx_ll_usb.o
    0x08006ec8   0x08006ec8   0x0000001c   Code   RO         1522    i.USB_DevConnect    stm32f4xx_ll_usb.o
    0x08006ee4   0x08006ee4   0x0000001c   Code   RO         1523    i.USB_DevDisconnect  stm32f4xx_ll_usb.o
    0x08006f00   0x08006f00   0x00000174   Code   RO         1524    i.USB_DevInit       stm32f4xx_ll_usb.o
    0x08007074   0x08007074   0x0000000c   Code   RO         1525    i.USB_DisableGlobalInt  stm32f4xx_ll_usb.o
    0x08007080   0x08007080   0x0000011c   Code   RO         1528    i.USB_EP0StartXfer  stm32f4xx_ll_usb.o
    0x0800719c   0x0800719c   0x00000058   Code   RO         1529    i.USB_EP0_OutStart  stm32f4xx_ll_usb.o
    0x080071f4   0x080071f4   0x00000058   Code   RO         1530    i.USB_EPClearStall  stm32f4xx_ll_usb.o
    0x0800724c   0x0800724c   0x00000058   Code   RO         1531    i.USB_EPSetStall    stm32f4xx_ll_usb.o
    0x080072a4   0x080072a4   0x000001e4   Code   RO         1532    i.USB_EPStartXfer   stm32f4xx_ll_usb.o
    0x08007488   0x08007488   0x0000009e   Code   RO         1533    i.USB_EPStopXfer    stm32f4xx_ll_usb.o
    0x08007526   0x08007526   0x0000000c   Code   RO         1534    i.USB_EnableGlobalInt  stm32f4xx_ll_usb.o
    0x08007532   0x08007532   0x00000002   PAD
    0x08007534   0x08007534   0x0000003c   Code   RO         1535    i.USB_FlushRxFifo   stm32f4xx_ll_usb.o
    0x08007570   0x08007570   0x00000040   Code   RO         1536    i.USB_FlushTxFifo   stm32f4xx_ll_usb.o
    0x080075b0   0x080075b0   0x0000001a   Code   RO         1538    i.USB_GetDevSpeed   stm32f4xx_ll_usb.o
    0x080075ca   0x080075ca   0x00000008   Code   RO         1540    i.USB_GetMode       stm32f4xx_ll_usb.o
    0x080075d2   0x080075d2   0x0000000e   Code   RO         1547    i.USB_ReadDevAllInEpInterrupt  stm32f4xx_ll_usb.o
    0x080075e0   0x080075e0   0x0000000e   Code   RO         1548    i.USB_ReadDevAllOutEpInterrupt  stm32f4xx_ll_usb.o
    0x080075ee   0x080075ee   0x00000024   Code   RO         1549    i.USB_ReadDevInEPInterrupt  stm32f4xx_ll_usb.o
    0x08007612   0x08007612   0x00000010   Code   RO         1550    i.USB_ReadDevOutEPInterrupt  stm32f4xx_ll_usb.o
    0x08007622   0x08007622   0x00000008   Code   RO         1551    i.USB_ReadInterrupts  stm32f4xx_ll_usb.o
    0x0800762a   0x0800762a   0x0000003e   Code   RO         1552    i.USB_ReadPacket    stm32f4xx_ll_usb.o
    0x08007668   0x08007668   0x0000005c   Code   RO         1554    i.USB_SetCurrentMode  stm32f4xx_ll_usb.o
    0x080076c4   0x080076c4   0x00000022   Code   RO         1555    i.USB_SetDevAddress  stm32f4xx_ll_usb.o
    0x080076e6   0x080076e6   0x00000002   PAD
    0x080076e8   0x080076e8   0x000000e8   Code   RO         1557    i.USB_SetTurnaroundTime  stm32f4xx_ll_usb.o
    0x080077d0   0x080077d0   0x00000028   Code   RO         1560    i.USB_WritePacket   stm32f4xx_ll_usb.o
    0x080077f8   0x080077f8   0x00000002   Code   RO          630    i.UsageFault_Handler  stm32f4xx_it.o
    0x080077fa   0x080077fa   0x00000002   PAD
    0x080077fc   0x080077fc   0x00000010   Code   RO         7083    i.VofaInit          vofa_task.o
    0x0800780c   0x0800780c   0x00000018   Code   RO         7084    i.Vofa_Send         vofa_task.o
    0x08007824   0x08007824   0x00000026   Code   RO         8670    i.__ARM_fpclassifyf  m_wm.l(fpclassifyf.o)
    0x0800784a   0x0800784a   0x00000020   Code   RO         2574    i.__NVIC_SetPriority  stm32f4xx_hal_cortex.o
    0x0800786a   0x0800786a   0x00000002   PAD
    0x0800786c   0x0800786c   0x0000012c   Code   RO         8502    i.__hardfp_asinf    m_wm.l(asinf.o)
    0x08007998   0x08007998   0x00000250   Code   RO         8514    i.__hardfp_atan2f   m_wm.l(atan2f.o)
    0x08007be8   0x08007be8   0x00000006   Code   RO         8673    i.__mathlib_flt_infnan  m_wm.l(funder.o)
    0x08007bee   0x08007bee   0x00000006   Code   RO         8674    i.__mathlib_flt_infnan2  m_wm.l(funder.o)
    0x08007bf4   0x08007bf4   0x00000010   Code   RO         8675    i.__mathlib_flt_invalid  m_wm.l(funder.o)
    0x08007c04   0x08007c04   0x00000010   Code   RO         8678    i.__mathlib_flt_underflow  m_wm.l(funder.o)
    0x08007c14   0x08007c14   0x00000030   Code   RO         6873    i.angle_to_180      gimbal_task.o
    0x08007c44   0x08007c44   0x00000110   Code   RO         7664    i.bmi088_accel_init  bmi088driver.o
    0x08007d54   0x08007d54   0x000000dc   Code   RO         7665    i.bmi088_gyro_init  bmi088driver.o
    0x08007e30   0x08007e30   0x00000228   Code   RO         7321    i.buzzer_effects_task  sound_effects_task.o
    0x08008058   0x08008058   0x00000010   Code   RO         7547    i.buzzer_off        bsp_buzzer.o
    0x08008068   0x08008068   0x00000010   Code   RO         7548    i.buzzer_on         bsp_buzzer.o
    0x08008078   0x08008078   0x00000080   Code   RO         7471    i.canfilter_init_start  can_receive.o
    0x080080f8   0x080080f8   0x00000010   Code   RO         6570    i.communicate_task  communicate_task.o
    0x08008108   0x08008108   0x00000050   Code   RO         6678    i.detect_hook       detect_task.o
    0x08008158   0x08008158   0x00000078   Code   RO         6679    i.detect_init       detect_task.o
    0x080081d0   0x080081d0   0x000000f0   Code   RO         6680    i.detect_task       detect_task.o
    0x080082c0   0x080082c0   0x000000dc   Code   RO         6758    i.fric_motor_control  shoot_task.o
    0x0800839c   0x0800839c   0x00000014   Code   RO         7004    i.get_INS_angle     ins_task.o
    0x080083b0   0x080083b0   0x00000008   Code   RO         7005    i.get_INS_data_point  ins_task.o
    0x080083b8   0x080083b8   0x000000b0   Code   RO         7007    i.get_angle         ins_task.o
    0x08008468   0x08008468   0x00000010   Code   RO         7472    i.get_gimbal_friction_motor_measure_point  can_receive.o
    0x08008478   0x08008478   0x00000008   Code   RO         7473    i.get_gimbal_pitch_motor_measure_point  can_receive.o
    0x08008480   0x08008480   0x00000008   Code   RO         7474    i.get_gimbal_yaw_motor_measure_point  can_receive.o
    0x08008488   0x08008488   0x00000008   Code   RO         6571    i.get_mini_data_point  communicate_task.o
    0x08008490   0x08008490   0x00000008   Code   RO         7133    i.get_remote_control_point  remote_control.o
    0x08008498   0x08008498   0x00000008   Code   RO         6759    i.get_shoot_PID_Debug  shoot_task.o
    0x080084a0   0x080084a0   0x000000a0   Code   RO         6874    i.gimbal_auto_angle_limit  gimbal_task.o
    0x08008540   0x08008540   0x00000034   Code   RO         6818    i.gimbal_behaviour_control_set  gimbal_behaviour.o
    0x08008574   0x08008574   0x00000054   Code   RO         6819    i.gimbal_behaviour_mode_set  gimbal_behaviour.o
    0x080085c8   0x080085c8   0x00000108   Code   RO         6820    i.gimbal_encode_angle_control  gimbal_behaviour.o
    0x080086d0   0x080086d0   0x00000078   Code   RO         6875    i.gimbal_encode_angle_limit  gimbal_task.o
    0x08008748   0x08008748   0x00000064   Code   RO         6876    i.gimbal_feedback_update  gimbal_task.o
    0x080087ac   0x080087ac   0x000000d4   Code   RO         6877    i.gimbal_gyro_angle_limit  gimbal_task.o
    0x08008880   0x08008880   0x00000218   Code   RO         6878    i.gimbal_init       gimbal_task.o
    0x08008a98   0x08008a98   0x0000005c   Code   RO         6879    i.gimbal_motor_auto_angle_control  gimbal_task.o
    0x08008af4   0x08008af4   0x0000003c   Code   RO         6880    i.gimbal_motor_encode_angle_control  gimbal_task.o
    0x08008b30   0x08008b30   0x00000064   Code   RO         6881    i.gimbal_motor_gyro_angle_control  gimbal_task.o
    0x08008b94   0x08008b94   0x00000080   Code   RO         6882    i.gimbal_set_control  gimbal_task.o
    0x08008c14   0x08008c14   0x00000134   Code   RO         6883    i.gimbal_task       gimbal_task.o
    0x08008d48   0x08008d48   0x000000b0   Code   RO         7008    i.imu_offset_accquier  ins_task.o
    0x08008df8   0x08008df8   0x00000032   Code   RO         7009    i.imu_offset_remove  ins_task.o
    0x08008e2a   0x08008e2a   0x00000002   PAD
    0x08008e2c   0x08008e2c   0x0000002c   Code   RO         8050    i.invSqrt           mahonyahrs.o
    0x08008e58   0x08008e58   0x0000004c   Code   RO         7215    i.key_task          key_task.o
    0x08008ea4   0x08008ea4   0x0000004a   Code   RO           16    i.main              main.o
    0x08008eee   0x08008eee   0x0000000c   Code   RO         5656    i.makeFreeRtosPriority  cmsis_os.o
    0x08008efa   0x08008efa   0x00000002   PAD
    0x08008efc   0x08008efc   0x00000034   Code   RO         6884    i.motor_ecd_to_angle_change  gimbal_task.o
    0x08008f30   0x08008f30   0x00000010   Code   RO         7808    i.my_fabs           pid.o
    0x08008f40   0x08008f40   0x0000000e   Code   RO         5658    i.osDelay           cmsis_os.o
    0x08008f4e   0x08008f4e   0x0000000a   Code   RO         5661    i.osKernelStart     cmsis_os.o
    0x08008f58   0x08008f58   0x00000054   Code   RO         5695    i.osThreadCreate    cmsis_os.o
    0x08008fac   0x08008fac   0x00000070   Code   RO         5338    i.prvAddCurrentTaskToDelayedList  tasks.o
    0x0800901c   0x0800901c   0x000000d0   Code   RO         5339    i.prvAddNewTaskToReadyList  tasks.o
    0x080090ec   0x080090ec   0x00000034   Code   RO         5340    i.prvDeleteTCB      tasks.o
    0x08009120   0x08009120   0x0000004c   Code   RO         6023    i.prvHeapInit       heap_4.o
    0x0800916c   0x0800916c   0x00000060   Code   RO         5341    i.prvIdleTask       tasks.o
    0x080091cc   0x080091cc   0x00000098   Code   RO         5342    i.prvInitialiseNewTask  tasks.o
    0x08009264   0x08009264   0x0000004c   Code   RO         6024    i.prvInsertBlockIntoFreeList  heap_4.o
    0x080092b0   0x080092b0   0x00000020   Code   RO         5343    i.prvResetNextTaskUnblockTime  tasks.o
    0x080092d0   0x080092d0   0x00000028   Code   RO         6092    i.prvTaskExitError  port.o
    0x080092f8   0x080092f8   0x000000dc   Code   RO         6025    i.pvPortMalloc      heap_4.o
    0x080093d4   0x080093d4   0x0000002c   Code   RO         6093    i.pxPortInitialiseStack  port.o
    0x08009400   0x08009400   0x000000e8   Code   RO         7364    i.referee_init      bsp_usart.o
    0x080094e8   0x080094e8   0x00000010   Code   RO         7134    i.remote_control_init  remote_control.o
    0x080094f8   0x080094f8   0x000000b4   Code   RO         7135    i.sbus_to_rc        remote_control.o
    0x080095ac   0x080095ac   0x000000a8   Code   RO         6760    i.shoot_feedback_update  shoot_task.o
    0x08009654   0x08009654   0x000001dc   Code   RO         6968    i.shoot_motor_behaviour_set  shoot_behaviour.o
    0x08009830   0x08009830   0x00000034   Code   RO         6761    i.shoot_motor_control  shoot_task.o
    0x08009864   0x08009864   0x00000004   Code   RO         6969    i.shoot_motor_mode_set  shoot_behaviour.o
    0x08009868   0x08009868   0x000000f8   Code   RO         6762    i.shoot_task        shoot_task.o
    0x08009960   0x08009960   0x0000003e   Code   RO         8546    i.sqrtf             m_wm.l(sqrtf_full.o)
    0x0800999e   0x0800999e   0x00000002   PAD
    0x080099a0   0x080099a0   0x00000018   Code   RO         6682    i.toe_is_error      detect_task.o
    0x080099b8   0x080099b8   0x00000026   Code   RO         4974    i.uxListRemove      list.o
    0x080099de   0x080099de   0x00000002   PAD
    0x080099e0   0x080099e0   0x00000014   Code   RO          311    i.vApplicationGetIdleTaskMemory  freertos.o
    0x080099f4   0x080099f4   0x00000016   Code   RO         4975    i.vListInitialise   list.o
    0x08009a0a   0x08009a0a   0x00000006   Code   RO         4976    i.vListInitialiseItem  list.o
    0x08009a10   0x08009a10   0x00000030   Code   RO         4977    i.vListInsert       list.o
    0x08009a40   0x08009a40   0x00000018   Code   RO         4978    i.vListInsertEnd    list.o
    0x08009a58   0x08009a58   0x00000040   Code   RO         6095    i.vPortEnterCritical  port.o
    0x08009a98   0x08009a98   0x00000028   Code   RO         6096    i.vPortExitCritical  port.o
    0x08009ac0   0x08009ac0   0x00000064   Code   RO         6026    i.vPortFree         heap_4.o
    0x08009b24   0x08009b24   0x00000024   Code   RO         6097    i.vPortSetupTimerInterrupt  port.o
    0x08009b48   0x08009b48   0x0000004c   Code   RO         5352    i.vTaskDelay        tasks.o
    0x08009b94   0x08009b94   0x0000006c   Code   RO         5365    i.vTaskStartScheduler  tasks.o
    0x08009c00   0x08009c00   0x00000010   Code   RO         5367    i.vTaskSuspendAll   tasks.o
    0x08009c10   0x08009c10   0x0000005c   Code   RO         5368    i.vTaskSwitchContext  tasks.o
    0x08009c6c   0x08009c6c   0x00000040   Code   RO         7085    i.vofa_justfloat    vofa_task.o
    0x08009cac   0x08009cac   0x0000001c   Code   RO         7086    i.vofa_task         vofa_task.o
    0x08009cc8   0x08009cc8   0x000000f4   Code   RO         6099    i.xPortStartScheduler  port.o
    0x08009dbc   0x08009dbc   0x0000005a   Code   RO         5371    i.xTaskCreate       tasks.o
    0x08009e16   0x08009e16   0x00000056   Code   RO         5372    i.xTaskCreateStatic  tasks.o
    0x08009e6c   0x08009e6c   0x0000000c   Code   RO         5377    i.xTaskGetTickCount  tasks.o
    0x08009e78   0x08009e78   0x000000cc   Code   RO         5379    i.xTaskIncrementTick  tasks.o
    0x08009f44   0x08009f44   0x000000c4   Code   RO         5385    i.xTaskResumeAll    tasks.o
    0x0800a008   0x0800a008   0x000002c4   Code   RO         8478    x$fpl$d2f           g_wm.l(d2f_clz.o)
    0x0800a2cc   0x0800a2cc   0x0000002e   Code   RO         8481    x$fpl$dflt          g_wm.l(dflt_clz.o)
    0x0800a2fa   0x0800a2fa   0x00000002   PAD
    0x0800a2fc   0x0800a2fc   0x000001c0   Code   RO         8486    x$fpl$dmul          g_wm.l(dmul_clz.o)
    0x0800a4bc   0x0800a4bc   0x00000102   Code   RO         8649    x$fpl$dnaninf       g_wm.l(dnaninf.o)
    0x0800a5be   0x0800a5be   0x00000070   Code   RO         8651    x$fpl$drenorm       g_wm.l(drenorm_clz.o)
    0x0800a62e   0x0800a62e   0x0000000c   Code   RO         8653    x$fpl$dretinf       g_wm.l(dretinf.o)
    0x0800a63a   0x0800a63a   0x0000017a   Code   RO         8657    x$fpl$dunder        g_wm.l(dunder_clz.o)
    0x0800a7b4   0x0800a7b4   0x000001ec   Code   RO         8659    x$fpl$exception     g_wm.l(except.o)
    0x0800a9a0   0x0800a9a0   0x0000000a   Code   RO         8737    x$fpl$fpinit        g_wm.l(fpinit.o)
    0x0800a9aa   0x0800a9aa   0x0000000a   Code   RO         8663    x$fpl$fretinf       g_wm.l(fretinf.o)
    0x0800a9b4   0x0800a9b4   0x0000013c   Code   RO         8665    x$fpl$funder        g_wm.l(funder_clz.o)
    0x0800aaf0   0x0800aaf0   0x000000b2   Code   RO         8739    x$fpl$retnan        g_wm.l(retnan.o)
    0x0800aba2   0x0800aba2   0x0000007e   Code   RO         8667    x$fpl$trapveneer    g_wm.l(trapv.o)
    0x0800ac20   0x0800ac20   0x00000000   Code   RO         8669    x$fpl$usenofp       g_wm.l(usenofp.o)
    0x0800ac20   0x0800ac20   0x000000e0   Data   RO          314    .constdata          freertos.o
    0x0800ad00   0x0800ad00   0x00000008   Data   RO         2291    .constdata          stm32f4xx_hal_dma.o
    0x0800ad08   0x0800ad08   0x00000010   Data   RO         4837    .constdata          system_stm32f4xx.o
    0x0800ad18   0x0800ad18   0x00000008   Data   RO         4838    .constdata          system_stm32f4xx.o
    0x0800ad20   0x0800ad20   0x0000002a   Data   RO         6684    .constdata          detect_task.o
    0x0800ad4a   0x0800ad4a   0x00000002   PAD
    0x0800ad4c   0x0800ad4c   0x00000018   Data   RO         6764    .constdata          shoot_task.o
    0x0800ad64   0x0800ad64   0x00000080   Data   RO         6886    .constdata          gimbal_task.o
    0x0800ade4   0x0800ade4   0x0000000c   Data   RO         7012    .constdata          ins_task.o
    0x0800adf0   0x0800adf0   0x00000300   Data   RO         8188    .constdata          crc8_crc16.o
    0x0800b0f0   0x0800b0f0   0x0000006c   Data   RO          315    .conststring        freertos.o
    0x0800b15c   0x0800b15c   0x00000020   Data   RO         8828    Region$$Table       anon$$obj.o


    Execution Region RW_IRAM1 (Exec base: 0x20000000, Load base: 0x0800b17c, Size: 0x000076c0, Max: 0x0001c000, ABSOLUTE, COMPRESSED[0x00000100])

    Exec Addr    Load Addr    Size         Type   Attr      Idx    E Section Name        Object

    0x20000000   COMPRESSED   0x00000020   Data   RW          316    .data               freertos.o
    0x20000020   COMPRESSED   0x00000004   Data   RW          400    .data               can.o
    0x20000024   COMPRESSED   0x0000001c   Data   RW          868    .data               usbd_desc.o
    0x20000040   COMPRESSED   0x00000032   Data   RW          869    .data               usbd_desc.o
    0x20000072   COMPRESSED   0x00000002   PAD
    0x20000074   COMPRESSED   0x00000014   Data   RW          961    .data               usbd_cdc_if.o
    0x20000088   COMPRESSED   0x0000000c   Data   RW         2718    .data               stm32f4xx_hal.o
    0x20000094   COMPRESSED   0x00000004   Data   RW         4839    .data               system_stm32f4xx.o
    0x20000098   COMPRESSED   0x0000003c   Data   RW         5388    .data               tasks.o
    0x200000d4   COMPRESSED   0x00000020   Data   RW         6032    .data               heap_4.o
    0x200000f4   COMPRESSED   0x0000000c   Data   RW         6100    .data               port.o
    0x20000100   COMPRESSED   0x00000001   Data   RW         6338    .data               usbd_ctlreq.o
    0x20000101   COMPRESSED   0x00000003   PAD
    0x20000104   COMPRESSED   0x00000053   Data   RW         6477    .data               usbd_cdc.o
    0x20000157   COMPRESSED   0x00000001   PAD
    0x20000158   COMPRESSED   0x00000038   Data   RW         6478    .data               usbd_cdc.o
    0x20000190   COMPRESSED   0x00000002   Data   RW         6573    .data               communicate_task.o
    0x20000192   COMPRESSED   0x00000002   PAD
    0x20000194   COMPRESSED   0x00000008   Data   RW         6574    .data               communicate_task.o
    0x2000019c   COMPRESSED   0x00000008   Data   RW         6685    .data               detect_task.o
    0x200001a4   COMPRESSED   0x00000008   Data   RW         6765    .data               shoot_task.o
    0x200001ac   COMPRESSED   0x00000004   Data   RW         6821    .data               gimbal_behaviour.o
    0x200001b0   COMPRESSED   0x00000010   Data   RW         6887    .data               gimbal_task.o
    0x200001c0   COMPRESSED   0x00000004   Data   RW         6970    .data               shoot_behaviour.o
    0x200001c4   COMPRESSED   0x00000008   Data   RW         7013    .data               ins_task.o
    0x200001cc   COMPRESSED   0x00000004   Data   RW         7088    .data               vofa_task.o
    0x200001d0   COMPRESSED   0x00000002   Data   RW         7139    .data               remote_control.o
    0x200001d2   COMPRESSED   0x00000002   PAD
    0x200001d4   COMPRESSED   0x0000000c   Data   RW         7217    .data               key_task.o
    0x200001e0   COMPRESSED   0x00000008   Data   RW         7218    .data               key_task.o
    0x200001e8   COMPRESSED   0x0000000c   Data   RW         7324    .data               sound_effects_task.o
    0x200001f4   COMPRESSED   0x00000019   Data   RW         7477    .data               can_receive.o
    0x2000020d   COMPRESSED   0x00000003   PAD
    0x20000210   COMPRESSED   0x0000002c   Data   RW         7666    .data               bmi088driver.o
    0x2000023c   COMPRESSED   0x00000018   Data   RW         7809    .data               pid.o
    0x20000254   COMPRESSED   0x00000014   Data   RW         8051    .data               mahonyahrs.o
    0x20000268        -       0x00000254   Zero   RW          313    .bss                freertos.o
    0x200004bc        -       0x00000050   Zero   RW          399    .bss                can.o
    0x2000050c        -       0x00000118   Zero   RW          471    .bss                spi.o
    0x20000624        -       0x00000048   Zero   RW          514    .bss                tim.o
    0x2000066c        -       0x000001ec   Zero   RW          563    .bss                usart.o
    0x20000858        -       0x00000048   Zero   RW          775    .bss                stm32f4xx_hal_timebase_tim.o
    0x200008a0        -       0x000002dc   Zero   RW          812    .bss                usb_device.o
    0x20000b7c        -       0x00000200   Zero   RW          867    .bss                usbd_desc.o
    0x20000d7c        -       0x00001064   Zero   RW          960    .bss                usbd_cdc_if.o
    0x20001de0        -       0x0000072c   Zero   RW         1056    .bss                usbd_conf.o
    0x2000250c        -       0x000000f0   Zero   RW         5387    .bss                tasks.o
    0x200025fc        -       0x00003c00   Zero   RW         6031    .bss                heap_4.o
    0x200061fc        -       0x00000020   Zero   RW         6572    .bss                communicate_task.o
    0x2000621c        -       0x00000120   Zero   RW         6683    .bss                detect_task.o
    0x2000633c        -       0x0000018c   Zero   RW         6763    .bss                shoot_task.o
    0x200064c8        -       0x00000550   Zero   RW         6885    .bss                gimbal_task.o
    0x20006a18        -       0x000000c0   Zero   RW         7010    .bss                ins_task.o
    0x20006ad8        -       0x00000018   Zero   RW         7087    .bss                vofa_task.o
    0x20006af0        -       0x00000060   Zero   RW         7138    .bss                remote_control.o
    0x20006b50        -       0x00000032   Zero   RW         7216    .bss                key_task.o
    0x20006b82        -       0x000004af   Zero   RW         7272    .bss                referee.o
    0x20007031   COMPRESSED   0x00000001   PAD
    0x20007032        -       0x00000028   Zero   RW         7475    .bss                can_receive.o
    0x2000705a   COMPRESSED   0x00000002   PAD
    0x2000705c        -       0x00000060   Zero   RW         8692    .bss                c_w.l(libspace.o)
    0x200070bc   COMPRESSED   0x00000004   PAD
    0x200070c0        -       0x00000200   Zero   RW            2    HEAP                startup_stm32f407xx.o
    0x200072c0        -       0x00000400   Zero   RW            1    STACK               startup_stm32f407xx.o


    Execution Region RW_IRAM2 (Exec base: 0x2001c000, Load base: 0x0800b27c, Size: 0x00000000, Max: 0x00004000, ABSOLUTE)

    **** No section assigned to this execution region ****


==============================================================================

Image component sizes


      Code (inc. data)   RO Data    RW Data    ZI Data      Debug   Object Name

       936         16          0         44          0       6578   bmi088driver.o
       170         28          0          0          0       4912   bmi088middleware.o
        60         14          0          0          0       1869   bsp_buzzer.o
        96         12          0          0          0       1030   bsp_rc.o
       232         24          0          0          0     614930   bsp_usart.o
       432         44          0          4         80       2534   can.o
       676         90          0         25         40       7814   can_receive.o
       120          0          0          0          0      23349   cmsis_os.o
       608         52          0         10         32       9498   communicate_task.o
        44          6        768          0          0       1646   crc8_crc16.o
       464         34         42          8        288       4736   detect_task.o
       124          4          0          0          0        854   dma.o
         0          0          0          0          0      16916   event_groups.o
       212         12        332         32        596       2668   freertos.o
       400         50          0          4          0       8658   gimbal_behaviour.o
      1916        194        128         16       1360      13649   gimbal_task.o
       192         12          0          0          0       1055   gpio.o
       472         24          0         32      15360       7455   heap_4.o
       726         48         12          8        192       5604   ins_task.o
       648         54          0         20         50       5655   key_task.o
       138          0          0          0          0       3582   list.o
       528         22          0         20          0       2062   mahonyahrs.o
       246         14          0          0          0     759312   main.o
      1416         36          0         24          0       8084   pid.o
       702         72          0         12          0      11056   port.o
       240         26          0          0       1199       9940   referee.o
       396         34          0          2         96       6848   remote_control.o
       480         34          0          4          0       3827   shoot_behaviour.o
       696         92         24          8        396       6647   shoot_task.o
       552         28          0         12          0       2646   sound_effects_task.o
       324         32          0          0        280       1939   spi.o
        64         26        392          0       1536        848   startup_stm32f407xx.o
       116         18          0         12          0       8758   stm32f4xx_hal.o
      1732          6          0          0          0      14602   stm32f4xx_hal_can.o
       158         14          0          0          0      33190   stm32f4xx_hal_cortex.o
       934         16          8          0          0       5659   stm32f4xx_hal_dma.o
       506         46          0          0          0       2212   stm32f4xx_hal_gpio.o
        56          4          0          0          0        878   stm32f4xx_hal_msp.o
      2638         12          0          0          0      13788   stm32f4xx_hal_pcd.o
        78          0          0          0          0       2425   stm32f4xx_hal_pcd_ex.o
      1424         92          0          0          0       6429   stm32f4xx_hal_rcc.o
       942         12          0          0          0       4941   stm32f4xx_hal_spi.o
      2140        166          0          0          0      17751   stm32f4xx_hal_tim.o
       148         28          0          0          0       2481   stm32f4xx_hal_tim_ex.o
       152         20          0          0         72       1499   stm32f4xx_hal_timebase_tim.o
      1574         16          0          0          0      10564   stm32f4xx_hal_uart.o
       168         78          0          0          0       9058   stm32f4xx_it.o
      2888        134          0          0          0      24175   stm32f4xx_ll_usb.o
         0          0          0          0          0        392   stream_buffer.o
        16          4         24          4          0       1147   system_stm32f4xx.o
      1532        118          0         60        240      20142   tasks.o
       276         34          0          0         72       2392   tim.o
       660         76          0          0        492       3493   usart.o
        84         18          0          0        732       2635   usb_device.o
      1278         36          0        139          0      14505   usbd_cdc.o
       232         36          0         20       4196       4290   usbd_cdc_if.o
       644         24          0          0       1836      16976   usbd_conf.o
       916          0          0          0          0      15583   usbd_core.o
      1328         28          0          1          0      14960   usbd_ctlreq.o
       288        104          0         78        512       6241   usbd_desc.o
       132          0          0          0          0       4568   usbd_ioreq.o
       132         16          0          4         24       3260   vofa_task.o

    ----------------------------------------------------------------------
     37554       2290       1764        616      29684    1827195   Object Totals
         0          0         32          0          0          0   (incl. Generated)
        72          0          2         13          3          0   (incl. Padding)

    ----------------------------------------------------------------------

      Code (inc. data)   RO Data    RW Data    ZI Data      Debug   Library Member Name

        90          0          0          0          0          0   __dczerorl2.o
         8          0          0          0          0         68   __main.o
         0          0          0          0          0          0   __rtentry.o
        12          0          0          0          0          0   __rtentry2.o
         6          0          0          0          0          0   __rtentry4.o
        52          8          0          0          0          0   __scatter.o
        28          0          0          0          0          0   __scatter_zi.o
        48          4          0          0          0         84   _fptrap.o
        22          0          0          0          0        100   _rserrno.o
        10          0          0          0          0         68   defsig_exit.o
       172        110          0          0          0         76   defsig_fpe_inner.o
        14          0          0          0          0         80   defsig_fpe_outer.o
        50          0          0          0          0         88   defsig_general.o
        80         58          0          0          0         76   defsig_rtmem_inner.o
        14          0          0          0          0         80   defsig_rtmem_outer.o
        18          0          0          0          0         80   exit.o
        94          0          0          0          0         80   h1_alloc.o
        52          0          0          0          0         68   h1_extend.o
        78          0          0          0          0         80   h1_free.o
        14          0          0          0          0         84   h1_init.o
         6          0          0          0          0        152   heapauxi.o
         4          0          0          0          0        136   hguard.o
         0          0          0          0          0          0   indicate_semi.o
       138          0          0          0          0        168   init_alloc.o
         2          0          0          0          0          0   libinit.o
        14          0          0          0          0          0   libinit2.o
         2          0          0          0          0          0   libshutdown.o
         2          0          0          0          0          0   libshutdown2.o
         8          4          0          0         96         68   libspace.o
       238          0          0          0          0        100   lludivv7m.o
         0          0          0          0          0          0   maybetermalloc1.o
         8          4          0          0          0         68   rt_errno_addr_intlibspace.o
         8          4          0          0          0         68   rt_heap_descriptor_intlibspace.o
        78          0          0          0          0         80   rt_memclr_w.o
       138          0          0          0          0         68   rt_memcpy_v6.o
       100          0          0          0          0         80   rt_memcpy_w.o
       132          0          0          0          0         68   rt_memmove_v6.o
       122          0          0          0          0         80   rt_memmove_w.o
         2          0          0          0          0          0   rtexit.o
        10          0          0          0          0          0   rtexit2.o
        12          4          0          0          0         68   sys_exit.o
        74          0          0          0          0         80   sys_stackheap_outer.o
        14          0          0          0          0         76   sys_wrch.o
         2          0          0          0          0         68   use_no_semi.o
       708         16          0          0          0        140   d2f_clz.o
        46          0          0          0          0        116   dflt_clz.o
       448         16          0          0          0        164   dmul_clz.o
       258          4          0          0          0        156   dnaninf.o
       112          0          0          0          0        160   drenorm_clz.o
        12          0          0          0          0        116   dretinf.o
       378          0          0          0          0        168   dunder_clz.o
       492         36          0          0          0        148   except.o
        10          0          0          0          0        116   fpinit.o
        10          0          0          0          0        116   fretinf.o
       316          0          0          0          0        132   funder_clz.o
       178          0          0          0          0        116   retnan.o
       126          0          0          0          0        148   trapv.o
         0          0          0          0          0          0   usenofp.o
       300         42          0          0          0        176   asinf.o
       592         90          0          0          0        184   atan2f.o
        38          0          0          0          0        116   fpclassifyf.o
        44         12          0          0          0        464   funder.o
        62          0          0          0          0        136   sqrtf_full.o

    ----------------------------------------------------------------------
      6118        412          0          0        100       5412   Library Totals
        12          0          0          0          4          0   (incl. Padding)

    ----------------------------------------------------------------------

      Code (inc. data)   RO Data    RW Data    ZI Data      Debug   Library Name

      1976        196          0          0         96       2540   c_w.l
      3094         72          0          0          0       1796   g_wm.l
      1036        144          0          0          0       1076   m_wm.l

    ----------------------------------------------------------------------
      6118        412          0          0        100       5412   Library Totals

    ----------------------------------------------------------------------

==============================================================================


      Code (inc. data)   RO Data    RW Data    ZI Data      Debug   

     43672       2702       1764        616      29784    1791503   Grand Totals
     43672       2702       1764        256      29784    1791503   ELF Image Totals (compressed)
     43672       2702       1764        256          0          0   ROM Totals

==============================================================================

    Total RO  Size (Code + RO Data)                45436 (  44.37kB)
    Total RW  Size (RW Data + ZI Data)             30400 (  29.69kB)
    Total ROM Size (Code + RO Data + RW Data)      45692 (  44.62kB)

==============================================================================

