Component: ARM Compiler 5.06 update 5 (build 528) Tool: armlink [4d35e2]

==============================================================================

Section Cross References

    startup_stm32f407xx.o(STACK) refers (Special) to heapauxi.o(.text) for __use_two_region_memory
    startup_stm32f407xx.o(HEAP) refers (Special) to heapauxi.o(.text) for __use_two_region_memory
    startup_stm32f407xx.o(RESET) refers (Special) to heapauxi.o(.text) for __use_two_region_memory
    startup_stm32f407xx.o(RESET) refers to startup_stm32f407xx.o(STACK) for __initial_sp
    startup_stm32f407xx.o(RESET) refers to startup_stm32f407xx.o(.text) for Reset_Handler
    startup_stm32f407xx.o(RESET) refers to stm32f4xx_it.o(i.NMI_Handler) for NMI_Handler
    startup_stm32f407xx.o(RESET) refers to stm32f4xx_it.o(i.HardFault_Handler) for HardFault_Handler
    startup_stm32f407xx.o(RESET) refers to stm32f4xx_it.o(i.MemManage_Handler) for MemManage_Handler
    startup_stm32f407xx.o(RESET) refers to stm32f4xx_it.o(i.BusFault_Handler) for BusFault_Handler
    startup_stm32f407xx.o(RESET) refers to stm32f4xx_it.o(i.UsageFault_Handler) for UsageFault_Handler
    startup_stm32f407xx.o(RESET) refers to port.o(.emb_text) for SVC_Handler
    startup_stm32f407xx.o(RESET) refers to stm32f4xx_it.o(i.DebugMon_Handler) for DebugMon_Handler
    startup_stm32f407xx.o(RESET) refers to port.o(i.SysTick_Handler) for SysTick_Handler
    startup_stm32f407xx.o(RESET) refers to stm32f4xx_it.o(i.DMA1_Stream1_IRQHandler) for DMA1_Stream1_IRQHandler
    startup_stm32f407xx.o(RESET) refers to stm32f4xx_it.o(i.CAN1_TX_IRQHandler) for CAN1_TX_IRQHandler
    startup_stm32f407xx.o(RESET) refers to stm32f4xx_it.o(i.CAN1_RX0_IRQHandler) for CAN1_RX0_IRQHandler
    startup_stm32f407xx.o(RESET) refers to stm32f4xx_it.o(i.CAN1_RX1_IRQHandler) for CAN1_RX1_IRQHandler
    startup_stm32f407xx.o(RESET) refers to stm32f4xx_it.o(i.USART1_IRQHandler) for USART1_IRQHandler
    startup_stm32f407xx.o(RESET) refers to remote_control.o(i.USART3_IRQHandler) for USART3_IRQHandler
    startup_stm32f407xx.o(RESET) refers to stm32f4xx_it.o(i.TIM5_IRQHandler) for TIM5_IRQHandler
    startup_stm32f407xx.o(RESET) refers to stm32f4xx_it.o(i.TIM6_DAC_IRQHandler) for TIM6_DAC_IRQHandler
    startup_stm32f407xx.o(RESET) refers to stm32f4xx_it.o(i.DMA2_Stream1_IRQHandler) for DMA2_Stream1_IRQHandler
    startup_stm32f407xx.o(RESET) refers to stm32f4xx_it.o(i.DMA2_Stream2_IRQHandler) for DMA2_Stream2_IRQHandler
    startup_stm32f407xx.o(RESET) refers to stm32f4xx_it.o(i.DMA2_Stream3_IRQHandler) for DMA2_Stream3_IRQHandler
    startup_stm32f407xx.o(RESET) refers to stm32f4xx_it.o(i.CAN2_RX0_IRQHandler) for CAN2_RX0_IRQHandler
    startup_stm32f407xx.o(RESET) refers to stm32f4xx_it.o(i.CAN2_RX1_IRQHandler) for CAN2_RX1_IRQHandler
    startup_stm32f407xx.o(RESET) refers to stm32f4xx_it.o(i.DMA2_Stream6_IRQHandler) for DMA2_Stream6_IRQHandler
    startup_stm32f407xx.o(RESET) refers to referee.o(i.USART6_IRQHandler) for USART6_IRQHandler
    startup_stm32f407xx.o(.text) refers (Special) to heapauxi.o(.text) for __use_two_region_memory
    startup_stm32f407xx.o(.text) refers to system_stm32f4xx.o(i.SystemInit) for SystemInit
    startup_stm32f407xx.o(.text) refers to __main.o(!!!main) for __main
    startup_stm32f407xx.o(.text) refers to startup_stm32f407xx.o(HEAP) for Heap_Mem
    startup_stm32f407xx.o(.text) refers to startup_stm32f407xx.o(STACK) for Stack_Mem
    main.o(i.HAL_TIM_PeriodElapsedCallback) refers to stm32f4xx_hal.o(i.HAL_IncTick) for HAL_IncTick
    main.o(i.HAL_TIM_PeriodElapsedCallback) refers to trig_task.o(.bss) for trig_control
    main.o(i.HAL_TIM_PeriodElapsedCallback) refers to main.o(.data) for shoot_time
    main.o(i.HAL_TIM_PeriodElapsedCallback) refers to communicate_task.o(.bss) for gimbal_data
    main.o(i.SystemClock_Config) refers to rt_memclr_w.o(.text) for __aeabi_memclr4
    main.o(i.SystemClock_Config) refers to stm32f4xx_hal_rcc.o(i.HAL_RCC_OscConfig) for HAL_RCC_OscConfig
    main.o(i.SystemClock_Config) refers to main.o(i.Error_Handler) for Error_Handler
    main.o(i.SystemClock_Config) refers to stm32f4xx_hal_rcc.o(i.HAL_RCC_ClockConfig) for HAL_RCC_ClockConfig
    main.o(i.main) refers to stm32f4xx_hal.o(i.HAL_Init) for HAL_Init
    main.o(i.main) refers to main.o(i.SystemClock_Config) for SystemClock_Config
    main.o(i.main) refers to gpio.o(i.MX_GPIO_Init) for MX_GPIO_Init
    main.o(i.main) refers to dma.o(i.MX_DMA_Init) for MX_DMA_Init
    main.o(i.main) refers to can.o(i.MX_CAN1_Init) for MX_CAN1_Init
    main.o(i.main) refers to can.o(i.MX_CAN2_Init) for MX_CAN2_Init
    main.o(i.main) refers to spi.o(i.MX_SPI1_Init) for MX_SPI1_Init
    main.o(i.main) refers to usart.o(i.MX_USART1_UART_Init) for MX_USART1_UART_Init
    main.o(i.main) refers to usart.o(i.MX_USART3_UART_Init) for MX_USART3_UART_Init
    main.o(i.main) refers to usart.o(i.MX_USART6_UART_Init) for MX_USART6_UART_Init
    main.o(i.main) refers to tim.o(i.MX_TIM4_Init) for MX_TIM4_Init
[...]
    get_referee_data_point                   0x080099d9   Thumb Code     4  referee.o(i.get_referee_data_point)
    get_remote_control_point                 0x080099e1   Thumb Code     4  remote_control.o(i.get_remote_control_point)
    imu_offset_accquier                      0x080099e9   Thumb Code   170  ins_task.o(i.imu_offset_accquier)
    imu_offset_remove                        0x08009a9d   Thumb Code    50  ins_task.o(i.imu_offset_remove)
    invSqrt                                  0x08009ad1   Thumb Code    56  mahonyahrs.o(i.invSqrt)
    key_task                                 0x08009b0d   Thumb Code    14  key_task.o(i.key_task)
    loop_fp32_constrain                      0x08009b1b   Thumb Code    96  user_lib.o(i.loop_fp32_constrain)
    main                                     0x08009b7d   Thumb Code    82  main.o(i.main)
    osDelay                                  0x08009c19   Thumb Code    24  cmsis_os.o(i.osDelay)
    osKernelStart                            0x08009c31   Thumb Code    10  cmsis_os.o(i.osKernelStart)
    osThreadCreate                           0x08009c3b   Thumb Code    94  cmsis_os.o(i.osThreadCreate)
    pvPortMalloc                             0x0800a69d   Thumb Code   306  heap_4.o(i.pvPortMalloc)
    pxPortInitialiseStack                    0x0800a7e9   Thumb Code    38  port.o(i.pxPortInitialiseStack)
    referee_init                             0x0800a815   Thumb Code   316  bsp_usart.o(i.referee_init)
    remote_control_init                      0x0800a969   Thumb Code    16  remote_control.o(i.remote_control_init)
    sqrtf                                    0x0800aa57   Thumb Code    62  sqrtf_full.o(i.sqrtf)
    test_task                                0x0800aa95   Thumb Code    34  test_task.o(i.test_task)
    toe_is_error                             0x0800aac1   Thumb Code    20  detect_task.o(i.toe_is_error)
    trig_detect                              0x0800ac71   Thumb Code    10  trig_task.o(i.trig_detect)
    trig_task                                0x0800aed9   Thumb Code   104  trig_task.o(i.trig_task)
    ui_init                                  0x0800af49   Thumb Code    42  ui_task.o(i.ui_init)
    ui_proc_1_frame                          0x0800af7d   Thumb Code    86  ui_interface.o(i.ui_proc_1_frame)
    ui_proc_2_frame                          0x0800afdd   Thumb Code    88  ui_interface.o(i.ui_proc_2_frame)
    ui_task                                  0x0800b03d   Thumb Code    60  ui_task.o(i.ui_task)
    uxListRemove                             0x0800b07d   Thumb Code    40  list.o(i.uxListRemove)
    vApplicationGetIdleTaskMemory            0x0800b0a5   Thumb Code    14  freertos.o(i.vApplicationGetIdleTaskMemory)
    vApplicationGetTimerTaskMemory           0x0800b0bd   Thumb Code    16  freertos.o(i.vApplicationGetTimerTaskMemory)
    vListInitialise                          0x0800b0d5   Thumb Code    26  list.o(i.vListInitialise)
    vListInitialiseItem                      0x0800b0ef   Thumb Code     6  list.o(i.vListInitialiseItem)
    vListInsert                              0x0800b0f5   Thumb Code    52  list.o(i.vListInsert)
    vListInsertEnd                           0x0800b129   Thumb Code    24  list.o(i.vListInsertEnd)
    vPortEnterCritical                       0x0800b141   Thumb Code    76  port.o(i.vPortEnterCritical)
    vPortExitCritical                        0x0800b195   Thumb Code    56  port.o(i.vPortExitCritical)
    vPortFree                                0x0800b1d1   Thumb Code   150  heap_4.o(i.vPortFree)
    vPortSetupTimerInterrupt                 0x0800b275   Thumb Code    36  port.o(i.vPortSetupTimerInterrupt)
    vPortValidateInterruptPriority           0x0800b29d   Thumb Code   106  port.o(i.vPortValidateInterruptPriority)
    vQueueAddToRegistry                      0x0800b315   Thumb Code    38  queue.o(i.vQueueAddToRegistry)
    vQueueWaitForMessageRestricted           0x0800b341   Thumb Code    74  queue.o(i.vQueueWaitForMessageRestricted)
    vTaskDelay                               0x0800b38d   Thumb Code    82  tasks.o(i.vTaskDelay)
    vTaskDelete                              0x0800b3e9   Thumb Code   202  tasks.o(i.vTaskDelete)
    vTaskInternalSetTimeOutState             0x0800b4dd   Thumb Code    14  tasks.o(i.vTaskInternalSetTimeOutState)
    vTaskMissedYield                         0x0800b4f5   Thumb Code     8  tasks.o(i.vTaskMissedYield)
    vTaskPlaceOnEventList                    0x0800b501   Thumb Code    52  tasks.o(i.vTaskPlaceOnEventList)
    vTaskPlaceOnEventListRestricted          0x0800b539   Thumb Code    60  tasks.o(i.vTaskPlaceOnEventListRestricted)
    vTaskStartScheduler                      0x0800b579   Thumb Code   156  tasks.o(i.vTaskStartScheduler)
    vTaskSuspendAll                          0x0800b631   Thumb Code    12  tasks.o(i.vTaskSuspendAll)
    vTaskSwitchContext                       0x0800b641   Thumb Code   118  tasks.o(i.vTaskSwitchContext)
    vofa_justfloat                           0x0800b6cd   Thumb Code    84  vofa_task.o(i.vofa_justfloat)
    vofa_task                                0x0800b721   Thumb Code    48  vofa_task.o(i.vofa_task)
    xPortStartScheduler                      0x0800b759   Thumb Code   330  port.o(i.xPortStartScheduler)
    xQueueGenericCreateStatic                0x0800b8c1   Thumb Code   224  queue.o(i.xQueueGenericCreateStatic)
    xQueueGenericReset                       0x0800b9a1   Thumb Code   146  queue.o(i.xQueueGenericReset)
    xQueueGenericSend                        0x0800ba39   Thumb Code   420  queue.o(i.xQueueGenericSend)
    xQueueGenericSendFromISR                 0x0800bbe1   Thumb Code   252  queue.o(i.xQueueGenericSendFromISR)
    xQueueReceive                            0x0800bcdd   Thumb Code   356  queue.o(i.xQueueReceive)
    xTaskCheckForTimeOut                     0x0800be45   Thumb Code   132  tasks.o(i.xTaskCheckForTimeOut)
    xTaskCreate                              0x0800bed1   Thumb Code   100  tasks.o(i.xTaskCreate)
    xTaskCreateStatic                        0x0800bf35   Thumb Code   186  tasks.o(i.xTaskCreateStatic)
    xTaskGetSchedulerState                   0x0800bff1   Thumb Code    24  tasks.o(i.xTaskGetSchedulerState)
    xTaskGetTickCount                        0x0800c011   Thumb Code     6  tasks.o(i.xTaskGetTickCount)
    xTaskIncrementTick                       0x0800c01d   Thumb Code   282  tasks.o(i.xTaskIncrementTick)
    xTaskPriorityDisinherit                  0x0800c165   Thumb Code   188  tasks.o(i.xTaskPriorityDisinherit)
    xTaskRemoveFromEventList                 0x0800c22d   Thumb Code   128  tasks.o(i.xTaskRemoveFromEventList)
    xTaskResumeAll                           0x0800c2c5   Thumb Code   224  tasks.o(i.xTaskResumeAll)
    xTimerCreateTimerTask                    0x0800c3c9   Thumb Code   100  timers.o(i.xTimerCreateTimerTask)
    xTimerGenericCommand                     0x0800c441   Thumb Code   126  timers.o(i.xTimerGenericCommand)
    zero_to_one_loop                         0x0800c4c5   Thumb Code    56  ui_task.o(i.zero_to_one_loop)
    __aeabi_dneg                             0x0800c4fd   Thumb Code     0  basic.o(x$fpl$basic)
    _dneg                                    0x0800c4fd   Thumb Code     6  basic.o(x$fpl$basic)
    __aeabi_fneg                             0x0800c503   Thumb Code     0  basic.o(x$fpl$basic)
    _fneg                                    0x0800c503   Thumb Code     6  basic.o(x$fpl$basic)
    _dabs                                    0x0800c509   Thumb Code     6  basic.o(x$fpl$basic)
    _fabs                                    0x0800c50f   Thumb Code     6  basic.o(x$fpl$basic)
    __aeabi_d2f                              0x0800c515   Thumb Code     0  d2f_clz.o(x$fpl$d2f)
    _d2f                                     0x0800c515   Thumb Code   700  d2f_clz.o(x$fpl$d2f)
    __aeabi_dadd                             0x0800c7d9   Thumb Code     0  daddsub_clz.o(x$fpl$dadd)
    _dadd                                    0x0800c7d9   Thumb Code   580  daddsub_clz.o(x$fpl$dadd)
    __aeabi_ddiv                             0x0800ca25   Thumb Code     0  ddiv_clz.o(x$fpl$ddiv)
    _ddiv                                    0x0800ca25   Thumb Code   748  ddiv_clz.o(x$fpl$ddiv)
    __aeabi_d2iz                             0x0800cda1   Thumb Code     0  dfix.o(x$fpl$dfix)
    _dfix                                    0x0800cda1   Thumb Code   192  dfix.o(x$fpl$dfix)
    __aeabi_i2d                              0x0800ce69   Thumb Code     0  dflt_clz.o(x$fpl$dflt)
    _dflt                                    0x0800ce69   Thumb Code    46  dflt_clz.o(x$fpl$dflt)
    __dflt_normalise                         0x0800ce97   Thumb Code    26  dflt_clz.o(x$fpl$dfltn)
    __aeabi_ui2d                             0x0800ceb1   Thumb Code     0  dflt_clz.o(x$fpl$dfltu)
    _dfltu                                   0x0800ceb1   Thumb Code    38  dflt_clz.o(x$fpl$dfltu)
    __aeabi_dmul                             0x0800ced9   Thumb Code     0  dmul_clz.o(x$fpl$dmul)
    _dmul                                    0x0800ced9   Thumb Code   440  dmul_clz.o(x$fpl$dmul)
    __fpl_dnaninf                            0x0800d099   Thumb Code   258  dnaninf.o(x$fpl$dnaninf)
    __fpl_drenorm2                           0x0800d19b   Thumb Code   106  drenorm_clz.o(x$fpl$drenorm)
    __fpl_drenorm1                           0x0800d205   Thumb Code     6  drenorm_clz.o(x$fpl$drenorm)
    __fpl_dretinf                            0x0800d20b   Thumb Code    12  dretinf.o(x$fpl$dretinf)
    __aeabi_drsub                            0x0800d219   Thumb Code     0  daddsub_clz.o(x$fpl$drsb)
    _drsb                                    0x0800d219   Thumb Code    74  daddsub_clz.o(x$fpl$drsb)
    _dsqrt                                   0x0800d269   Thumb Code   520  dsqrt_umaalclz.o(x$fpl$dsqrt)
    __aeabi_dsub                             0x0800d471   Thumb Code     0  daddsub_clz.o(x$fpl$dsub)
    _dsub                                    0x0800d471   Thumb Code   664  daddsub_clz.o(x$fpl$dsub)
    __dunder                                 0x0800d70d   Thumb Code   314  dunder_clz.o(x$fpl$dunder)
    __dunder_d                               0x0800d847   Thumb Code    64  dunder_clz.o(x$fpl$dunder)
    __fpl_exception                          0x0800d889   Thumb Code   454  except.o(x$fpl$exception)
    __aeabi_f2d                              0x0800da75   Thumb Code     0  f2d.o(x$fpl$f2d)
    _f2d                                     0x0800da75   Thumb Code   122  f2d.o(x$fpl$f2d)
    __aeabi_ul2f                             0x0800daef   Thumb Code     0  ffltll_clz.o(x$fpl$ffltll)
    _ll_uto_f                                0x0800daef   Thumb Code     6  ffltll_clz.o(x$fpl$ffltll)
    __aeabi_l2f                              0x0800daf5   Thumb Code     0  ffltll_clz.o(x$fpl$ffltll)
    _ll_sto_f                                0x0800daf5   Thumb Code   152  ffltll_clz.o(x$fpl$ffltll)
    __fpl_fnaninf                            0x0800db8d   Thumb Code   242  fnaninf.o(x$fpl$fnaninf)
    _fp_init                                 0x0800dc7f   Thumb Code    10  fpinit.o(x$fpl$fpinit)
    __fplib_config_fpu_vfp                   0x0800dc87   Thumb Code     0  fpinit.o(x$fpl$fpinit)
    __fplib_config_pureend_doubles           0x0800dc87   Thumb Code     0  fpinit.o(x$fpl$fpinit)
    __fpl_fretinf                            0x0800dc89   Thumb Code    10  fretinf.o(x$fpl$fretinf)
    __funder                                 0x0800dc93   Thumb Code   254  funder_clz.o(x$fpl$funder)
    __funder_d                               0x0800dd91   Thumb Code    62  funder_clz.o(x$fpl$funder)
    __fpl_return_NaN                         0x0800ddcf   Thumb Code   178  retnan.o(x$fpl$retnan)
    _fp_trapveneer                           0x0800de81   Thumb Code    36  trapv.o(x$fpl$trapveneer)
    __fpl_cmpreturn                          0x0800dea5   Thumb Code    90  trapv.o(x$fpl$trapveneer)
    __I$use$fp                               0x0800defe   Number         0  usenofp.o(x$fpl$usenofp)
    AHBPrescTable                            0x0800e004   Data          16  system_stm32f4xx.o(.constdata)
    APBPrescTable                            0x0800e014   Data           8  system_stm32f4xx.o(.constdata)
    CRC8_INIT                                0x0800e0a0   Data           1  crc8_crc16.o(.constdata)
    CRC8_TAB                                 0x0800e0a1   Data         256  crc8_crc16.o(.constdata)
    wCRC_Table                               0x0800e1a2   Data         512  crc8_crc16.o(.constdata)
    CRC8_TAB_UI                              0x0800e3a2   Data         256  ui_interface.o(.constdata)
    wCRC_Table_UI                            0x0800e4a2   Data         512  ui_interface.o(.constdata)
    Region$$Table$$Base                      0x0800e838   Number         0  anon$$obj.o(Region$$Table)
    Region$$Table$$Limit                     0x0800e858   Number         0  anon$$obj.o(Region$$Table)
    my_shootEventGroupHandle                 0x20000004   Data           4  freertos.o(.data)
    TEST_TASKHandle                          0x20000008   Data           4  freertos.o(.data)
    CHASSIS_TASKHandle                       0x2000000c   Data           4  freertos.o(.data)
    INS_TASKHandle                           0x20000010   Data           4  freertos.o(.data)
    DETECT_TASKHandle                        0x20000014   Data           4  freertos.o(.data)
    VOFA_TASKHandle                          0x20000018   Data           4  freertos.o(.data)
    COMMUNICATE_TASHandle                    0x2000001c   Data           4  freertos.o(.data)
    TRIG_TASKHandle                          0x20000020   Data           4  freertos.o(.data)
    KEY_TASKHandle                           0x20000024   Data           4  freertos.o(.data)
    UI_TASKHandle                            0x20000028   Data           4  freertos.o(.data)
    ShootTimerHandle                         0x2000002c   Data           4  freertos.o(.data)
    uwTick                                   0x20000034   Data           4  stm32f4xx_hal.o(.data)
    uwTickPrio                               0x20000038   Data           4  stm32f4xx_hal.o(.data)
    uwTickFreq                               0x2000003c   Data           1  stm32f4xx_hal.o(.data)
    SystemCoreClock                          0x20000040   Data           4  system_stm32f4xx.o(.data)
    pxCurrentTCB                             0x20000044   Data           4  tasks.o(.data)
    chassis_behaviour_mode                   0x200000c0   Data           1  chassis_behaviour.o(.data)
    SuperPowerState                          0x200000c2   Data           1  chassis_power_control.o(.data)
    yaw_diff                                 0x200000c4   Data           4  chassis_task.o(.data)
    psc                                      0x20000136   Data           2  test_task.o(.data)
    pwm                                      0x20000138   Data           2  test_task.o(.data)
    trig_ecd_sum                             0x20000140   Data           8  trig_task.o(.data)
    angle_target                             0x20000148   Data           4  trig_task.o(.data)
    fire_flag                                0x2000014c   Data           1  trig_task.o(.data)
    last_fire_flag                           0x2000014d   Data           1  trig_task.o(.data)
    shoot_debug                              0x20000164   Data           4  vofa_task.o(.data)
    chassis_debug                            0x20000168   Data           4  vofa_task.o(.data)
    chassis_power_debug                      0x2000016c   Data           4  vofa_task.o(.data)
    i                                        0x20000172   Data           1  ui_task.o(.data)
    SuperPower_data                          0x20000180   Data           8  can_receive.o(.data)
    rx_data1                                 0x20000188   Data           8  can_receive.o(.data)
    rx_data2                                 0x20000190   Data           8  can_receive.o(.data)
    BMI088_ACCEL_SEN                         0x200001a0   Data           4  bmi088driver.o(.data)
    BMI088_GYRO_SEN                          0x200001a4   Data           4  bmi088driver.o(.data)
    twoKp                                    0x200001cc   Data           4  mahonyahrs.o(.data)
    twoKi                                    0x200001d0   Data           4  mahonyahrs.o(.data)
    integralFBx                              0x200001d4   Data           4  mahonyahrs.o(.data)
    integralFBy                              0x200001d8   Data           4  mahonyahrs.o(.data)
    integralFBz                              0x200001dc   Data           4  mahonyahrs.o(.data)
    ui_default_AIMBOT_EnemyColor             0x200001e0   Data           4  ui_default_aimbot_0.o(.data)
    ui_default_CAP_Buffer                    0x200001e4   Data           4  ui_default_cap_0.o(.data)
    ui_default_CAP_Cap_Rec                   0x200001e8   Data           4  ui_default_cap_0.o(.data)
    ui_default_ChassisStatus_ChassisRound    0x200001ec   Data           4  ui_default_chassisstatus_0.o(.data)
    ui_default_ChassisStatus_RelativeAngle   0x200001f0   Data           4  ui_default_chassisstatus_0.o(.data)
    ui_default_Fric_FricStatusL              0x200001f4   Data           4  ui_default_fric_0.o(.data)
    ui_default_Fric_FricStatusR              0x200001f8   Data           4  ui_default_fric_0.o(.data)
    ui_default_Shoot_Sight1                  0x200001fc   Data           4  ui_default_shoot_0.o(.data)
    ui_default_Shoot_sight2                  0x20000200   Data           4  ui_default_shoot_0.o(.data)
    ui_default_Control_ControlMode           0x20000204   Data           4  ui_default_control_0.o(.data)
    ui_default_TrigMode_TrigStatusL          0x20000208   Data           4  ui_default_trigmode_0.o(.data)
    ui_default_TrigMode_TrigStatusR          0x2000020c   Data           4  ui_default_trigmode_0.o(.data)
    seq                                      0x20000210   Data           1  ui_interface.o(.data)
    ui_self_id                               0x20000214   Data           4  ui_interface.o(.data)
    hcan1                                    0x200008c0   Data          40  can.o(.bss)
    hcan2                                    0x200008e8   Data          40  can.o(.bss)
    hspi1                                    0x20000910   Data          88  spi.o(.bss)
    hdma_spi1_rx                             0x20000968   Data          96  spi.o(.bss)
    hdma_spi1_tx                             0x200009c8   Data          96  spi.o(.bss)
    htim4                                    0x20000a28   Data          72  tim.o(.bss)
    htim5                                    0x20000a70   Data          72  tim.o(.bss)
    huart1                                   0x20000ab8   Data          68  usart.o(.bss)
    huart3                                   0x20000afc   Data          68  usart.o(.bss)
    huart6                                   0x20000b40   Data          68  usart.o(.bss)
    hdma_usart3_rx                           0x20000b84   Data          96  usart.o(.bss)
    hdma_usart6_rx                           0x20000be4   Data          96  usart.o(.bss)
    hdma_usart6_tx                           0x20000c44   Data          96  usart.o(.bss)
    htim6                                    0x20000ca4   Data          72  stm32f4xx_hal_timebase_tim.o(.bss)
    xQueueRegistry                           0x20000cec   Data          64  queue.o(.bss)
    PowerLimit                               0x20004b04   Data          28  chassis_power_control.o(.bss)
    chassis_move                             0x20004b20   Data         840  chassis_task.o(.bss)
    gimbal_data                              0x20004e68   Data          32  communicate_task.o(.bss)
    bmi088_real_data                         0x20004e88   Data          48  ins_task.o(.bss)
    INS_quat                                 0x20004f30   Data          16  ins_task.o(.bss)
    INS_angle                                0x20004f40   Data          12  ins_task.o(.bss)
    gyro_offset                              0x20004f4c   Data          12  ins_task.o(.bss)
    error_list                               0x20004f58   Data         468  detect_task.o(.bss)
    Referee_System                           0x2000512c   Data        1271  referee.o(.bss)
    trig_control                             0x20005628   Data         408  trig_task.o(.bss)
    rc_ctrl                                  0x200057c0   Data          22  remote_control.o(.bss)
    Vofa_Data                                0x20005820   Data          24  vofa_task.o(.bss)
    Key_ScanValue                            0x20005838   Data          40  key_task.o(.bss)
    drive_motor                              0x20005860   Data          40  can_receive.o(.bss)
    trigger_motor                            0x20005888   Data          10  can_receive.o(.bss)
    yaw_motor                                0x20005892   Data          10  can_receive.o(.bss)
    ui_default_AIMBOT_0                      0x2000589c   Data          30  ui_default_aimbot_0.o(.bss)
    ui_default_CAP_0                         0x200058ba   Data          45  ui_default_cap_0.o(.bss)
    ui_default_ChassisStatus_0               0x200058e7   Data          45  ui_default_chassisstatus_0.o(.bss)
    ui_default_Fric_0                        0x20005914   Data          45  ui_default_fric_0.o(.bss)
    ui_default_Shoot_0                       0x20005941   Data          45  ui_default_shoot_0.o(.bss)
    ui_default_Control_0                     0x2000596e   Data          30  ui_default_control_0.o(.bss)
    ui_default_TrigMode_0                    0x2000598c   Data          45  ui_default_trigmode_0.o(.bss)
    __libspace_start                         0x200059bc   Data          96  libspace.o(.bss)
    __temporary_stack_top$libspace           0x20005a1c   Data           0  libspace.o(.bss)



==============================================================================

Memory Map of the image

  Image Entry point : 0x08000189

  Load Region LR_IROM1 (Base: 0x08000000, Size: 0x0000ea70, Max: 0x00100000, ABSOLUTE, COMPRESSED[0x0000e8f8])

    Execution Region ER_IROM1 (Exec base: 0x08000000, Load base: 0x08000000, Size: 0x0000e858, Max: 0x00100000, ABSOLUTE)

    Exec Addr    Load Addr    Size         Type   Attr      Idx    E Section Name        Object

    0x08000000   0x08000000   0x00000188   Data   RO            3    RESET               startup_stm32f407xx.o
    0x08000188   0x08000188   0x00000008   Code   RO         8288  * !!!main             c_w.l(__main.o)
    0x08000190   0x08000190   0x00000034   Code   RO         8799    !!!scatter          c_w.l(__scatter.o)
    0x080001c4   0x080001c4   0x0000005a   Code   RO         8797    !!dczerorl2         c_w.l(__dczerorl2.o)
    0x0800021e   0x0800021e   0x00000002   PAD
    0x08000220   0x08000220   0x0000001c   Code   RO         8801    !!handler_zi        c_w.l(__scatter_zi.o)
    0x0800023c   0x0800023c   0x00000002   Code   RO         8712    .ARM.Collect$$libinit$$00000000  c_w.l(libinit.o)
    0x0800023e   0x0800023e   0x00000004   Code   RO         8455    .ARM.Collect$$libinit$$00000001  c_w.l(libinit2.o)
    0x08000242   0x08000242   0x00000000   Code   RO         8458    .ARM.Collect$$libinit$$00000004  c_w.l(libinit2.o)
    0x08000242   0x08000242   0x00000000   Code   RO         8461    .ARM.Collect$$libinit$$0000000A  c_w.l(libinit2.o)
    0x08000242   0x08000242   0x00000000   Code   RO         8463    .ARM.Collect$$libinit$$0000000C  c_w.l(libinit2.o)
    0x08000242   0x08000242   0x00000000   Code   RO         8465    .ARM.Collect$$libinit$$0000000E  c_w.l(libinit2.o)
    0x08000242   0x08000242   0x00000000   Code   RO         8468    .ARM.Collect$$libinit$$00000011  c_w.l(libinit2.o)
    0x08000242   0x08000242   0x00000000   Code   RO         8470    .ARM.Collect$$libinit$$00000013  c_w.l(libinit2.o)
    0x08000242   0x08000242   0x00000000   Code   RO         8472    .ARM.Collect$$libinit$$00000015  c_w.l(libinit2.o)
    0x08000242   0x08000242   0x00000000   Code   RO         8474    .ARM.Collect$$libinit$$00000017  c_w.l(libinit2.o)
    0x08000242   0x08000242   0x00000000   Code   RO         8476    .ARM.Collect$$libinit$$00000019  c_w.l(libinit2.o)
    0x08000242   0x08000242   0x00000000   Code   RO         8478    .ARM.Collect$$libinit$$0000001B  c_w.l(libinit2.o)
    0x08000242   0x08000242   0x00000000   Code   RO         8480    .ARM.Collect$$libinit$$0000001D  c_w.l(libinit2.o)
    0x08000242   0x08000242   0x00000000   Code   RO         8482    .ARM.Collect$$libinit$$0000001F  c_w.l(libinit2.o)
    0x08000242   0x08000242   0x00000000   Code   RO         8484    .ARM.Collect$$libinit$$00000021  c_w.l(libinit2.o)
    0x08000242   0x08000242   0x00000000   Code   RO         8486    .ARM.Collect$$libinit$$00000023  c_w.l(libinit2.o)
    0x08000242   0x08000242   0x00000000   Code   RO         8488    .ARM.Collect$$libinit$$00000025  c_w.l(libinit2.o)
    0x08000242   0x08000242   0x00000000   Code   RO         8492    .ARM.Collect$$libinit$$0000002C  c_w.l(libinit2.o)
    0x08000242   0x08000242   0x00000000   Code   RO         8494    .ARM.Collect$$libinit$$0000002E  c_w.l(libinit2.o)
    0x08000242   0x08000242   0x00000000   Code   RO         8496    .ARM.Collect$$libinit$$00000030  c_w.l(libinit2.o)
    0x08000242   0x08000242   0x00000000   Code   RO         8498    .ARM.Collect$$libinit$$00000032  c_w.l(libinit2.o)
    0x08000242   0x08000242   0x00000002   Code   RO         8499    .ARM.Collect$$libinit$$00000033  c_w.l(libinit2.o)
    0x08000244   0x08000244   0x00000002   Code   RO         8794    .ARM.Collect$$libshutdown$$00000000  c_w.l(libshutdown.o)
    0x08000246   0x08000246   0x00000000   Code   RO         8714    .ARM.Collect$$libshutdown$$00000002  c_w.l(libshutdown2.o)
    0x08000246   0x08000246   0x00000000   Code   RO         8716    .ARM.Collect$$libshutdown$$00000004  c_w.l(libshutdown2.o)
    0x08000246   0x08000246   0x00000000   Code   RO         8719    .ARM.Collect$$libshutdown$$00000007  c_w.l(libshutdown2.o)
    0x08000246   0x08000246   0x00000000   Code   RO         8722    .ARM.Collect$$libshutdown$$0000000A  c_w.l(libshutdown2.o)
    0x08000246   0x08000246   0x00000000   Code   RO         8724    .ARM.Collect$$libshutdown$$0000000C  c_w.l(libshutdown2.o)
    0x08000246   0x08000246   0x00000000   Code   RO         8727    .ARM.Collect$$libshutdown$$0000000F  c_w.l(libshutdown2.o)
    0x08000246   0x08000246   0x00000002   Code   RO         8728    .ARM.Collect$$libshutdown$$00000010  c_w.l(libshutdown2.o)
    0x08000248   0x08000248   0x00000000   Code   RO         8406    .ARM.Collect$$rtentry$$00000000  c_w.l(__rtentry.o)
    0x08000248   0x08000248   0x00000000   Code   RO         8584    .ARM.Collect$$rtentry$$00000002  c_w.l(__rtentry2.o)
    0x08000248   0x08000248   0x00000006   Code   RO         8596    .ARM.Collect$$rtentry$$00000004  c_w.l(__rtentry4.o)
    0x0800024e   0x0800024e   0x00000000   Code   RO         8586    .ARM.Collect$$rtentry$$00000009  c_w.l(__rtentry2.o)
    0x0800024e   0x0800024e   0x00000004   Code   RO         8587    .ARM.Collect$$rtentry$$0000000A  c_w.l(__rtentry2.o)
    0x08000252   0x08000252   0x00000000   Code   RO         8589    .ARM.Collect$$rtentry$$0000000C  c_w.l(__rtentry2.o)
    0x08000252   0x08000252   0x00000008   Code   RO         8590    .ARM.Collect$$rtentry$$0000000D  c_w.l(__rtentry2.o)
    0x0800025a   0x0800025a   0x00000002   Code   RO         8733    .ARM.Collect$$rtexit$$00000000  c_w.l(rtexit.o)
    0x0800025c   0x0800025c   0x00000000   Code   RO         8762    .ARM.Collect$$rtexit$$00000002  c_w.l(rtexit2.o)
    0x0800025c   0x0800025c   0x00000004   Code   RO         8763    .ARM.Collect$$rtexit$$00000003  c_w.l(rtexit2.o)
    0x08000260   0x08000260   0x00000006   Code   RO         8764    .ARM.Collect$$rtexit$$00000004  c_w.l(rtexit2.o)
    0x08000266   0x08000266   0x00000002   PAD
    0x08000268   0x08000268   0x000000be   Code   RO         5348    .emb_text           port.o
    0x08000326   0x08000326   0x00000002   PAD
    0x08000328   0x08000328   0x00000040   Code   RO            4    .text               startup_stm32f407xx.o
    0x08000368   0x08000368   0x000000ee   Code   RO         8219    .text               c_w.l(lludivv7m.o)
    0x08000456   0x08000456   0x0000008a   Code   RO         8276    .text               c_w.l(rt_memcpy_v6.o)
    0x080004e0   0x080004e0   0x00000084   Code   RO         8278    .text               c_w.l(rt_memmove_v6.o)
    0x08000564   0x08000564   0x00000064   Code   RO         8280    .text               c_w.l(rt_memcpy_w.o)
    0x080005c8   0x080005c8   0x0000004e   Code   RO         8284    .text               c_w.l(rt_memclr_w.o)
    0x08000616   0x08000616   0x00000006   Code   RO         8286    .text               c_w.l(heapauxi.o)
    0x0800061c   0x0800061c   0x00000016   Code   RO         8436    .text               c_w.l(_rserrno.o)
    0x08000632   0x08000632   0x0000007a   Code   RO         8449    .text               c_w.l(rt_memmove_w.o)
    0x080006ac   0x080006ac   0x00000008   Code   RO         8580    .text               c_w.l(libspace.o)
    0x080006b4   0x080006b4   0x00000008   Code   RO         8603    .text               c_w.l(rt_errno_addr_intlibspace.o)
    0x080006bc   0x080006bc   0x00000030   Code   RO         8613    .text               c_w.l(_fptrap.o)
    0x080006ec   0x080006ec   0x00000002   Code   RO         8665    .text               c_w.l(use_no_semi.o)
    0x080006ee   0x080006ee   0x00000000   Code   RO         8667    .text               c_w.l(indicate_semi.o)
    0x080006ee   0x080006ee   0x0000004a   Code   RO         8668    .text               c_w.l(sys_stackheap_outer.o)
    0x08000738   0x08000738   0x00000012   Code   RO         8689    .text               c_w.l(exit.o)
    0x0800074a   0x0800074a   0x0000000a   Code   RO         8691    .text               c_w.l(defsig_exit.o)
    0x08000754   0x08000754   0x0000000e   Code   RO         8693    .text               c_w.l(defsig_fpe_outer.o)
    0x08000762   0x08000762   0x00000002   PAD
    0x08000764   0x08000764   0x0000000c   Code   RO         8731    .text               c_w.l(sys_exit.o)
    0x08000770   0x08000770   0x00000032   Code   RO         8751    .text               c_w.l(defsig_general.o)
    0x080007a2   0x080007a2   0x00000002   PAD
    0x080007a4   0x080007a4   0x000000ac   Code   RO         8753    .text               c_w.l(defsig_fpe_inner.o)
    0x08000850   0x08000850   0x0000000e   Code   RO         8759    .text               c_w.l(sys_wrch.o)
    0x0800085e   0x0800085e   0x00000002   PAD
    0x08000860   0x08000860   0x00000028   Code   RO         5740    i.AHRS_init         ins_task.o
    0x08000888   0x08000888   0x00000014   Code   RO         6885    i.BMI088_ACCEL_NS_H  bmi088middleware.o
    0x0800089c   0x0800089c   0x00000014   Code   RO         6886    i.BMI088_ACCEL_NS_L  bmi088middleware.o
    0x080008b0   0x080008b0   0x00000002   Code   RO         6887    i.BMI088_GPIO_init  bmi088middleware.o
    0x080008b2   0x080008b2   0x00000002   PAD
    0x080008b4   0x080008b4   0x00000014   Code   RO         6888    i.BMI088_GYRO_NS_H  bmi088middleware.o
    0x080008c8   0x080008c8   0x00000014   Code   RO         6889    i.BMI088_GYRO_NS_L  bmi088middleware.o
    0x080008dc   0x080008dc   0x00000002   Code   RO         6890    i.BMI088_com_init   bmi088middleware.o
    0x080008de   0x080008de   0x0000001a   Code   RO         6891    i.BMI088_delay_ms   bmi088middleware.o
    0x080008f8   0x080008f8   0x0000004a   Code   RO         6892    i.BMI088_delay_us   bmi088middleware.o
    0x08000942   0x08000942   0x0000001c   Code   RO         6816    i.BMI088_init       bmi088driver.o
    0x0800095e   0x0800095e   0x00000002   PAD
    0x08000960   0x08000960   0x0000017c   Code   RO         6817    i.BMI088_read       bmi088driver.o
    0x08000adc   0x08000adc   0x00000026   Code   RO         6818    i.BMI088_read_muli_reg  bmi088driver.o
    0x08000b02   0x08000b02   0x00000018   Code   RO         6819    i.BMI088_read_single_reg  bmi088driver.o
    0x08000b1a   0x08000b1a   0x00000002   PAD
    0x08000b1c   0x08000b1c   0x00000020   Code   RO         6893    i.BMI088_read_write_byte  bmi088middleware.o
    0x08000b3c   0x08000b3c   0x00000014   Code   RO         6820    i.BMI088_write_single_reg  bmi088driver.o
    0x08000b50   0x08000b50   0x00000084   Code   RO         6472    i.Block_PID_ErrorHandle  pid.o
    0x08000bd4   0x08000bd4   0x00000004   Code   RO          639    i.BusFault_Handler  stm32f4xx_it.o
    0x08000bd8   0x08000bd8   0x00000018   Code   RO         6667    i.Buzzer_Init       bsp_buzzer.o
    0x08000bf0   0x08000bf0   0x00000010   Code   RO          640    i.CAN1_RX0_IRQHandler  stm32f4xx_it.o
    0x08000c00   0x08000c00   0x00000010   Code   RO          641    i.CAN1_RX1_IRQHandler  stm32f4xx_it.o
    0x08000c10   0x08000c10   0x00000010   Code   RO          642    i.CAN1_TX_IRQHandler  stm32f4xx_it.o
    0x08000c20   0x08000c20   0x00000010   Code   RO          643    i.CAN2_RX0_IRQHandler  stm32f4xx_it.o
    0x08000c30   0x08000c30   0x00000010   Code   RO          644    i.CAN2_RX1_IRQHandler  stm32f4xx_it.o
    0x08000c40   0x08000c40   0x00000064   Code   RO         6580    i.CAN_cmd_SuperPower  can_receive.o
    0x08000ca4   0x08000ca4   0x00000050   Code   RO         6581    i.CAN_cmd_drive     can_receive.o
    0x08000cf4   0x08000cf4   0x00000038   Code   RO         6583    i.CAN_cmd_trig      can_receive.o
    0x08000d2c   0x08000d2c   0x00000090   Code   RO         6356    i.CapBuffer_Update  ui_task.o
    0x08000dbc   0x08000dbc   0x000000f0   Code   RO         6357    i.ChassisStatus_Update  ui_task.o
    0x08000eac   0x08000eac   0x0000006c   Code   RO         5509    i.Chassis_power     chassis_power_control.o
    0x08000f18   0x08000f18   0x00000074   Code   RO         6358    i.ControlMode_Update  ui_task.o
    0x08000f8c   0x08000f8c   0x00000010   Code   RO          645    i.DMA1_Stream1_IRQHandler  stm32f4xx_it.o
    0x08000f9c   0x08000f9c   0x00000010   Code   RO          646    i.DMA2_Stream1_IRQHandler  stm32f4xx_it.o
    0x08000fac   0x08000fac   0x00000010   Code   RO          647    i.DMA2_Stream2_IRQHandler  stm32f4xx_it.o
    0x08000fbc   0x08000fbc   0x00000010   Code   RO          648    i.DMA2_Stream3_IRQHandler  stm32f4xx_it.o
    0x08000fcc   0x08000fcc   0x00000010   Code   RO          649    i.DMA2_Stream6_IRQHandler  stm32f4xx_it.o
    0x08000fdc   0x08000fdc   0x00000034   Code   RO         1576    i.DMA_CalcBaseAndBitshift  stm32f4xx_hal_dma.o
    0x08001010   0x08001010   0x000000aa   Code   RO         1577    i.DMA_CheckFifoParam  stm32f4xx_hal_dma.o
    0x080010ba   0x080010ba   0x00000002   Code   RO          650    i.DebugMon_Handler  stm32f4xx_it.o
    0x080010bc   0x080010bc   0x00000064   Code   RO         6359    i.EnemyColor_Update  ui_task.o
    0x08001120   0x08001120   0x00000006   Code   RO           13    i.Error_Handler     main.o
    0x08001126   0x08001126   0x00000002   PAD
    0x08001128   0x08001128   0x00000110   Code   RO         6360    i.FricMode_Update   ui_task.o
    0x08001238   0x08001238   0x00000024   Code   RO         7188    i.Get_CRC8_Check_Sum  crc8_crc16.o
    0x0800125c   0x0800125c   0x0000002a   Code   RO          839    i.HAL_CAN_ActivateNotification  stm32f4xx_hal_can.o
    0x08001286   0x08001286   0x00000156   Code   RO          840    i.HAL_CAN_AddTxMessage  stm32f4xx_hal_can.o
    0x080013dc   0x080013dc   0x00000124   Code   RO          841    i.HAL_CAN_ConfigFilter  stm32f4xx_hal_can.o
    0x08001500   0x08001500   0x00000002   Code   RO          844    i.HAL_CAN_ErrorCallback  stm32f4xx_hal_can.o
    0x08001502   0x08001502   0x0000017a   Code   RO          847    i.HAL_CAN_GetRxMessage  stm32f4xx_hal_can.o
    0x0800167c   0x0800167c   0x0000024e   Code   RO          851    i.HAL_CAN_IRQHandler  stm32f4xx_hal_can.o
    0x080018ca   0x080018ca   0x00000174   Code   RO          852    i.HAL_CAN_Init      stm32f4xx_hal_can.o
    0x08001a3e   0x08001a3e   0x00000002   PAD
    0x08001a40   0x08001a40   0x00000190   Code   RO          417    i.HAL_CAN_MspInit   can.o
    0x08001bd0   0x08001bd0   0x00000002   Code   RO          859    i.HAL_CAN_RxFifo0FullCallback  stm32f4xx_hal_can.o
    0x08001bd2   0x08001bd2   0x00000002   PAD
    0x08001bd4   0x08001bd4   0x00000290   Code   RO         6584    i.HAL_CAN_RxFifo0MsgPendingCallback  can_receive.o
    0x08001e64   0x08001e64   0x00000002   Code   RO          861    i.HAL_CAN_RxFifo1FullCallback  stm32f4xx_hal_can.o
    0x08001e66   0x08001e66   0x00000002   Code   RO          862    i.HAL_CAN_RxFifo1MsgPendingCallback  stm32f4xx_hal_can.o
    0x08001e68   0x08001e68   0x00000002   Code   RO          863    i.HAL_CAN_SleepCallback  stm32f4xx_hal_can.o
    0x08001e6a   0x08001e6a   0x0000005e   Code   RO          864    i.HAL_CAN_Start     stm32f4xx_hal_can.o
    0x08001ec8   0x08001ec8   0x00000002   Code   RO          866    i.HAL_CAN_TxMailbox0AbortCallback  stm32f4xx_hal_can.o
    0x08001eca   0x08001eca   0x00000002   Code   RO          867    i.HAL_CAN_TxMailbox0CompleteCallback  stm32f4xx_hal_can.o
    0x08001ecc   0x08001ecc   0x00000002   Code   RO          868    i.HAL_CAN_TxMailbox1AbortCallback  stm32f4xx_hal_can.o
    0x08001ece   0x08001ece   0x00000002   Code   RO          869    i.HAL_CAN_TxMailbox1CompleteCallback  stm32f4xx_hal_can.o
    0x08001ed0   0x08001ed0   0x00000002   Code   RO          870    i.HAL_CAN_TxMailbox2AbortCallback  stm32f4xx_hal_can.o
    0x08001ed2   0x08001ed2   0x00000002   Code   RO          871    i.HAL_CAN_TxMailbox2CompleteCallback  stm32f4xx_hal_can.o
    0x08001ed4   0x08001ed4   0x00000002   Code   RO          873    i.HAL_CAN_WakeUpFromRxMsgCallback  stm32f4xx_hal_can.o
    0x08001ed6   0x08001ed6   0x000000ac   Code   RO         1579    i.HAL_DMA_Abort     stm32f4xx_hal_dma.o
    0x08001f82   0x08001f82   0x00000028   Code   RO         1580    i.HAL_DMA_Abort_IT  stm32f4xx_hal_dma.o
    0x08001faa   0x08001faa   0x00000002   PAD
    0x08001fac   0x08001fac   0x00000240   Code   RO         1584    i.HAL_DMA_IRQHandler  stm32f4xx_hal_dma.o
    0x080021ec   0x080021ec   0x000000ec   Code   RO         1585    i.HAL_DMA_Init      stm32f4xx_hal_dma.o
    0x080022d8   0x080022d8   0x000001f4   Code   RO         1472    i.HAL_GPIO_Init     stm32f4xx_hal_gpio.o
    0x080024cc   0x080024cc   0x0000000c   Code   RO         1476    i.HAL_GPIO_WritePin  stm32f4xx_hal_gpio.o
    0x080024d8   0x080024d8   0x0000000c   Code   RO         2009    i.HAL_GetTick       stm32f4xx_hal.o
    0x080024e4   0x080024e4   0x00000018   Code   RO         2015    i.HAL_IncTick       stm32f4xx_hal.o
    0x080024fc   0x080024fc   0x0000003c   Code   RO         2016    i.HAL_Init          stm32f4xx_hal.o
    0x08002538   0x08002538   0x000000b4   Code   RO          799    i.HAL_InitTick      stm32f4xx_hal_timebase_tim.o
    0x080025ec   0x080025ec   0x00000054   Code   RO          775    i.HAL_MspInit       stm32f4xx_hal_msp.o
    0x08002640   0x08002640   0x00000020   Code   RO         1861    i.HAL_NVIC_EnableIRQ  stm32f4xx_hal_cortex.o
    0x08002660   0x08002660   0x0000007c   Code   RO         1867    i.HAL_NVIC_SetPriority  stm32f4xx_hal_cortex.o
    0x080026dc   0x080026dc   0x00000028   Code   RO         1868    i.HAL_NVIC_SetPriorityGrouping  stm32f4xx_hal_cortex.o
    0x08002704   0x08002704   0x00000184   Code   RO         1073    i.HAL_RCC_ClockConfig  stm32f4xx_hal_rcc.o
    0x08002888   0x08002888   0x00000044   Code   RO         1077    i.HAL_RCC_GetClockConfig  stm32f4xx_hal_rcc.o
    0x080028cc   0x080028cc   0x0000000c   Code   RO         1078    i.HAL_RCC_GetHCLKFreq  stm32f4xx_hal_rcc.o
    0x080028d8   0x080028d8   0x00000020   Code   RO         1080    i.HAL_RCC_GetPCLK1Freq  stm32f4xx_hal_rcc.o
    0x080028f8   0x080028f8   0x00000020   Code   RO         1081    i.HAL_RCC_GetPCLK2Freq  stm32f4xx_hal_rcc.o
    0x08002918   0x08002918   0x000000b0   Code   RO         1082    i.HAL_RCC_GetSysClockFreq  stm32f4xx_hal_rcc.o
    0x080029c8   0x080029c8   0x0000049c   Code   RO         1085    i.HAL_RCC_OscConfig  stm32f4xx_hal_rcc.o
    0x08002e64   0x08002e64   0x000000c8   Code   RO         2265    i.HAL_SPI_Init      stm32f4xx_hal_spi.o
    0x08002f2c   0x08002f2c   0x0000014c   Code   RO          490    i.HAL_SPI_MspInit   spi.o
    0x08003078   0x08003078   0x0000022a   Code   RO         2274    i.HAL_SPI_TransmitReceive  stm32f4xx_hal_spi.o
    0x080032a2   0x080032a2   0x00000002   Code   RO         3293    i.HAL_TIMEx_BreakCallback  stm32f4xx_hal_tim_ex.o
    0x080032a4   0x080032a4   0x00000002   Code   RO         3294    i.HAL_TIMEx_CommutCallback  stm32f4xx_hal_tim_ex.o
    0x080032a6   0x080032a6   0x00000002   PAD
    0x080032a8   0x080032a8   0x000000b4   Code   RO         3312    i.HAL_TIMEx_MasterConfigSynchronization  stm32f4xx_hal_tim_ex.o
    0x0800335c   0x0800335c   0x00000066   Code   RO         2578    i.HAL_TIM_Base_Init  stm32f4xx_hal_tim.o
    0x080033c2   0x080033c2   0x00000002   PAD
    0x080033c4   0x080033c4   0x00000074   Code   RO          532    i.HAL_TIM_Base_MspInit  tim.o
    0x08003438   0x08003438   0x0000009c   Code   RO         2581    i.HAL_TIM_Base_Start  stm32f4xx_hal_tim.o
    0x080034d4   0x080034d4   0x000000a8   Code   RO         2583    i.HAL_TIM_Base_Start_IT  stm32f4xx_hal_tim.o
    0x0800357c   0x0800357c   0x0000010c   Code   RO         2587    i.HAL_TIM_ConfigClockSource  stm32f4xx_hal_tim.o
    0x08003688   0x08003688   0x00000002   Code   RO         2612    i.HAL_TIM_IC_CaptureCallback  stm32f4xx_hal_tim.o
    0x0800368a   0x0800368a   0x00000196   Code   RO         2626    i.HAL_TIM_IRQHandler  stm32f4xx_hal_tim.o
    0x08003820   0x08003820   0x00000064   Code   RO          533    i.HAL_TIM_MspPostInit  tim.o
    0x08003884   0x08003884   0x00000002   Code   RO         2629    i.HAL_TIM_OC_DelayElapsedCallback  stm32f4xx_hal_tim.o
    0x08003886   0x08003886   0x00000104   Code   RO         2650    i.HAL_TIM_PWM_ConfigChannel  stm32f4xx_hal_tim.o
    0x0800398a   0x0800398a   0x00000066   Code   RO         2653    i.HAL_TIM_PWM_Init  stm32f4xx_hal_tim.o
    0x080039f0   0x080039f0   0x00000002   Code   RO         2655    i.HAL_TIM_PWM_MspInit  stm32f4xx_hal_tim.o
    0x080039f2   0x080039f2   0x00000002   Code   RO         2656    i.HAL_TIM_PWM_PulseFinishedCallback  stm32f4xx_hal_tim.o
    0x080039f4   0x080039f4   0x0000010c   Code   RO         2658    i.HAL_TIM_PWM_Start  stm32f4xx_hal_tim.o
    0x08003b00   0x08003b00   0x000000ec   Code   RO           14    i.HAL_TIM_PeriodElapsedCallback  main.o
    0x08003bec   0x08003bec   0x00000002   Code   RO         2669    i.HAL_TIM_TriggerCallback  stm32f4xx_hal_tim.o
    0x08003bee   0x08003bee   0x00000002   Code   RO         3571    i.HAL_UARTEx_RxEventCallback  stm32f4xx_hal_uart.o
    0x08003bf0   0x08003bf0   0x00000002   Code   RO         3585    i.HAL_UART_ErrorCallback  stm32f4xx_hal_uart.o
    0x08003bf2   0x08003bf2   0x00000002   PAD
    0x08003bf4   0x08003bf4   0x000002e0   Code   RO         3588    i.HAL_UART_IRQHandler  stm32f4xx_hal_uart.o
    0x08003ed4   0x08003ed4   0x00000072   Code   RO         3589    i.HAL_UART_Init     stm32f4xx_hal_uart.o
    0x08003f46   0x08003f46   0x00000002   PAD
    0x08003f48   0x08003f48   0x000002a8   Code   RO          586    i.HAL_UART_MspInit  usart.o
    0x080041f0   0x080041f0   0x00000002   Code   RO         3595    i.HAL_UART_RxCpltCallback  stm32f4xx_hal_uart.o
    0x080041f2   0x080041f2   0x000000d2   Code   RO         3597    i.HAL_UART_Transmit  stm32f4xx_hal_uart.o
    0x080042c4   0x080042c4   0x00000002   Code   RO         3600    i.HAL_UART_TxCpltCallback  stm32f4xx_hal_uart.o
    0x080042c6   0x080042c6   0x00000004   Code   RO          651    i.HardFault_Handler  stm32f4xx_it.o
    0x080042ca   0x080042ca   0x00000002   PAD
    0x080042cc   0x080042cc   0x0000010c   Code   RO         5741    i.INS_task          ins_task.o
    0x080043d8   0x080043d8   0x00000154   Code   RO         6319    i.Key_Scan          key_task.o
    0x0800452c   0x0800452c   0x00000044   Code   RO          418    i.MX_CAN1_Init      can.o
    0x08004570   0x08004570   0x00000040   Code   RO          419    i.MX_CAN2_Init      can.o
    0x080045b0   0x080045b0   0x00000098   Code   RO          465    i.MX_DMA_Init       dma.o
    0x08004648   0x08004648   0x00000108   Code   RO          300    i.MX_FREERTOS_Init  freertos.o
    0x08004750   0x08004750   0x00000114   Code   RO          269    i.MX_GPIO_Init      gpio.o
    0x08004864   0x08004864   0x00000048   Code   RO          491    i.MX_SPI1_Init      spi.o
    0x080048ac   0x080048ac   0x000000a4   Code   RO          534    i.MX_TIM4_Init      tim.o
    0x08004950   0x08004950   0x00000070   Code   RO          535    i.MX_TIM5_Init      tim.o
    0x080049c0   0x080049c0   0x00000038   Code   RO          587    i.MX_USART1_UART_Init  usart.o
    0x080049f8   0x080049f8   0x00000038   Code   RO          588    i.MX_USART3_UART_Init  usart.o
    0x08004a30   0x08004a30   0x00000038   Code   RO          589    i.MX_USART6_UART_Init  usart.o
    0x08004a68   0x08004a68   0x000002fc   Code   RO         7422    i.MahonyAHRSupdateIMU  mahonyahrs.o
    0x08004d64   0x08004d64   0x0000001a   Code   RO         7456    i.Math_Abs          user_lib.o
    0x08004d7e   0x08004d7e   0x00000004   Code   RO          652    i.MemManage_Handler  stm32f4xx_it.o
    0x08004d82   0x08004d82   0x00000004   Code   RO          653    i.NMI_Handler       stm32f4xx_it.o
    0x08004d86   0x08004d86   0x00000002   PAD
    0x08004d88   0x08004d88   0x000001c8   Code   RO         6476    i.PID_calc          pid.o
    0x08004f50   0x08004f50   0x00000068   Code   RO         6478    i.PID_init          pid.o
    0x08004fb8   0x08004fb8   0x0000009c   Code   RO         6748    i.RC_init           bsp_rc.o
    0x08005054   0x08005054   0x0000000c   Code   RO         5891    i.Referee_0x0301Data_Receive  referee.o
    0x08005060   0x08005060   0x000000a8   Code   RO         6782    i.Referee_DMA_TX    bsp_usart.o
    0x08005108   0x08005108   0x0000007c   Code   RO         5892    i.Referee_Data_Process  referee.o
    0x08005184   0x08005184   0x000000c8   Code   RO         5893    i.Referee_Data_Receive  referee.o
    0x0800524c   0x0800524c   0x0000001c   Code   RO         5894    i.Referee_Sys_Init  referee.o
    0x08005268   0x08005268   0x0000006c   Code   RO         2303    i.SPI_EndRxTxTransaction  stm32f4xx_hal_spi.o
    0x080052d4   0x080052d4   0x000000d8   Code   RO         2308    i.SPI_WaitFlagStateUntilTimeout  stm32f4xx_hal_spi.o
    0x080053ac   0x080053ac   0x00000028   Code   RO         5662    i.SuperPower_Control  communicate_task.o
    0x080053d4   0x080053d4   0x00000060   Code   RO         5510    i.SuperPower_Strategy  chassis_power_control.o
    0x08005434   0x08005434   0x00000034   Code   RO         5349    i.SysTick_Handler   port.o
    0x08005468   0x08005468   0x000000b4   Code   RO           15    i.SystemClock_Config  main.o
    0x0800551c   0x0800551c   0x00000064   Code   RO         3928    i.SystemInit        system_stm32f4xx.o
    0x08005580   0x08005580   0x00000010   Code   RO          654    i.TIM5_IRQHandler   stm32f4xx_it.o
    0x08005590   0x08005590   0x00000010   Code   RO          655    i.TIM6_DAC_IRQHandler  stm32f4xx_it.o
    0x080055a0   0x080055a0   0x000000d8   Code   RO         2671    i.TIM_Base_SetConfig  stm32f4xx_hal_tim.o
    0x08005678   0x08005678   0x00000022   Code   RO         2672    i.TIM_CCxChannelCmd  stm32f4xx_hal_tim.o
    0x0800569a   0x0800569a   0x00000016   Code   RO         2682    i.TIM_ETR_SetConfig  stm32f4xx_hal_tim.o
    0x080056b0   0x080056b0   0x00000012   Code   RO         2683    i.TIM_ITRx_SetConfig  stm32f4xx_hal_tim.o
    0x080056c2   0x080056c2   0x00000002   PAD
    0x080056c4   0x080056c4   0x00000070   Code   RO         2684    i.TIM_OC1_SetConfig  stm32f4xx_hal_tim.o
    0x08005734   0x08005734   0x0000007c   Code   RO         2685    i.TIM_OC2_SetConfig  stm32f4xx_hal_tim.o
    0x080057b0   0x080057b0   0x00000078   Code   RO         2686    i.TIM_OC3_SetConfig  stm32f4xx_hal_tim.o
    0x08005828   0x08005828   0x00000054   Code   RO         2687    i.TIM_OC4_SetConfig  stm32f4xx_hal_tim.o
    0x0800587c   0x0800587c   0x00000026   Code   RO         2689    i.TIM_TI1_ConfigInputStage  stm32f4xx_hal_tim.o
    0x080058a2   0x080058a2   0x00000028   Code   RO         2691    i.TIM_TI2_ConfigInputStage  stm32f4xx_hal_tim.o
    0x080058ca   0x080058ca   0x00000002   PAD
    0x080058cc   0x080058cc   0x00000090   Code   RO         6361    i.TrigMode_Update   ui_task.o
    0x0800595c   0x0800595c   0x00000014   Code   RO         3602    i.UART_DMAAbortOnError  stm32f4xx_hal_uart.o
    0x08005970   0x08005970   0x0000006c   Code   RO         3612    i.UART_EndRxTransfer  stm32f4xx_hal_uart.o
    0x080059dc   0x080059dc   0x00000020   Code   RO         3613    i.UART_EndTransmit_IT  stm32f4xx_hal_uart.o
    0x080059fc   0x080059fc   0x000000f8   Code   RO         3615    i.UART_Receive_IT   stm32f4xx_hal_uart.o
    0x08005af4   0x08005af4   0x0000022c   Code   RO         3616    i.UART_SetConfig    stm32f4xx_hal_uart.o
    0x08005d20   0x08005d20   0x00000060   Code   RO         3619    i.UART_Transmit_IT  stm32f4xx_hal_uart.o
    0x08005d80   0x08005d80   0x00000092   Code   RO         3620    i.UART_WaitOnFlagUntilTimeout  stm32f4xx_hal_uart.o
    0x08005e12   0x08005e12   0x00000002   PAD
    0x08005e14   0x08005e14   0x00000010   Code   RO          656    i.USART1_IRQHandler  stm32f4xx_it.o
    0x08005e24   0x08005e24   0x00000130   Code   RO         6194    i.USART3_IRQHandler  remote_control.o
    0x08005f54   0x08005f54   0x00000118   Code   RO         5895    i.USART6_IRQHandler  referee.o
    0x0800606c   0x0800606c   0x00000004   Code   RO          657    i.UsageFault_Handler  stm32f4xx_it.o
    0x08006070   0x08006070   0x0000002e   Code   RO         7190    i.Verify_CRC8_Check_Sum  crc8_crc16.o
    0x0800609e   0x0800609e   0x00000002   PAD
    0x080060a0   0x080060a0   0x0000001c   Code   RO         6273    i.VofaInit          vofa_task.o
    0x080060bc   0x080060bc   0x00000050   Code   RO         6274    i.Vofa_Send         vofa_task.o
    0x0800610c   0x0800610c   0x00000030   Code   RO         8656    i.__ARM_fpclassify  m_wm.l(fpclassify.o)
    0x0800613c   0x0800613c   0x00000026   Code   RO         8548    i.__ARM_fpclassifyf  m_wm.l(fpclassifyf.o)
    0x08006162   0x08006162   0x00000002   PAD
    0x08006164   0x08006164   0x00000010   Code   RO         1874    i.__NVIC_GetPriorityGrouping  stm32f4xx_hal_cortex.o
    0x08006174   0x08006174   0x00000028   Code   RO         1875    i.__NVIC_SetPriority  stm32f4xx_hal_cortex.o
    0x0800619c   0x0800619c   0x0000012c   Code   RO         8320    i.__hardfp_asinf    m_wm.l(asinf.o)
    0x080062c8   0x080062c8   0x00000250   Code   RO         8332    i.__hardfp_atan2f   m_wm.l(atan2f.o)
    0x08006518   0x08006518   0x000000c8   Code   RO         8344    i.__hardfp_cos      m_wm.l(cos.o)
    0x080065e0   0x080065e0   0x000000c8   Code   RO         8356    i.__hardfp_sin      m_wm.l(sin.o)
    0x080066a8   0x080066a8   0x0000007a   Code   RO         8380    i.__hardfp_sqrt     m_wm.l(sqrt_full.o)
    0x08006722   0x08006722   0x00000006   PAD
    0x08006728   0x08006728   0x00000438   Code   RO         8564    i.__ieee754_rem_pio2  m_wm.l(rred.o)
    0x08006b60   0x08006b60   0x00000170   Code   RO         8531    i.__kernel_cos      m_wm.l(cos_i.o)
    0x08006cd0   0x08006cd0   0x000000f8   Code   RO         8658    i.__kernel_poly     m_wm.l(poly.o)
    0x08006dc8   0x08006dc8   0x00000130   Code   RO         8572    i.__kernel_sin      m_wm.l(sin_i.o)
    0x08006ef8   0x08006ef8   0x00000014   Code   RO         8535    i.__mathlib_dbl_infnan  m_wm.l(dunder.o)
    0x08006f0c   0x08006f0c   0x00000004   PAD
    0x08006f10   0x08006f10   0x00000020   Code   RO         8537    i.__mathlib_dbl_invalid  m_wm.l(dunder.o)
    0x08006f30   0x08006f30   0x00000020   Code   RO         8540    i.__mathlib_dbl_underflow  m_wm.l(dunder.o)
    0x08006f50   0x08006f50   0x00000006   Code   RO         8551    i.__mathlib_flt_infnan  m_wm.l(funder.o)
    0x08006f56   0x08006f56   0x00000006   Code   RO         8552    i.__mathlib_flt_infnan2  m_wm.l(funder.o)
    0x08006f5c   0x08006f5c   0x00000010   Code   RO         8553    i.__mathlib_flt_invalid  m_wm.l(funder.o)
    0x08006f6c   0x08006f6c   0x00000010   Code   RO         8556    i.__mathlib_flt_underflow  m_wm.l(funder.o)
    0x08006f7c   0x08006f7c   0x00000128   Code   RO         7563    i._ui_init_default_AIMBOT_0  ui_default_aimbot_0.o
    0x080070a4   0x080070a4   0x000001cc   Code   RO         7625    i._ui_init_default_CAP_0  ui_default_cap_0.o
    0x08007270   0x08007270   0x000001f0   Code   RO         7668    i._ui_init_default_ChassisStatus_0  ui_default_chassisstatus_0.o
    0x08007460   0x08007460   0x00000128   Code   RO         7797    i._ui_init_default_Control_0  ui_default_control_0.o
    0x08007588   0x08007588   0x00000224   Code   RO         7711    i._ui_init_default_Fric_0  ui_default_fric_0.o
    0x080077ac   0x080077ac   0x000001d4   Code   RO         7754    i._ui_init_default_Shoot_0  ui_default_shoot_0.o
    0x08007980   0x08007980   0x0000022c   Code   RO         7883    i._ui_init_default_TrigMode_0  ui_default_trigmode_0.o
    0x08007bac   0x08007bac   0x00000044   Code   RO         7565    i._ui_update_default_AIMBOT_0  ui_default_aimbot_0.o
    0x08007bf0   0x08007bf0   0x00000044   Code   RO         7627    i._ui_update_default_CAP_0  ui_default_cap_0.o
    0x08007c34   0x08007c34   0x00000044   Code   RO         7670    i._ui_update_default_ChassisStatus_0  ui_default_chassisstatus_0.o
    0x08007c78   0x08007c78   0x00000044   Code   RO         7799    i._ui_update_default_Control_0  ui_default_control_0.o
    0x08007cbc   0x08007cbc   0x00000044   Code   RO         7713    i._ui_update_default_Fric_0  ui_default_fric_0.o
    0x08007d00   0x08007d00   0x00000044   Code   RO         7885    i._ui_update_default_TrigMode_0  ui_default_trigmode_0.o
    0x08007d44   0x08007d44   0x00000128   Code   RO         6821    i.bmi088_accel_init  bmi088driver.o
    0x08007e6c   0x08007e6c   0x000000f4   Code   RO         6822    i.bmi088_gyro_init  bmi088driver.o
    0x08007f60   0x08007f60   0x00000010   Code   RO         6668    i.buzzer_off        bsp_buzzer.o
    0x08007f70   0x08007f70   0x00000014   Code   RO         6669    i.buzzer_on         bsp_buzzer.o
    0x08007f84   0x08007f84   0x00000038   Code   RO         7926    i.calc_crc16        ui_interface.o
    0x08007fbc   0x08007fbc   0x00000024   Code   RO         7927    i.calc_crc8         ui_interface.o
    0x08007fe0   0x08007fe0   0x0000005c   Code   RO         6585    i.canfilter_init_start  can_receive.o
    0x0800803c   0x0800803c   0x00000054   Code   RO         5428    i.chassis_behaviour_control_set  chassis_behaviour.o
    0x08008090   0x08008090   0x00000170   Code   RO         5429    i.chassis_behaviour_mode_set  chassis_behaviour.o
    0x08008200   0x08008200   0x00000066   Code   RO         5567    i.chassis_control_loop  chassis_task.o
    0x08008266   0x08008266   0x00000002   PAD
    0x08008268   0x08008268   0x0000007c   Code   RO         5568    i.chassis_feedback_update  chassis_task.o
    0x080082e4   0x080082e4   0x0000012c   Code   RO         5569    i.chassis_init      chassis_task.o
    0x08008410   0x08008410   0x0000002a   Code   RO         5570    i.chassis_motor_detect  chassis_task.o
    0x0800843a   0x0800843a   0x00000002   PAD
    0x0800843c   0x0800843c   0x00000034   Code   RO         5430    i.chassis_omni_direction_follow_gimbal_yaw_control  chassis_behaviour.o
    0x08008470   0x08008470   0x00000034   Code   RO         5431    i.chassis_omni_top_follow_gimbal_yaw_control  chassis_behaviour.o
    0x080084a4   0x080084a4   0x000003c0   Code   RO         5511    i.chassis_power_control  chassis_power_control.o
    0x08008864   0x08008864   0x00000020   Code   RO         5512    i.chassis_power_feedback  chassis_power_control.o
    0x08008884   0x08008884   0x000002c4   Code   RO         5571    i.chassis_rc_to_control_vector  chassis_task.o
    0x08008b48   0x08008b48   0x000005ba   Code   RO         5572    i.chassis_set_contorl  chassis_task.o
    0x08009102   0x08009102   0x00000012   Code   RO         5573    i.chassis_set_mode  chassis_task.o
    0x08009114   0x08009114   0x000000c0   Code   RO         5574    i.chassis_task      chassis_task.o
    0x080091d4   0x080091d4   0x0000003a   Code   RO         5575    i.chassis_vector_to_omni_calculate  chassis_task.o
    0x0800920e   0x0800920e   0x00000002   PAD
    0x08009210   0x08009210   0x00000018   Code   RO         5663    i.communicate_task  communicate_task.o
    0x08009228   0x08009228   0x00000124   Code   RO         5811    i.detect_hook       detect_task.o
    0x0800934c   0x0800934c   0x00000168   Code   RO         5812    i.detect_init       detect_task.o
    0x080094b4   0x080094b4   0x0000027c   Code   RO         5813    i.detect_task       detect_task.o
    0x08009730   0x08009730   0x00000072   Code   RO         5664    i.dispose_gimbal_mode  communicate_task.o
    0x080097a2   0x080097a2   0x00000018   Code   RO         8652    i.fabs              m_wm.l(fabs.o)
    0x080097ba   0x080097ba   0x00000054   Code   RO         7458    i.first_order_filter_cali  user_lib.o
    0x0800980e   0x0800980e   0x00000002   PAD
    0x08009810   0x08009810   0x00000024   Code   RO         7459    i.first_order_filter_init  user_lib.o
    0x08009834   0x08009834   0x0000002a   Code   RO         7460    i.fp32_constrain    user_lib.o
    0x0800985e   0x0800985e   0x00000002   PAD
    0x08009860   0x08009860   0x00000008   Code   RO         5743    i.get_INS_data_point  ins_task.o
    0x08009868   0x08009868   0x000000dc   Code   RO         5744    i.get_angle         ins_task.o
    0x08009944   0x08009944   0x00000008   Code   RO         5576    i.get_chassis_Debug  chassis_task.o
    0x0800994c   0x0800994c   0x00000018   Code   RO         6586    i.get_chassis_drive_motor_measure_point  can_receive.o
    0x08009964   0x08009964   0x00000008   Code   RO         5513    i.get_chassis_power  chassis_power_control.o
    0x0800996c   0x0800996c   0x00000054   Code   RO         5665    i.get_gimbal_data   communicate_task.o
    0x080099c0   0x080099c0   0x00000008   Code   RO         5666    i.get_gimbal_data_point  communicate_task.o
    0x080099c8   0x080099c8   0x00000008   Code   RO         5667    i.get_gimbal_rc_data_point  communicate_task.o
    0x080099d0   0x080099d0   0x00000008   Code   RO         6587    i.get_gimbal_trigger_motor_measure_point  can_receive.o
    0x080099d8   0x080099d8   0x00000008   Code   RO         5897    i.get_referee_data_point  referee.o
    0x080099e0   0x080099e0   0x00000008   Code   RO         6195    i.get_remote_control_point  remote_control.o
    0x080099e8   0x080099e8   0x000000b4   Code   RO         5745    i.imu_offset_accquier  ins_task.o
    0x08009a9c   0x08009a9c   0x00000032   Code   RO         5746    i.imu_offset_remove  ins_task.o
    0x08009ace   0x08009ace   0x00000002   PAD
    0x08009ad0   0x08009ad0   0x0000003c   Code   RO         7423    i.invSqrt           mahonyahrs.o
    0x08009b0c   0x08009b0c   0x0000000e   Code   RO         6320    i.key_task          key_task.o
    0x08009b1a   0x08009b1a   0x00000060   Code   RO         7464    i.loop_fp32_constrain  user_lib.o
    0x08009b7a   0x08009b7a   0x00000002   PAD
    0x08009b7c   0x08009b7c   0x00000058   Code   RO           16    i.main              main.o
    0x08009bd4   0x08009bd4   0x0000000e   Code   RO         4926    i.makeFreeRtosPriority  cmsis_os.o
    0x08009be2   0x08009be2   0x00000002   PAD
    0x08009be4   0x08009be4   0x00000034   Code   RO         5577    i.motor_ecd_to_angle_change  chassis_task.o
    0x08009c18   0x08009c18   0x00000018   Code   RO         4928    i.osDelay           cmsis_os.o
    0x08009c30   0x08009c30   0x0000000a   Code   RO         4931    i.osKernelStart     cmsis_os.o
    0x08009c3a   0x08009c3a   0x0000005e   Code   RO         4965    i.osThreadCreate    cmsis_os.o
    0x08009c98   0x08009c98   0x00000098   Code   RO         4445    i.prvAddCurrentTaskToDelayedList  tasks.o
    0x08009d30   0x08009d30   0x000000b4   Code   RO         4446    i.prvAddNewTaskToReadyList  tasks.o
    0x08009de4   0x08009de4   0x00000074   Code   RO         4770    i.prvCheckForValidListAndQueue  timers.o
    0x08009e58   0x08009e58   0x00000048   Code   RO         4447    i.prvCheckTasksWaitingTermination  tasks.o
    0x08009ea0   0x08009ea0   0x0000002a   Code   RO         4105    i.prvCopyDataFromQueue  queue.o
    0x08009eca   0x08009eca   0x0000007e   Code   RO         4106    i.prvCopyDataToQueue  queue.o
    0x08009f48   0x08009f48   0x00000050   Code   RO         4448    i.prvDeleteTCB      tasks.o
    0x08009f98   0x08009f98   0x00000028   Code   RO         4771    i.prvGetNextExpireTime  timers.o
    0x08009fc0   0x08009fc0   0x0000007c   Code   RO         5293    i.prvHeapInit       heap_4.o
    0x0800a03c   0x0800a03c   0x00000028   Code   RO         4449    i.prvIdleTask       tasks.o
    0x0800a064   0x0800a064   0x00000026   Code   RO         4109    i.prvInitialiseNewQueue  queue.o
    0x0800a08a   0x0800a08a   0x000000b4   Code   RO         4450    i.prvInitialiseNewTask  tasks.o
    0x0800a13e   0x0800a13e   0x00000002   PAD
    0x0800a140   0x0800a140   0x00000068   Code   RO         4451    i.prvInitialiseTaskLists  tasks.o
    0x0800a1a8   0x0800a1a8   0x00000068   Code   RO         5294    i.prvInsertBlockIntoFreeList  heap_4.o
    0x0800a210   0x0800a210   0x00000058   Code   RO         4773    i.prvInsertTimerInActiveList  timers.o
    0x0800a268   0x0800a268   0x0000001a   Code   RO         4110    i.prvIsQueueEmpty   queue.o
    0x0800a282   0x0800a282   0x0000001e   Code   RO         4111    i.prvIsQueueFull    queue.o
    0x0800a2a0   0x0800a2a0   0x00000074   Code   RO         4774    i.prvProcessExpiredTimer  timers.o
    0x0800a314   0x0800a314   0x00000138   Code   RO         4775    i.prvProcessReceivedCommands  timers.o
    0x0800a44c   0x0800a44c   0x00000074   Code   RO         4776    i.prvProcessTimerOrBlockTask  timers.o
    0x0800a4c0   0x0800a4c0   0x00000034   Code   RO         4452    i.prvResetNextTaskUnblockTime  tasks.o
    0x0800a4f4   0x0800a4f4   0x0000002c   Code   RO         4777    i.prvSampleTimeNow  timers.o
    0x0800a520   0x0800a520   0x000000a4   Code   RO         4778    i.prvSwitchTimerLists  timers.o
    0x0800a5c4   0x0800a5c4   0x00000040   Code   RO         5350    i.prvTaskExitError  port.o
    0x0800a604   0x0800a604   0x0000001a   Code   RO         4779    i.prvTimerTask      timers.o
    0x0800a61e   0x0800a61e   0x0000007e   Code   RO         4112    i.prvUnlockQueue    queue.o
    0x0800a69c   0x0800a69c   0x0000014c   Code   RO         5295    i.pvPortMalloc      heap_4.o
    0x0800a7e8   0x0800a7e8   0x0000002c   Code   RO         5351    i.pxPortInitialiseStack  port.o
    0x0800a814   0x0800a814   0x00000154   Code   RO         6783    i.referee_init      bsp_usart.o
    0x0800a968   0x0800a968   0x00000014   Code   RO         6196    i.remote_control_init  remote_control.o
    0x0800a97c   0x0800a97c   0x000000da   Code   RO         6197    i.sbus_to_rc        remote_control.o
    0x0800aa56   0x0800aa56   0x0000003e   Code   RO         8388    i.sqrtf             m_wm.l(sqrtf_full.o)
    0x0800aa94   0x0800aa94   0x0000002c   Code   RO         5966    i.test_task         test_task.o
    0x0800aac0   0x0800aac0   0x00000018   Code   RO         5815    i.toe_is_error      detect_task.o
    0x0800aad8   0x0800aad8   0x00000128   Code   RO         6122    i.trig_block_detect_Serial  trig_task.o
    0x0800ac00   0x0800ac00   0x00000070   Code   RO         6123    i.trig_block_detect_single  trig_task.o
    0x0800ac70   0x0800ac70   0x0000000a   Code   RO         6124    i.trig_detect       trig_task.o
    0x0800ac7a   0x0800ac7a   0x00000002   PAD
    0x0800ac7c   0x0800ac7c   0x000000d4   Code   RO         6125    i.trig_feedback_update  trig_task.o
    0x0800ad50   0x0800ad50   0x0000007c   Code   RO         6126    i.trig_init         trig_task.o
    0x0800adcc   0x0800adcc   0x0000007c   Code   RO         6127    i.trig_motor_pid_cal  trig_task.o
    0x0800ae48   0x0800ae48   0x00000090   Code   RO         6128    i.trig_motor_speed_set  trig_task.o
    0x0800aed8   0x0800aed8   0x00000070   Code   RO         6129    i.trig_task         trig_task.o
    0x0800af48   0x0800af48   0x00000034   Code   RO         6362    i.ui_init           ui_task.o
    0x0800af7c   0x0800af7c   0x00000060   Code   RO         7929    i.ui_proc_1_frame   ui_interface.o
    0x0800afdc   0x0800afdc   0x00000060   Code   RO         7930    i.ui_proc_2_frame   ui_interface.o
    0x0800b03c   0x0800b03c   0x00000040   Code   RO         6363    i.ui_task           ui_task.o
    0x0800b07c   0x0800b07c   0x00000028   Code   RO         4065    i.uxListRemove      list.o
    0x0800b0a4   0x0800b0a4   0x00000018   Code   RO          309    i.vApplicationGetIdleTaskMemory  freertos.o
    0x0800b0bc   0x0800b0bc   0x00000018   Code   RO          310    i.vApplicationGetTimerTaskMemory  freertos.o
    0x0800b0d4   0x0800b0d4   0x0000001a   Code   RO         4066    i.vListInitialise   list.o
    0x0800b0ee   0x0800b0ee   0x00000006   Code   RO         4067    i.vListInitialiseItem  list.o
    0x0800b0f4   0x0800b0f4   0x00000034   Code   RO         4068    i.vListInsert       list.o
    0x0800b128   0x0800b128   0x00000018   Code   RO         4069    i.vListInsertEnd    list.o
    0x0800b140   0x0800b140   0x00000054   Code   RO         5353    i.vPortEnterCritical  port.o
    0x0800b194   0x0800b194   0x0000003c   Code   RO         5354    i.vPortExitCritical  port.o
    0x0800b1d0   0x0800b1d0   0x000000a4   Code   RO         5296    i.vPortFree         heap_4.o
    0x0800b274   0x0800b274   0x00000028   Code   RO         5355    i.vPortSetupTimerInterrupt  port.o
    0x0800b29c   0x0800b29c   0x00000078   Code   RO         5356    i.vPortValidateInterruptPriority  port.o
    0x0800b314   0x0800b314   0x0000002c   Code   RO         4116    i.vQueueAddToRegistry  queue.o
    0x0800b340   0x0800b340   0x0000004a   Code   RO         4119    i.vQueueWaitForMessageRestricted  queue.o
    0x0800b38a   0x0800b38a   0x00000002   PAD
    0x0800b38c   0x0800b38c   0x0000005c   Code   RO         4461    i.vTaskDelay        tasks.o
    0x0800b3e8   0x0800b3e8   0x000000f4   Code   RO         4462    i.vTaskDelete       tasks.o
    0x0800b4dc   0x0800b4dc   0x00000018   Code   RO         4464    i.vTaskInternalSetTimeOutState  tasks.o
    0x0800b4f4   0x0800b4f4   0x0000000c   Code   RO         4465    i.vTaskMissedYield  tasks.o
    0x0800b500   0x0800b500   0x00000038   Code   RO         4467    i.vTaskPlaceOnEventList  tasks.o
    0x0800b538   0x0800b538   0x00000040   Code   RO         4468    i.vTaskPlaceOnEventListRestricted  tasks.o
    0x0800b578   0x0800b578   0x000000b8   Code   RO         4475    i.vTaskStartScheduler  tasks.o
    0x0800b630   0x0800b630   0x00000010   Code   RO         4477    i.vTaskSuspendAll   tasks.o
    0x0800b640   0x0800b640   0x0000008c   Code   RO         4478    i.vTaskSwitchContext  tasks.o
    0x0800b6cc   0x0800b6cc   0x00000054   Code   RO         6275    i.vofa_justfloat    vofa_task.o
    0x0800b720   0x0800b720   0x00000038   Code   RO         6276    i.vofa_task         vofa_task.o
    0x0800b758   0x0800b758   0x00000168   Code   RO         5357    i.xPortStartScheduler  port.o
    0x0800b8c0   0x0800b8c0   0x000000e0   Code   RO         4123    i.xQueueGenericCreateStatic  queue.o
    0x0800b9a0   0x0800b9a0   0x00000098   Code   RO         4124    i.xQueueGenericReset  queue.o
    0x0800ba38   0x0800ba38   0x000001a8   Code   RO         4125    i.xQueueGenericSend  queue.o
    0x0800bbe0   0x0800bbe0   0x000000fc   Code   RO         4126    i.xQueueGenericSendFromISR  queue.o
    0x0800bcdc   0x0800bcdc   0x00000168   Code   RO         4132    i.xQueueReceive     queue.o
    0x0800be44   0x0800be44   0x0000008c   Code   RO         4480    i.xTaskCheckForTimeOut  tasks.o
    0x0800bed0   0x0800bed0   0x00000064   Code   RO         4481    i.xTaskCreate       tasks.o
    0x0800bf34   0x0800bf34   0x000000ba   Code   RO         4482    i.xTaskCreateStatic  tasks.o
    0x0800bfee   0x0800bfee   0x00000002   PAD
    0x0800bff0   0x0800bff0   0x00000020   Code   RO         4486    i.xTaskGetSchedulerState  tasks.o
    0x0800c010   0x0800c010   0x0000000c   Code   RO         4487    i.xTaskGetTickCount  tasks.o
    0x0800c01c   0x0800c01c   0x00000148   Code   RO         4489    i.xTaskIncrementTick  tasks.o
    0x0800c164   0x0800c164   0x000000c8   Code   RO         4492    i.xTaskPriorityDisinherit  tasks.o
    0x0800c22c   0x0800c22c   0x00000098   Code   RO         4494    i.xTaskRemoveFromEventList  tasks.o
    0x0800c2c4   0x0800c2c4   0x00000104   Code   RO         4495    i.xTaskResumeAll    tasks.o
    0x0800c3c8   0x0800c3c8   0x00000078   Code   RO         4786    i.xTimerCreateTimerTask  timers.o
    0x0800c440   0x0800c440   0x00000084   Code   RO         4787    i.xTimerGenericCommand  timers.o
    0x0800c4c4   0x0800c4c4   0x00000038   Code   RO         6364    i.zero_to_one_loop  ui_task.o
    0x0800c4fc   0x0800c4fc   0x00000018   Code   RO         8500    x$fpl$basic         g_wm.l(basic.o)
    0x0800c514   0x0800c514   0x000002c4   Code   RO         8290    x$fpl$d2f           g_wm.l(d2f_clz.o)
    0x0800c7d8   0x0800c7d8   0x0000024c   Code   RO         8292    x$fpl$dadd          g_wm.l(daddsub_clz.o)
    0x0800ca24   0x0800ca24   0x0000037c   Code   RO         8299    x$fpl$ddiv          g_wm.l(ddiv_clz.o)
    0x0800cda0   0x0800cda0   0x000000c8   Code   RO         8642    x$fpl$dfix          g_wm.l(dfix.o)
    0x0800ce68   0x0800ce68   0x0000002e   Code   RO         8503    x$fpl$dflt          g_wm.l(dflt_clz.o)
    0x0800ce96   0x0800ce96   0x0000001a   Code   RO         8504    x$fpl$dfltn         g_wm.l(dflt_clz.o)
    0x0800ceb0   0x0800ceb0   0x00000026   Code   RO         8502    x$fpl$dfltu         g_wm.l(dflt_clz.o)
    0x0800ced6   0x0800ced6   0x00000002   PAD
    0x0800ced8   0x0800ced8   0x000001c0   Code   RO         8302    x$fpl$dmul          g_wm.l(dmul_clz.o)
    0x0800d098   0x0800d098   0x00000102   Code   RO         8510    x$fpl$dnaninf       g_wm.l(dnaninf.o)
    0x0800d19a   0x0800d19a   0x00000070   Code   RO         8512    x$fpl$drenorm       g_wm.l(drenorm_clz.o)
    0x0800d20a   0x0800d20a   0x0000000c   Code   RO         8514    x$fpl$dretinf       g_wm.l(dretinf.o)
    0x0800d216   0x0800d216   0x00000002   PAD
    0x0800d218   0x0800d218   0x00000050   Code   RO         8293    x$fpl$drsb          g_wm.l(daddsub_clz.o)
    0x0800d268   0x0800d268   0x00000208   Code   RO         8516    x$fpl$dsqrt         g_wm.l(dsqrt_umaalclz.o)
    0x0800d470   0x0800d470   0x0000029c   Code   RO         8294    x$fpl$dsub          g_wm.l(daddsub_clz.o)
    0x0800d70c   0x0800d70c   0x0000017a   Code   RO         8518    x$fpl$dunder        g_wm.l(dunder_clz.o)
    0x0800d886   0x0800d886   0x00000002   PAD
    0x0800d888   0x0800d888   0x000001ec   Code   RO         8520    x$fpl$exception     g_wm.l(except.o)
    0x0800da74   0x0800da74   0x0000007a   Code   RO         8304    x$fpl$f2d           g_wm.l(f2d.o)
    0x0800daee   0x0800daee   0x0000009e   Code   RO         8306    x$fpl$ffltll        g_wm.l(ffltll_clz.o)
    0x0800db8c   0x0800db8c   0x000000f2   Code   RO         8522    x$fpl$fnaninf       g_wm.l(fnaninf.o)
    0x0800dc7e   0x0800dc7e   0x0000000a   Code   RO         8646    x$fpl$fpinit        g_wm.l(fpinit.o)
    0x0800dc88   0x0800dc88   0x0000000a   Code   RO         8524    x$fpl$fretinf       g_wm.l(fretinf.o)
    0x0800dc92   0x0800dc92   0x0000013c   Code   RO         8526    x$fpl$funder        g_wm.l(funder_clz.o)
    0x0800ddce   0x0800ddce   0x000000b2   Code   RO         8648    x$fpl$retnan        g_wm.l(retnan.o)
    0x0800de80   0x0800de80   0x0000007e   Code   RO         8528    x$fpl$trapveneer    g_wm.l(trapv.o)
    0x0800defe   0x0800defe   0x00000000   Code   RO         8530    x$fpl$usenofp       g_wm.l(usenofp.o)
    0x0800defe   0x0800defe   0x00000002   PAD
    0x0800df00   0x0800df00   0x000000fc   Data   RO          313    .constdata          freertos.o
    0x0800dffc   0x0800dffc   0x00000008   Data   RO         1591    .constdata          stm32f4xx_hal_dma.o
    0x0800e004   0x0800e004   0x00000018   Data   RO         3929    .constdata          system_stm32f4xx.o
    0x0800e01c   0x0800e01c   0x0000000c   Data   RO         5579    .constdata          chassis_task.o
    0x0800e028   0x0800e028   0x0000000c   Data   RO         5748    .constdata          ins_task.o
    0x0800e034   0x0800e034   0x00000048   Data   RO         5817    .constdata          detect_task.o
    0x0800e07c   0x0800e07c   0x00000024   Data   RO         6131    .constdata          trig_task.o
    0x0800e0a0   0x0800e0a0   0x00000302   Data   RO         7191    .constdata          crc8_crc16.o
    0x0800e3a2   0x0800e3a2   0x00000300   Data   RO         7934    .constdata          ui_interface.o
    0x0800e6a2   0x0800e6a2   0x00000006   PAD
    0x0800e6a8   0x0800e6a8   0x00000030   Data   RO         8532    .constdata          m_wm.l(cos_i.o)
    0x0800e6d8   0x0800e6d8   0x000000c8   Data   RO         8566    .constdata          m_wm.l(rred.o)
    0x0800e7a0   0x0800e7a0   0x00000028   Data   RO         8573    .constdata          m_wm.l(sin_i.o)
    0x0800e7c8   0x0800e7c8   0x00000070   Data   RO          314    .conststring        freertos.o
    0x0800e838   0x0800e838   0x00000020   Data   RO         8795    Region$$Table       anon$$obj.o


    Execution Region RW_IRAM1 (Exec base: 0x20000000, Load base: 0x0800e858, Size: 0x00006020, Max: 0x0001c000, ABSOLUTE, COMPRESSED[0x000000a0])

    Exec Addr    Load Addr    Size         Type   Attr      Idx    E Section Name        Object

    0x20000000   COMPRESSED   0x00000004   Data   RW           17    .data               main.o
    0x20000004   COMPRESSED   0x0000002c   Data   RW          315    .data               freertos.o
    0x20000030   COMPRESSED   0x00000004   Data   RW          421    .data               can.o
    0x20000034   COMPRESSED   0x00000009   Data   RW         2023    .data               stm32f4xx_hal.o
    0x2000003d   COMPRESSED   0x00000003   PAD
    0x20000040   COMPRESSED   0x00000004   Data   RW         3930    .data               system_stm32f4xx.o
    0x20000044   COMPRESSED   0x0000003c   Data   RW         4498    .data               tasks.o
    0x20000080   COMPRESSED   0x00000014   Data   RW         4793    .data               timers.o
    0x20000094   COMPRESSED   0x00000020   Data   RW         5302    .data               heap_4.o
    0x200000b4   COMPRESSED   0x0000000c   Data   RW         5358    .data               port.o
    0x200000c0   COMPRESSED   0x00000002   Data   RW         5432    .data               chassis_behaviour.o
    0x200000c2   COMPRESSED   0x00000001   Data   RW         5515    .data               chassis_power_control.o
    0x200000c3   COMPRESSED   0x00000001   PAD
    0x200000c4   COMPRESSED   0x00000069   Data   RW         5580    .data               chassis_task.o
    0x2000012d   COMPRESSED   0x00000003   PAD
    0x20000130   COMPRESSED   0x00000005   Data   RW         5818    .data               detect_task.o
    0x20000135   COMPRESSED   0x00000001   PAD
    0x20000136   COMPRESSED   0x00000004   Data   RW         5967    .data               test_task.o
    0x2000013a   COMPRESSED   0x00000006   PAD
    0x20000140   COMPRESSED   0x0000001f   Data   RW         6132    .data               trig_task.o
    0x2000015f   COMPRESSED   0x00000001   PAD
    0x20000160   COMPRESSED   0x00000002   Data   RW         6201    .data               remote_control.o
    0x20000162   COMPRESSED   0x00000002   PAD
    0x20000164   COMPRESSED   0x0000000c   Data   RW         6278    .data               vofa_task.o
    0x20000170   COMPRESSED   0x00000002   Data   RW         6322    .data               key_task.o
    0x20000172   COMPRESSED   0x0000000e   Data   RW         6365    .data               ui_task.o
    0x20000180   COMPRESSED   0x00000020   Data   RW         6589    .data               can_receive.o
    0x200001a0   COMPRESSED   0x0000002c   Data   RW         6823    .data               bmi088driver.o
    0x200001cc   COMPRESSED   0x00000014   Data   RW         7424    .data               mahonyahrs.o
    0x200001e0   COMPRESSED   0x00000004   Data   RW         7567    .data               ui_default_aimbot_0.o
    0x200001e4   COMPRESSED   0x00000008   Data   RW         7629    .data               ui_default_cap_0.o
    0x200001ec   COMPRESSED   0x00000008   Data   RW         7672    .data               ui_default_chassisstatus_0.o
    0x200001f4   COMPRESSED   0x00000008   Data   RW         7715    .data               ui_default_fric_0.o
    0x200001fc   COMPRESSED   0x00000008   Data   RW         7758    .data               ui_default_shoot_0.o
    0x20000204   COMPRESSED   0x00000004   Data   RW         7801    .data               ui_default_control_0.o
    0x20000208   COMPRESSED   0x00000008   Data   RW         7887    .data               ui_default_trigmode_0.o
    0x20000210   COMPRESSED   0x00000008   Data   RW         7935    .data               ui_interface.o
    0x20000218        -       0x000006a8   Zero   RW          312    .bss                freertos.o
    0x200008c0        -       0x00000050   Zero   RW          420    .bss                can.o
    0x20000910        -       0x00000118   Zero   RW          492    .bss                spi.o
    0x20000a28        -       0x00000090   Zero   RW          536    .bss                tim.o
    0x20000ab8        -       0x000001ec   Zero   RW          590    .bss                usart.o
    0x20000ca4        -       0x00000048   Zero   RW          802    .bss                stm32f4xx_hal_timebase_tim.o
    0x20000cec        -       0x00000040   Zero   RW         4135    .bss                queue.o
    0x20000d2c        -       0x000000f0   Zero   RW         4497    .bss                tasks.o
    0x20000e1c        -       0x000000e8   Zero   RW         4792    .bss                timers.o
    0x20000f04        -       0x00003c00   Zero   RW         5301    .bss                heap_4.o
    0x20004b04        -       0x0000001c   Zero   RW         5514    .bss                chassis_power_control.o
    0x20004b20        -       0x00000348   Zero   RW         5578    .bss                chassis_task.o
    0x20004e68        -       0x00000020   Zero   RW         5668    .bss                communicate_task.o
    0x20004e88        -       0x000000d0   Zero   RW         5747    .bss                ins_task.o
    0x20004f58        -       0x000001d4   Zero   RW         5816    .bss                detect_task.o
    0x2000512c        -       0x000004f7   Zero   RW         5899    .bss                referee.o
    0x20005623   COMPRESSED   0x00000005   PAD
    0x20005628        -       0x00000198   Zero   RW         6130    .bss                trig_task.o
    0x200057c0        -       0x0000005e   Zero   RW         6200    .bss                remote_control.o
    0x2000581e   COMPRESSED   0x00000002   PAD
    0x20005820        -       0x00000018   Zero   RW         6277    .bss                vofa_task.o
    0x20005838        -       0x00000028   Zero   RW         6321    .bss                key_task.o
    0x20005860        -       0x0000003c   Zero   RW         6588    .bss                can_receive.o
    0x2000589c        -       0x0000001e   Zero   RW         7566    .bss                ui_default_aimbot_0.o
    0x200058ba        -       0x0000002d   Zero   RW         7628    .bss                ui_default_cap_0.o
    0x200058e7        -       0x0000002d   Zero   RW         7671    .bss                ui_default_chassisstatus_0.o
    0x20005914        -       0x0000002d   Zero   RW         7714    .bss                ui_default_fric_0.o
    0x20005941        -       0x0000002d   Zero   RW         7757    .bss                ui_default_shoot_0.o
    0x2000596e        -       0x0000001e   Zero   RW         7800    .bss                ui_default_control_0.o
    0x2000598c        -       0x0000002d   Zero   RW         7886    .bss                ui_default_trigmode_0.o
    0x200059b9   COMPRESSED   0x00000003   PAD
    0x200059bc        -       0x00000060   Zero   RW         8581    .bss                c_w.l(libspace.o)
    0x20005a1c   COMPRESSED   0x00000004   PAD
    0x20005a20        -       0x00000200   Zero   RW            2    HEAP                startup_stm32f407xx.o
    0x20005c20        -       0x00000400   Zero   RW            1    STACK               startup_stm32f407xx.o


    Execution Region RW_IRAM2 (Exec base: 0x2001c000, Load base: 0x0800e8f8, Size: 0x00000000, Max: 0x00004000, ABSOLUTE)

    **** No section assigned to this execution region ****


==============================================================================

Image component sizes


      Code (inc. data)   RO Data    RW Data    ZI Data      Debug   Object Name

      1030         20          0         44          0       6546   bmi088driver.o
       216         28          0          0          0       5048   bmi088middleware.o
        60         18          0          0          0       1499   bsp_buzzer.o
       156         14          0          0          0       1030   bsp_rc.o
       508         36          0          0          0       1855   bsp_usart.o
       532         44          0          4         80       2498   can.o
      1016         86          0         32         60       6980   can_receive.o
       556         34          0          2          0      15441   chassis_behaviour.o
      1204         74          0          1         28      11891   chassis_power_control.o
      3070        140         12        105        840      12698   chassis_task.o
       142          0          0          0          0      23067   cmsis_os.o
       278         22          0          0         32       5270   communicate_task.o
        82          6        770          0          0       2246   crc8_crc16.o
      1312         38         72          5        468       4900   detect_task.o
       152          6          0          0          0        850   dma.o
         0          0          0          0          0      20008   event_groups.o
       312         60        364         44       1704       3711   freertos.o
       276         12          0          0          0       5591   gpio.o
       724         74          0         32      15360       4911   heap_4.o
       766         54         12          0        208       4744   ins_task.o
       354         14          0          2         40       2122   key_task.o
       148          0          0          0          0       3610   list.o
       824         38          0         20          0       2278   mahonyahrs.o
       510         48          0          4          0     746988   main.o
       692         32          0          0          0       4258   pid.o
      1014         92          0         12          0      12129   port.o
      1918         20          0          0         64      17472   queue.o
       652         40          0          0       1271      11077   referee.o
       550         36          0          2         94       6884   remote_control.o
       404         38          0          0        280       1951   spi.o
        64         26        392          0       1536        836   startup_stm32f407xx.o
        96         20          0          9          0       8126   stm32f4xx_hal.o
      2134          6          0          0          0      14459   stm32f4xx_hal_can.o
       252         22          0          0          0      33726   stm32f4xx_hal_cortex.o
      1246         16          8          0          0       5423   stm32f4xx_hal_dma.o
       512         46          0          0          0       2132   stm32f4xx_hal_gpio.o
        84          6          0          0          0        874   stm32f4xx_hal_msp.o
      1888         94          0          0          0       6333   stm32f4xx_hal_rcc.o
      1078         14          0          0          0       4705   stm32f4xx_hal_spi.o
      2548        172          0          0          0      17325   stm32f4xx_hal_tim.o
       184         30          0          0          0       2525   stm32f4xx_hal_tim_ex.o
       180         20          0          0         72       1487   stm32f4xx_hal_timebase_tim.o
      2274         14          0          0          0      11748   stm32f4xx_hal_uart.o
       230         78          0          0          0       9464   stm32f4xx_it.o
         0          0          0          0          0        392   stream_buffer.o
       100         18         24          4          0       1199   system_stm32f4xx.o
      3102        390          0         60        240      28496   tasks.o
        44         10          0          4          0     582754   test_task.o
       492         48          0          0        144       3165   tim.o
      1274        124          0         20        232      30795   timers.o
      1134        124         36         31        408       7599   trig_task.o
       364         12          0          4         30       5965   ui_default_aimbot_0.o
       528         16          0          8         45       2144   ui_default_cap_0.o
       564         18          0          8         45       2354   ui_default_chassisstatus_0.o
       364         12          0          4         30       2118   ui_default_control_0.o
       616         18          0          8         45       2194   ui_default_fric_0.o
       468         12          0          8         45       1548   ui_default_shoot_0.o
       624         18          0          8         45       2266   ui_default_trigmode_0.o
       284         30        768          8          0       3872   ui_interface.o
      1188        142          0         14          0       5612   ui_task.o
       848         86          0          0        492       3425   usart.o
       284          4          0          0          0       4446   user_lib.o
       248         24          0         12         24       3650   vofa_task.o

    ----------------------------------------------------------------------
     44814       2794       2496        536      23972    1762710   Object Totals
         0          0         32          0          0          0   (incl. Generated)
        60          0          6         17         10          0   (incl. Padding)

    ----------------------------------------------------------------------

      Code (inc. data)   RO Data    RW Data    ZI Data      Debug   Library Member Name

        90          0          0          0          0          0   __dczerorl2.o
         8          0          0          0          0         68   __main.o
         0          0          0          0          0          0   __rtentry.o
        12          0          0          0          0          0   __rtentry2.o
         6          0          0          0          0          0   __rtentry4.o
        52          8          0          0          0          0   __scatter.o
        28          0          0          0          0          0   __scatter_zi.o
        48          4          0          0          0         84   _fptrap.o
        22          0          0          0          0        100   _rserrno.o
        10          0          0          0          0         68   defsig_exit.o
       172        110          0          0          0         76   defsig_fpe_inner.o
        14          0          0          0          0         80   defsig_fpe_outer.o
        50          0          0          0          0         88   defsig_general.o
        18          0          0          0          0         80   exit.o
         6          0          0          0          0        152   heapauxi.o
         0          0          0          0          0          0   indicate_semi.o
         2          0          0          0          0          0   libinit.o
         6          0          0          0          0          0   libinit2.o
         2          0          0          0          0          0   libshutdown.o
         2          0          0          0          0          0   libshutdown2.o
         8          4          0          0         96         68   libspace.o
       238          0          0          0          0        100   lludivv7m.o
         8          4          0          0          0         68   rt_errno_addr_intlibspace.o
        78          0          0          0          0         80   rt_memclr_w.o
       138          0          0          0          0         68   rt_memcpy_v6.o
       100          0          0          0          0         80   rt_memcpy_w.o
       132          0          0          0          0         68   rt_memmove_v6.o
       122          0          0          0          0         80   rt_memmove_w.o
         2          0          0          0          0          0   rtexit.o
        10          0          0          0          0          0   rtexit2.o
        12          4          0          0          0         68   sys_exit.o
        74          0          0          0          0         80   sys_stackheap_outer.o
        14          0          0          0          0         76   sys_wrch.o
         2          0          0          0          0         68   use_no_semi.o
        24          0          0          0          0        164   basic.o
       708         16          0          0          0        140   d2f_clz.o
      1336         32          0          0          0        532   daddsub_clz.o
       892        152          0          0          0        292   ddiv_clz.o
       200         16          0          0          0        184   dfix.o
       110          0          0          0          0        348   dflt_clz.o
       448         16          0          0          0        164   dmul_clz.o
       258          4          0          0          0        156   dnaninf.o
       112          0          0          0          0        160   drenorm_clz.o
        12          0          0          0          0        116   dretinf.o
       520         56          0          0          0        180   dsqrt_umaalclz.o
       378          0          0          0          0        168   dunder_clz.o
       492         36          0          0          0        148   except.o
       122          8          0          0          0        132   f2d.o
       158          0          0          0          0        132   ffltll_clz.o
       242          4          0          0          0        144   fnaninf.o
        10          0          0          0          0        116   fpinit.o
        10          0          0          0          0        116   fretinf.o
       316          0          0          0          0        132   funder_clz.o
       178          0          0          0          0        116   retnan.o
       126          0          0          0          0        148   trapv.o
         0          0          0          0          0          0   usenofp.o
       300         42          0          0          0        176   asinf.o
       592         90          0          0          0        184   atan2f.o
       200         20          0          0          0        164   cos.o
       368         46         48          0          0        200   cos_i.o
        84         16          0          0          0        372   dunder.o
        24          0          0          0          0        124   fabs.o
        48          0          0          0          0        124   fpclassify.o
        38          0          0          0          0        116   fpclassifyf.o
        44         12          0          0          0        464   funder.o
       248          0          0          0          0        152   poly.o
      1080        142        200          0          0        188   rred.o
       200         20          0          0          0        164   sin.o
       304         24         40          0          0        208   sin_i.o
       122          0          0          0          0        148   sqrt_full.o
        62          0          0          0          0        136   sqrtf_full.o

    ----------------------------------------------------------------------
     11882        886        288          0        100       8408   Library Totals
        30          0          0          0          4          0   (incl. Padding)

    ----------------------------------------------------------------------

      Code (inc. data)   RO Data    RW Data    ZI Data      Debug   Library Name

      1486        134          0          0         96       1700   c_w.l
      6652        340          0          0          0       3788   g_wm.l
      3714        412        288          0          0       2920   m_wm.l

    ----------------------------------------------------------------------
     11882        886        288          0        100       8408   Library Totals

    ----------------------------------------------------------------------

==============================================================================


      Code (inc. data)   RO Data    RW Data    ZI Data      Debug   

     56696       3680       2784        536      24072    1734434   Grand Totals
     56696       3680       2784        160      24072    1734434   ELF Image Totals (compressed)
     56696       3680       2784        160          0          0   ROM Totals

==============================================================================

    Total RO  Size (Code + RO Data)                59480 (  58.09kB)
    Total RW  Size (RW Data + ZI Data)             24608 (  24.03kB)
    Total ROM Size (Code + RO Data + RW Data)      59640 (  58.24kB)

==============================================================================

